Component: Arm Compiler for Embedded 6.22 Tool: armlink [5ee90200]

==============================================================================

Section Cross References

    startup_stm32f051x8.o(STACK) refers (Special) to heapauxi.o(.text) for __use_two_region_memory
    startup_stm32f051x8.o(HEAP) refers (Special) to heapauxi.o(.text) for __use_two_region_memory
    startup_stm32f051x8.o(RESET) refers (Special) to heapauxi.o(.text) for __use_two_region_memory
    startup_stm32f051x8.o(RESET) refers to startup_stm32f051x8.o(STACK) for __initial_sp
    startup_stm32f051x8.o(RESET) refers to startup_stm32f051x8.o(.text) for Reset_Handler
    startup_stm32f051x8.o(RESET) refers to stm32f0xx_it.o(.text.NMI_Handler) for NMI_Handler
    startup_stm32f051x8.o(RESET) refers to stm32f0xx_it.o(.text.HardFault_Handler) for HardFault_Handler
    startup_stm32f051x8.o(RESET) refers to stm32f0xx_it.o(.text.SVC_Handler) for SVC_Handler
    startup_stm32f051x8.o(RESET) refers to stm32f0xx_it.o(.text.PendSV_Handler) for PendSV_Handler
    startup_stm32f051x8.o(RESET) refers to stm32f0xx_it.o(.text.SysTick_Handler) for SysTick_Handler
    startup_stm32f051x8.o(RESET) refers to stm32f0xx_it.o(.text.USART1_IRQHandler) for USART1_IRQHandler
    startup_stm32f051x8.o(.text) refers (Special) to heapauxi.o(.text) for __use_two_region_memory
    startup_stm32f051x8.o(.text) refers to system_stm32f0xx.o(.text.SystemInit) for SystemInit
    startup_stm32f051x8.o(.text) refers to __main.o(!!!main) for __main
    startup_stm32f051x8.o(.text) refers to startup_stm32f051x8.o(HEAP) for Heap_Mem
    startup_stm32f051x8.o(.text) refers to startup_stm32f051x8.o(STACK) for Stack_Mem
    main.o(.text) refers (Special) to _printf_percent.o(.ARM.Collect$$_printf_percent$$00000000) for _printf_percent
    main.o(.text) refers (Special) to _printf_pad.o(.text) for _printf_pre_padding
    main.o(.text) refers (Special) to _printf_truncate.o(.text) for _printf_truncate_unsigned
    main.o(.text) refers (Special) to _printf_c.o(.ARM.Collect$$_printf_percent$$00000013) for _printf_c
    main.o(.text) refers (Special) to _printf_x.o(.ARM.Collect$$_printf_percent$$0000000C) for _printf_x
    main.o(.text) refers (Special) to _printf_o.o(.ARM.Collect$$_printf_percent$$0000000B) for _printf_o
    main.o(.text) refers (Special) to _printf_i.o(.ARM.Collect$$_printf_percent$$00000008) for _printf_i
    main.o(.text) refers (Special) to _printf_d.o(.ARM.Collect$$_printf_percent$$00000009) for _printf_d
    main.o(.text) refers (Special) to _printf_u.o(.ARM.Collect$$_printf_percent$$0000000A) for _printf_u
    main.o(.text) refers (Special) to _printf_lc.o(.ARM.Collect$$_printf_percent$$00000015) for _printf_lc
    main.o(.text) refers (Special) to _printf_dec.o(.text) for _printf_int_dec
    main.o(.text) refers (Special) to _printf_oct_int.o(.text) for _printf_longlong_oct
    main.o(.text) refers (Special) to _printf_hex_int.o(.text) for _printf_longlong_hex
    main.o(.text) refers (Special) to _printf_str.o(.text) for _printf_str
    main.o(.text) refers (Special) to _printf_wctomb.o(.text) for _printf_wctomb
    main.o(.text.calculateBCC) refers (Special) to _printf_percent.o(.ARM.Collect$$_printf_percent$$00000000) for _printf_percent
    main.o(.text.calculateBCC) refers (Special) to _printf_pad.o(.text) for _printf_pre_padding
    main.o(.text.calculateBCC) refers (Special) to _printf_truncate.o(.text) for _printf_truncate_unsigned
    main.o(.text.calculateBCC) refers (Special) to _printf_c.o(.ARM.Collect$$_printf_percent$$00000013) for _printf_c
    main.o(.text.calculateBCC) refers (Special) to _printf_x.o(.ARM.Collect$$_printf_percent$$0000000C) for _printf_x
    main.o(.text.calculateBCC) refers (Special) to _printf_o.o(.ARM.Collect$$_printf_percent$$0000000B) for _printf_o
    main.o(.text.calculateBCC) refers (Special) to _printf_i.o(.ARM.Collect$$_printf_percent$$00000008) for _printf_i
    main.o(.text.calculateBCC) refers (Special) to _printf_d.o(.ARM.Collect$$_printf_percent$$00000009) for _printf_d
    main.o(.text.calculateBCC) refers (Special) to _printf_u.o(.ARM.Collect$$_printf_percent$$0000000A) for _printf_u
    main.o(.text.calculateBCC) refers (Special) to _printf_lc.o(.ARM.Collect$$_printf_percent$$00000015) for _printf_lc
    main.o(.text.calculateBCC) refers (Special) to _printf_dec.o(.text) for _printf_int_dec
    main.o(.text.calculateBCC) refers (Special) to _printf_oct_int.o(.text) for _printf_longlong_oct
    main.o(.text.calculateBCC) refers (Special) to _printf_hex_int.o(.text) for _printf_longlong_hex
    main.o(.text.calculateBCC) refers (Special) to _printf_str.o(.text) for _printf_str
    main.o(.text.calculateBCC) refers (Special) to _printf_wctomb.o(.text) for _printf_wctomb
    main.o(.text.calculateBCC) refers to __2sprintf.o(.text) for __2sprintf
    main.o(.text.calculateBCC) refers to stm32f0xx_hal_uart.o(.text.HAL_UART_Transmit) for HAL_UART_Transmit
[...]
    Removing stm32f0xx_hal_flash.o(.text.HAL_FLASH_Unlock), (40 bytes).
    Removing stm32f0xx_hal_flash.o(.ARM.exidx.text.HAL_FLASH_Unlock), (8 bytes).
    Removing stm32f0xx_hal_flash.o(.text.HAL_FLASH_Lock), (20 bytes).
    Removing stm32f0xx_hal_flash.o(.ARM.exidx.text.HAL_FLASH_Lock), (8 bytes).
    Removing stm32f0xx_hal_flash.o(.text.HAL_FLASH_OB_Unlock), (36 bytes).
    Removing stm32f0xx_hal_flash.o(.ARM.exidx.text.HAL_FLASH_OB_Unlock), (8 bytes).
    Removing stm32f0xx_hal_flash.o(.text.HAL_FLASH_OB_Lock), (20 bytes).
    Removing stm32f0xx_hal_flash.o(.ARM.exidx.text.HAL_FLASH_OB_Lock), (8 bytes).
    Removing stm32f0xx_hal_flash.o(.text.HAL_FLASH_OB_Launch), (152 bytes).
    Removing stm32f0xx_hal_flash.o(.ARM.exidx.text.HAL_FLASH_OB_Launch), (8 bytes).
    Removing stm32f0xx_hal_flash.o(.text.HAL_FLASH_GetError), (12 bytes).
    Removing stm32f0xx_hal_flash.o(.ARM.exidx.text.HAL_FLASH_GetError), (8 bytes).
    Removing stm32f0xx_hal_flash.o(.bss.pFlash), (32 bytes).
    Removing stm32f0xx_hal_flash_ex.o(.text), (0 bytes).
    Removing stm32f0xx_hal_flash_ex.o(.text.HAL_FLASHEx_Erase), (236 bytes).
    Removing stm32f0xx_hal_flash_ex.o(.ARM.exidx.text.HAL_FLASHEx_Erase), (8 bytes).
    Removing stm32f0xx_hal_flash_ex.o(.text.FLASH_PageErase), (36 bytes).
    Removing stm32f0xx_hal_flash_ex.o(.ARM.exidx.text.FLASH_PageErase), (8 bytes).
    Removing stm32f0xx_hal_flash_ex.o(.text.HAL_FLASHEx_Erase_IT), (112 bytes).
    Removing stm32f0xx_hal_flash_ex.o(.ARM.exidx.text.HAL_FLASHEx_Erase_IT), (8 bytes).
    Removing stm32f0xx_hal_flash_ex.o(.text.HAL_FLASHEx_OBErase), (184 bytes).
    Removing stm32f0xx_hal_flash_ex.o(.ARM.exidx.text.HAL_FLASHEx_OBErase), (8 bytes).
    Removing stm32f0xx_hal_flash_ex.o(.text.HAL_FLASHEx_OBProgram), (480 bytes).
    Removing stm32f0xx_hal_flash_ex.o(.ARM.exidx.text.HAL_FLASHEx_OBProgram), (8 bytes).
    Removing stm32f0xx_hal_flash_ex.o(.text.HAL_FLASHEx_OBGetConfig), (56 bytes).
    Removing stm32f0xx_hal_flash_ex.o(.ARM.exidx.text.HAL_FLASHEx_OBGetConfig), (8 bytes).
    Removing stm32f0xx_hal_flash_ex.o(.text.HAL_FLASHEx_OBGetUserData), (28 bytes).
    Removing stm32f0xx_hal_flash_ex.o(.ARM.exidx.text.HAL_FLASHEx_OBGetUserData), (8 bytes).
    Removing stm32f0xx_hal_exti.o(.text), (0 bytes).
    Removing stm32f0xx_hal_exti.o(.text.HAL_EXTI_SetConfigLine), (160 bytes).
    Removing stm32f0xx_hal_exti.o(.ARM.exidx.text.HAL_EXTI_SetConfigLine), (8 bytes).
    Removing stm32f0xx_hal_exti.o(.text.HAL_EXTI_GetConfigLine), (128 bytes).
    Removing stm32f0xx_hal_exti.o(.ARM.exidx.text.HAL_EXTI_GetConfigLine), (8 bytes).
    Removing stm32f0xx_hal_exti.o(.text.HAL_EXTI_ClearConfigLine), (96 bytes).
    Removing stm32f0xx_hal_exti.o(.ARM.exidx.text.HAL_EXTI_ClearConfigLine), (8 bytes).
    Removing stm32f0xx_hal_exti.o(.text.HAL_EXTI_RegisterCallback), (14 bytes).
    Removing stm32f0xx_hal_exti.o(.ARM.exidx.text.HAL_EXTI_RegisterCallback), (8 bytes).
    Removing stm32f0xx_hal_exti.o(.text.HAL_EXTI_GetHandle), (14 bytes).
    Removing stm32f0xx_hal_exti.o(.ARM.exidx.text.HAL_EXTI_GetHandle), (8 bytes).
    Removing stm32f0xx_hal_exti.o(.text.HAL_EXTI_IRQHandler), (36 bytes).
    Removing stm32f0xx_hal_exti.o(.ARM.exidx.text.HAL_EXTI_IRQHandler), (8 bytes).
    Removing stm32f0xx_hal_exti.o(.text.HAL_EXTI_GetPending), (24 bytes).
    Removing stm32f0xx_hal_exti.o(.ARM.exidx.text.HAL_EXTI_GetPending), (8 bytes).
    Removing stm32f0xx_hal_exti.o(.text.HAL_EXTI_ClearPending), (20 bytes).
    Removing stm32f0xx_hal_exti.o(.ARM.exidx.text.HAL_EXTI_ClearPending), (8 bytes).
    Removing stm32f0xx_hal_exti.o(.text.HAL_EXTI_GenerateSWI), (20 bytes).
    Removing stm32f0xx_hal_exti.o(.ARM.exidx.text.HAL_EXTI_GenerateSWI), (8 bytes).
    Removing system_stm32f0xx.o(.text), (0 bytes).
    Removing system_stm32f0xx.o(.ARM.exidx.text.SystemInit), (8 bytes).
    Removing system_stm32f0xx.o(.text.SystemCoreClockUpdate), (92 bytes).
    Removing system_stm32f0xx.o(.ARM.exidx.text.SystemCoreClockUpdate), (8 bytes).

548 unused section(s) (total 30974 bytes) removed from the image.

==============================================================================

Image Symbol Table

    Local Symbols

    Symbol Name                              Value     Ov Type        Size  Object(Section)

    ../clib/angel/boardlib.s                 0x00000000   Number         0  boardinit1.o ABSOLUTE
    ../clib/angel/boardlib.s                 0x00000000   Number         0  boardinit2.o ABSOLUTE
    ../clib/angel/boardlib.s                 0x00000000   Number         0  boardinit3.o ABSOLUTE
    ../clib/angel/boardlib.s                 0x00000000   Number         0  boardshut.o ABSOLUTE
    ../clib/angel/handlers.s                 0x00000000   Number         0  __scatter_copy.o ABSOLUTE
    ../clib/angel/handlers.s                 0x00000000   Number         0  __scatter_zi.o ABSOLUTE
    ../clib/angel/kernel.s                   0x00000000   Number         0  __rtentry.o ABSOLUTE
    ../clib/angel/kernel.s                   0x00000000   Number         0  __rtentry2.o ABSOLUTE
    ../clib/angel/kernel.s                   0x00000000   Number         0  __rtentry4.o ABSOLUTE
    ../clib/angel/kernel.s                   0x00000000   Number         0  rtexit.o ABSOLUTE
    ../clib/angel/kernel.s                   0x00000000   Number         0  rtexit2.o ABSOLUTE
    ../clib/angel/rt.s                       0x00000000   Number         0  aeabi_idiv0.o ABSOLUTE
    ../clib/angel/rt.s                       0x00000000   Number         0  aeabi_idiv0_sigfpe.o ABSOLUTE
    ../clib/angel/rt.s                       0x00000000   Number         0  rt_ctype_table.o ABSOLUTE
    ../clib/angel/rt.s                       0x00000000   Number         0  rt_div0.o ABSOLUTE
    ../clib/angel/rt.s                       0x00000000   Number         0  rt_locale.o ABSOLUTE
    ../clib/angel/rt.s                       0x00000000   Number         0  rt_locale_intlibspace.o ABSOLUTE
    ../clib/angel/rt.s                       0x00000000   Number         0  rt_raise.o ABSOLUTE
    ../clib/angel/scatterp.s                 0x00000000   Number         0  __scatter.o ABSOLUTE
    ../clib/angel/startup.s                  0x00000000   Number         0  __main.o ABSOLUTE
    ../clib/angel/sys.s                      0x00000000   Number         0  sys_stackheap_outer.o ABSOLUTE
    ../clib/angel/sys.s                      0x00000000   Number         0  libspace.o ABSOLUTE
    ../clib/angel/sys.s                      0x00000000   Number         0  tempstk.o ABSOLUTE
    ../clib/angel/sys.s                      0x00000000   Number         0  use_no_semi.o ABSOLUTE
    ../clib/angel/sys.s                      0x00000000   Number         0  indicate_semi.o ABSOLUTE
    ../clib/angel/sysapp.c                   0x00000000   Number         0  sys_exit.o ABSOLUTE
    ../clib/angel/sysapp.c                   0x00000000   Number         0  sys_exit_hlt.o ABSOLUTE
    ../clib/angel/sysapp.c                   0x00000000   Number         0  sys_wrch.o ABSOLUTE
    ../clib/angel/sysapp.c                   0x00000000   Number         0  sys_wrch_hlt.o ABSOLUTE
    ../clib/angel/sysapp.c                   0x00000000   Number         0  sys_command.o ABSOLUTE
    ../clib/angel/sysapp.c                   0x00000000   Number         0  sys_command_hlt.o ABSOLUTE
    ../clib/armsys.c                         0x00000000   Number         0  argv_veneer.o ABSOLUTE
    ../clib/armsys.c                         0x00000000   Number         0  _get_argv_nomalloc.o ABSOLUTE
    ../clib/armsys.c                         0x00000000   Number         0  no_argv.o ABSOLUTE
    ../clib/division.c                       0x00000000   Number         0  rtudiv10.o ABSOLUTE
    ../clib/division.s                       0x00000000   Number         0  aeabi_sdivfast.o ABSOLUTE
    ../clib/division.s                       0x00000000   Number         0  aeabi_sdivfast_div0.o ABSOLUTE
    ../clib/heapalloc.c                      0x00000000   Number         0  hrguard.o ABSOLUTE
    ../clib/heapaux.c                        0x00000000   Number         0  heapauxi.o ABSOLUTE
    ../clib/libinit.s                        0x00000000   Number         0  libinit.o ABSOLUTE
    ../clib/libinit.s                        0x00000000   Number         0  libinit2.o ABSOLUTE
    ../clib/libinit.s                        0x00000000   Number         0  libshutdown.o ABSOLUTE
    ../clib/libinit.s                        0x00000000   Number         0  libshutdown2.o ABSOLUTE
    ../clib/locale.c                         0x00000000   Number         0  _c16rtomb.o ABSOLUTE
    ../clib/locale.s                         0x00000000   Number         0  lc_ctype_c.o ABSOLUTE
    ../clib/memcpset.c                       0x00000000   Number         0  rt_memclr.o ABSOLUTE
    ../clib/memcpset.s                       0x00000000   Number         0  strcmpv6m.o ABSOLUTE
    ../clib/misc.s                           0x00000000   Number         0  printf_stubs.o ABSOLUTE
    ../clib/printf.c                         0x00000000   Number         0  __2sprintf.o ABSOLUTE
    ../clib/printf.c                         0x00000000   Number         0  noretval__2sprintf.o ABSOLUTE
    ../clib/printf.c                         0x00000000   Number         0  __printf.o ABSOLUTE
    ../clib/printf.c                         0x00000000   Number         0  _printf_pad.o ABSOLUTE
    ../clib/printf.c                         0x00000000   Number         0  _printf_truncate.o ABSOLUTE
    ../clib/printf.c                         0x00000000   Number         0  _printf_str.o ABSOLUTE
    ../clib/printf.c                         0x00000000   Number         0  _printf_dec.o ABSOLUTE
    ../clib/printf.c                         0x00000000   Number         0  _printf_wctomb.o ABSOLUTE
    ../clib/printf.c                         0x00000000   Number         0  _printf_oct_ll.o ABSOLUTE
    ../clib/printf.c                         0x00000000   Number         0  _printf_oct_int.o ABSOLUTE
    ../clib/printf.c                         0x00000000   Number         0  _printf_oct_int_ll.o ABSOLUTE
    ../clib/printf.c                         0x00000000   Number         0  _printf_hex_ll.o ABSOLUTE
    ../clib/printf.c                         0x00000000   Number         0  _printf_hex_int.o ABSOLUTE
    ../clib/printf.c                         0x00000000   Number         0  _printf_hex_int_ll.o ABSOLUTE
    ../clib/printf.c                         0x00000000   Number         0  _printf_hex_ptr.o ABSOLUTE
    ../clib/printf.c                         0x00000000   Number         0  _printf_hex_int_ptr.o ABSOLUTE
    ../clib/printf.c                         0x00000000   Number         0  _printf_hex_ll_ptr.o ABSOLUTE
    ../clib/printf.c                         0x00000000   Number         0  _printf_hex_int_ll_ptr.o ABSOLUTE
    ../clib/printf.c                         0x00000000   Number         0  __printf_flags.o ABSOLUTE
    ../clib/printf.c                         0x00000000   Number         0  __printf_ss.o ABSOLUTE
    ../clib/printf.c                         0x00000000   Number         0  __printf_flags_ss.o ABSOLUTE
    ../clib/printf.c                         0x00000000   Number         0  __printf_wp.o ABSOLUTE
    ../clib/printf.c                         0x00000000   Number         0  __printf_flags_wp.o ABSOLUTE
    ../clib/printf.c                         0x00000000   Number         0  __printf_ss_wp.o ABSOLUTE
    ../clib/printf.c                         0x00000000   Number         0  __printf_flags_ss_wp.o ABSOLUTE
    ../clib/printf.c                         0x00000000   Number         0  _printf_intcommon.o ABSOLUTE
    ../clib/printf.c                         0x00000000   Number         0  _printf_char_common.o ABSOLUTE
    ../clib/printf.c                         0x00000000   Number         0  _sputc.o ABSOLUTE
    ../clib/printf.c                         0x00000000   Number         0  _printf_char.o ABSOLUTE
    ../clib/printf.c                         0x00000000   Number         0  _printf_wchar.o ABSOLUTE
    ../clib/printf.c                         0x00000000   Number         0  __printf_nopercent.o ABSOLUTE
    ../clib/printf_percent.s                 0x00000000   Number         0  _printf_c.o ABSOLUTE
    ../clib/printf_percent.s                 0x00000000   Number         0  _printf_x.o ABSOLUTE
    ../clib/printf_percent.s                 0x00000000   Number         0  _printf_o.o ABSOLUTE
    ../clib/printf_percent.s                 0x00000000   Number         0  _printf_i.o ABSOLUTE
    ../clib/printf_percent.s                 0x00000000   Number         0  _printf_d.o ABSOLUTE
    ../clib/printf_percent.s                 0x00000000   Number         0  _printf_u.o ABSOLUTE
    ../clib/printf_percent.s                 0x00000000   Number         0  _printf_percent.o ABSOLUTE
    ../clib/printf_percent.s                 0x00000000   Number         0  _printf_lc.o ABSOLUTE
    ../clib/printf_percent.s                 0x00000000   Number         0  _printf_percent_end.o ABSOLUTE
    ../clib/printf_percent.s                 0x00000000   Number         0  _printf_l.o ABSOLUTE
    ../clib/signal.c                         0x00000000   Number         0  defsig_fpe_outer.o ABSOLUTE
    ../clib/signal.c                         0x00000000   Number         0  defsig_fpe_formal.o ABSOLUTE
    ../clib/signal.c                         0x00000000   Number         0  defsig_exit.o ABSOLUTE
    ../clib/signal.c                         0x00000000   Number         0  defsig_fpe_inner.o ABSOLUTE
    ../clib/signal.c                         0x00000000   Number         0  __raise.o ABSOLUTE
    ../clib/signal.c                         0x00000000   Number         0  defsig_general.o ABSOLUTE
    ../clib/signal.c                         0x00000000   Number         0  defsig_abrt_inner.o ABSOLUTE
    ../clib/signal.c                         0x00000000   Number         0  defsig_rtred_inner.o ABSOLUTE
    ../clib/signal.c                         0x00000000   Number         0  defsig_rtmem_inner.o ABSOLUTE
    ../clib/signal.c                         0x00000000   Number         0  defsig_rtmem_outer.o ABSOLUTE
    ../clib/signal.c                         0x00000000   Number         0  defsig_rtmem_formal.o ABSOLUTE
    ../clib/signal.c                         0x00000000   Number         0  defsig_stak_inner.o ABSOLUTE
    ../clib/signal.c                         0x00000000   Number         0  defsig_pvfn_inner.o ABSOLUTE
    ../clib/signal.c                         0x00000000   Number         0  defsig_cppl_inner.o ABSOLUTE
    ../clib/signal.c                         0x00000000   Number         0  defsig_segv_inner.o ABSOLUTE
    ../clib/signal.c                         0x00000000   Number         0  defsig_other.o ABSOLUTE
    ../clib/signal.s                         0x00000000   Number         0  defsig.o ABSOLUTE
    ../clib/stdlib.c                         0x00000000   Number         0  exit.o ABSOLUTE
    ../fplib/cfplib/fpinit.c                 0x00000000   Number         0  fpinit.o ABSOLUTE
    dc.s                                     0x00000000   Number         0  dc.o ABSOLUTE
    main.c                                   0x00000000   Number         0  main.o ABSOLUTE
    startup_stm32f051x8.s                    0x00000000   Number         0  startup_stm32f051x8.o ABSOLUTE
    stm32f0xx_hal.c                          0x00000000   Number         0  stm32f0xx_hal.o ABSOLUTE
    stm32f0xx_hal_cortex.c                   0x00000000   Number         0  stm32f0xx_hal_cortex.o ABSOLUTE
    stm32f0xx_hal_dma.c                      0x00000000   Number         0  stm32f0xx_hal_dma.o ABSOLUTE
    stm32f0xx_hal_exti.c                     0x00000000   Number         0  stm32f0xx_hal_exti.o ABSOLUTE
    stm32f0xx_hal_flash.c                    0x00000000   Number         0  stm32f0xx_hal_flash.o ABSOLUTE
    stm32f0xx_hal_flash_ex.c                 0x00000000   Number         0  stm32f0xx_hal_flash_ex.o ABSOLUTE
    stm32f0xx_hal_gpio.c                     0x00000000   Number         0  stm32f0xx_hal_gpio.o ABSOLUTE
    stm32f0xx_hal_i2c.c                      0x00000000   Number         0  stm32f0xx_hal_i2c.o ABSOLUTE
    stm32f0xx_hal_i2c_ex.c                   0x00000000   Number         0  stm32f0xx_hal_i2c_ex.o ABSOLUTE
    stm32f0xx_hal_msp.c                      0x00000000   Number         0  stm32f0xx_hal_msp.o ABSOLUTE
    stm32f0xx_hal_pwr.c                      0x00000000   Number         0  stm32f0xx_hal_pwr.o ABSOLUTE
    stm32f0xx_hal_pwr_ex.c                   0x00000000   Number         0  stm32f0xx_hal_pwr_ex.o ABSOLUTE
    stm32f0xx_hal_rcc.c                      0x00000000   Number         0  stm32f0xx_hal_rcc.o ABSOLUTE
    stm32f0xx_hal_rcc_ex.c                   0x00000000   Number         0  stm32f0xx_hal_rcc_ex.o ABSOLUTE
    stm32f0xx_hal_uart.c                     0x00000000   Number         0  stm32f0xx_hal_uart.o ABSOLUTE
    stm32f0xx_hal_uart_ex.c                  0x00000000   Number         0  stm32f0xx_hal_uart_ex.o ABSOLUTE
    stm32f0xx_it.c                           0x00000000   Number         0  stm32f0xx_it.o ABSOLUTE
    system_stm32f0xx.c                       0x00000000   Number         0  system_stm32f0xx.o ABSOLUTE
    RESET                                    0x08000000   Section      188  startup_stm32f051x8.o(RESET)
    !!!main                                  0x080000bc   Section        8  __main.o(!!!main)
    !!!scatter                               0x080000c4   Section       84  __scatter.o(!!!scatter)
    !!handler_copy                           0x08000118   Section       26  __scatter_copy.o(!!handler_copy)
    !!handler_null                           0x08000134   Section        2  __scatter.o(!!handler_null)
    !!handler_zi                             0x08000138   Section       28  __scatter_zi.o(!!handler_zi)
    .ARM.Collect$$_printf_percent$$00000000  0x08000154   Section        2  _printf_percent.o(.ARM.Collect$$_printf_percent$$00000000)
    .ARM.Collect$$_printf_percent$$00000008  0x08000156   Section       10  _printf_i.o(.ARM.Collect$$_printf_percent$$00000008)
    .ARM.Collect$$_printf_percent$$00000009  0x08000160   Section       10  _printf_d.o(.ARM.Collect$$_printf_percent$$00000009)
    .ARM.Collect$$_printf_percent$$0000000A  0x0800016a   Section       10  _printf_u.o(.ARM.Collect$$_printf_percent$$0000000A)
    .ARM.Collect$$_printf_percent$$0000000B  0x08000174   Section       10  _printf_o.o(.ARM.Collect$$_printf_percent$$0000000B)
    .ARM.Collect$$_printf_percent$$0000000C  0x0800017e   Section       10  _printf_x.o(.ARM.Collect$$_printf_percent$$0000000C)
    .ARM.Collect$$_printf_percent$$00000012  0x08000188   Section       10  _printf_l.o(.ARM.Collect$$_printf_percent$$00000012)
    .ARM.Collect$$_printf_percent$$00000013  0x08000192   Section       10  _printf_c.o(.ARM.Collect$$_printf_percent$$00000013)
    .ARM.Collect$$_printf_percent$$00000015  0x0800019c   Section       10  _printf_lc.o(.ARM.Collect$$_printf_percent$$00000015)
    .ARM.Collect$$_printf_percent$$00000017  0x080001a6   Section        4  _printf_percent_end.o(.ARM.Collect$$_printf_percent$$00000017)
    .ARM.Collect$$libinit$$00000000          0x080001aa   Section        2  libinit.o(.ARM.Collect$$libinit$$00000000)
    .ARM.Collect$$libinit$$00000002          0x080001ac   Section        0  libinit2.o(.ARM.Collect$$libinit$$00000002)
    .ARM.Collect$$libinit$$00000004          0x080001ac   Section        0  libinit2.o(.ARM.Collect$$libinit$$00000004)
    .ARM.Collect$$libinit$$00000006          0x080001ac   Section        0  libinit2.o(.ARM.Collect$$libinit$$00000006)
    .ARM.Collect$$libinit$$0000000C          0x080001ac   Section        0  libinit2.o(.ARM.Collect$$libinit$$0000000C)
    .ARM.Collect$$libinit$$0000000E          0x080001ac   Section        0  libinit2.o(.ARM.Collect$$libinit$$0000000E)
    .ARM.Collect$$libinit$$00000010          0x080001ac   Section        0  libinit2.o(.ARM.Collect$$libinit$$00000010)
    .ARM.Collect$$libinit$$00000011          0x080001ac   Section        6  libinit2.o(.ARM.Collect$$libinit$$00000011)
    .ARM.Collect$$libinit$$00000013          0x080001b2   Section        0  libinit2.o(.ARM.Collect$$libinit$$00000013)
    .ARM.Collect$$libinit$$00000014          0x080001b2   Section       12  libinit2.o(.ARM.Collect$$libinit$$00000014)
    .ARM.Collect$$libinit$$00000015          0x080001be   Section        0  libinit2.o(.ARM.Collect$$libinit$$00000015)
    .ARM.Collect$$libinit$$00000017          0x080001be   Section        0  libinit2.o(.ARM.Collect$$libinit$$00000017)
    .ARM.Collect$$libinit$$00000019          0x080001be   Section        0  libinit2.o(.ARM.Collect$$libinit$$00000019)
    .ARM.Collect$$libinit$$0000001B          0x080001be   Section        0  libinit2.o(.ARM.Collect$$libinit$$0000001B)
    .ARM.Collect$$libinit$$0000001D          0x080001be   Section        0  libinit2.o(.ARM.Collect$$libinit$$0000001D)
    .ARM.Collect$$libinit$$0000001F          0x080001be   Section        0  libinit2.o(.ARM.Collect$$libinit$$0000001F)
    .ARM.Collect$$libinit$$00000021          0x080001be   Section        0  libinit2.o(.ARM.Collect$$libinit$$00000021)
    .ARM.Collect$$libinit$$00000023          0x080001be   Section        0  libinit2.o(.ARM.Collect$$libinit$$00000023)
    .ARM.Collect$$libinit$$00000025          0x080001be   Section        0  libinit2.o(.ARM.Collect$$libinit$$00000025)
    .ARM.Collect$$libinit$$00000027          0x080001be   Section        0  libinit2.o(.ARM.Collect$$libinit$$00000027)
    .ARM.Collect$$libinit$$0000002E          0x080001be   Section        0  libinit2.o(.ARM.Collect$$libinit$$0000002E)
    .ARM.Collect$$libinit$$00000030          0x080001be   Section        0  libinit2.o(.ARM.Collect$$libinit$$00000030)
    .ARM.Collect$$libinit$$00000032          0x080001be   Section        0  libinit2.o(.ARM.Collect$$libinit$$00000032)
    .ARM.Collect$$libinit$$00000034          0x080001be   Section        0  libinit2.o(.ARM.Collect$$libinit$$00000034)
    .ARM.Collect$$libinit$$00000035          0x080001be   Section        2  libinit2.o(.ARM.Collect$$libinit$$00000035)
    .ARM.Collect$$libshutdown$$00000000      0x080001c0   Section        2  libshutdown.o(.ARM.Collect$$libshutdown$$00000000)
    .ARM.Collect$$libshutdown$$00000002      0x080001c2   Section        0  libshutdown2.o(.ARM.Collect$$libshutdown$$00000002)
    .ARM.Collect$$libshutdown$$00000004      0x080001c2   Section        0  libshutdown2.o(.ARM.Collect$$libshutdown$$00000004)
    .ARM.Collect$$libshutdown$$00000007      0x080001c2   Section        0  libshutdown2.o(.ARM.Collect$$libshutdown$$00000007)
    .ARM.Collect$$libshutdown$$0000000A      0x080001c2   Section        0  libshutdown2.o(.ARM.Collect$$libshutdown$$0000000A)
    .ARM.Collect$$libshutdown$$0000000C      0x080001c2   Section        0  libshutdown2.o(.ARM.Collect$$libshutdown$$0000000C)
    .ARM.Collect$$libshutdown$$0000000F      0x080001c2   Section        0  libshutdown2.o(.ARM.Collect$$libshutdown$$0000000F)
    .ARM.Collect$$libshutdown$$00000010      0x080001c2   Section        2  libshutdown2.o(.ARM.Collect$$libshutdown$$00000010)
    .ARM.Collect$$rtentry$$00000000          0x080001c4   Section        0  __rtentry.o(.ARM.Collect$$rtentry$$00000000)
    .ARM.Collect$$rtentry$$00000002          0x080001c4   Section        0  __rtentry2.o(.ARM.Collect$$rtentry$$00000002)
    .ARM.Collect$$rtentry$$00000004          0x080001c4   Section        6  __rtentry4.o(.ARM.Collect$$rtentry$$00000004)
    .ARM.Collect$$rtentry$$00000009          0x080001ca   Section        0  __rtentry2.o(.ARM.Collect$$rtentry$$00000009)
    .ARM.Collect$$rtentry$$0000000A          0x080001ca   Section        4  __rtentry2.o(.ARM.Collect$$rtentry$$0000000A)
    .ARM.Collect$$rtentry$$0000000C          0x080001ce   Section        0  __rtentry2.o(.ARM.Collect$$rtentry$$0000000C)
    .ARM.Collect$$rtentry$$0000000D          0x080001ce   Section        8  __rtentry2.o(.ARM.Collect$$rtentry$$0000000D)
    .ARM.Collect$$rtexit$$00000000           0x080001d6   Section        2  rtexit.o(.ARM.Collect$$rtexit$$00000000)
    .ARM.Collect$$rtexit$$00000002           0x080001d8   Section        0  rtexit2.o(.ARM.Collect$$rtexit$$00000002)
    .ARM.Collect$$rtexit$$00000003           0x080001d8   Section        4  rtexit2.o(.ARM.Collect$$rtexit$$00000003)
    .ARM.Collect$$rtexit$$00000004           0x080001dc   Section        6  rtexit2.o(.ARM.Collect$$rtexit$$00000004)
    .text                                    0x080001e4   Section       56  startup_stm32f051x8.o(.text)
    .text                                    0x0800021c   Section        0  __2sprintf.o(.text)
    .text                                    0x08000248   Section        0  _printf_pad.o(.text)
    .text                                    0x08000296   Section        0  _printf_truncate.o(.text)
    .text                                    0x080002ba   Section        0  _printf_str.o(.text)
    .text                                    0x0800030c   Section        0  _printf_dec.o(.text)
    .text                                    0x08000378   Section        0  _printf_wctomb.o(.text)
    .text                                    0x08000434   Section        0  _printf_oct_int.o(.text)
    .text                                    0x08000484   Section        0  _printf_hex_int.o(.text)
    .text                                    0x080004dc   Section        0  __printf_flags_ss_wp.o(.text)
    .text                                    0x08000664   Section        0  rt_memclr.o(.text)
    .text                                    0x080006a4   Section        0  heapauxi.o(.text)
    .text                                    0x080006aa   Section        0  _printf_intcommon.o(.text)
    _printf_input_char                       0x0800075d   Thumb Code    10  _printf_char_common.o(.text)
    .text                                    0x0800075c   Section        0  _printf_char_common.o(.text)
    .text                                    0x0800078c   Section        0  _sputc.o(.text)
    .text                                    0x08000796   Section        0  _printf_char.o(.text)
    .text                                    0x080007c4   Section        0  _printf_wchar.o(.text)
    .text                                    0x080007f2   Section        0  _c16rtomb.o(.text)
    .text                                    0x08000834   Section        0  rtudiv10.o(.text)
    .text                                    0x0800085c   Section       16  rt_ctype_table.o(.text)
    .text                                    0x0800086c   Section       62  sys_stackheap_outer.o(.text)
    .text                                    0x080008ac   Section        8  rt_locale_intlibspace.o(.text)
    .text                                    0x080008b4   Section        0  exit.o(.text)
    .text                                    0x080008c4   Section        8  libspace.o(.text)
    .text                                    0x080008cc   Section      176  strcmpv6m.o(.text)
    .text                                    0x0800097c   Section        0  sys_exit.o(.text)
    .text                                    0x08000988   Section        2  use_no_semi.o(.text)
    [Anonymous Symbol]                       0x0800098a   Section        0  stm32f0xx_hal_dma.o(.text.HAL_DMA_Abort)
    .text                                    0x0800098a   Section        0  indicate_semi.o(.text)
    [Anonymous Symbol]                       0x080009c8   Section        0  stm32f0xx_hal_dma.o(.text.HAL_DMA_Abort_IT)
    [Anonymous Symbol]                       0x08000a0c   Section        0  stm32f0xx_hal_gpio.o(.text.HAL_GPIO_Init)
    __arm_cp.0_0                             0x08000bb8   Number         4  stm32f0xx_hal_gpio.o(.text.HAL_GPIO_Init)
    __arm_cp.0_1                             0x08000bbc   Number         4  stm32f0xx_hal_gpio.o(.text.HAL_GPIO_Init)
    __arm_cp.0_3                             0x08000bc0   Number         4  stm32f0xx_hal_gpio.o(.text.HAL_GPIO_Init)
    __arm_cp.0_4                             0x08000bc4   Number         4  stm32f0xx_hal_gpio.o(.text.HAL_GPIO_Init)
    __arm_cp.0_5                             0x08000bc8   Number         4  stm32f0xx_hal_gpio.o(.text.HAL_GPIO_Init)
    [Anonymous Symbol]                       0x08000bcc   Section        0  stm32f0xx_hal.o(.text.HAL_GetTick)
    [Anonymous Symbol]                       0x08000bd4   Section        0  stm32f0xx_hal.o(.text.HAL_IncTick)
    __arm_cp.5_1                             0x08000be4   Number         4  stm32f0xx_hal.o(.text.HAL_IncTick)
    [Anonymous Symbol]                       0x08000be8   Section        0  stm32f0xx_hal.o(.text.HAL_Init)
    [Anonymous Symbol]                       0x08000c04   Section        0  stm32f0xx_hal.o(.text.HAL_InitTick)
    __arm_cp.1_0                             0x08000c40   Number         4  stm32f0xx_hal.o(.text.HAL_InitTick)
    [Anonymous Symbol]                       0x08000c44   Section        0  stm32f0xx_hal_msp.o(.text.HAL_MspInit)
    __arm_cp.0_0                             0x08000c6c   Number         4  stm32f0xx_hal_msp.o(.text.HAL_MspInit)
    [Anonymous Symbol]                       0x08000c70   Section        0  stm32f0xx_hal_cortex.o(.text.HAL_NVIC_EnableIRQ)
    __arm_cp.1_0                             0x08000c84   Number         4  stm32f0xx_hal_cortex.o(.text.HAL_NVIC_EnableIRQ)
    [Anonymous Symbol]                       0x08000c88   Section        0  stm32f0xx_hal_cortex.o(.text.HAL_NVIC_SetPriority)
    __arm_cp.0_0                             0x08000cb8   Number         4  stm32f0xx_hal_cortex.o(.text.HAL_NVIC_SetPriority)
    __arm_cp.0_1                             0x08000cbc   Number         4  stm32f0xx_hal_cortex.o(.text.HAL_NVIC_SetPriority)
    [Anonymous Symbol]                       0x08000cc0   Section        0  stm32f0xx_hal_rcc_ex.o(.text.HAL_RCCEx_PeriphCLKConfig)
    __arm_cp.0_0                             0x08000dd4   Number         4  stm32f0xx_hal_rcc_ex.o(.text.HAL_RCCEx_PeriphCLKConfig)
    __arm_cp.0_1                             0x08000dd8   Number         4  stm32f0xx_hal_rcc_ex.o(.text.HAL_RCCEx_PeriphCLKConfig)
    __arm_cp.0_2                             0x08000ddc   Number         4  stm32f0xx_hal_rcc_ex.o(.text.HAL_RCCEx_PeriphCLKConfig)
    [Anonymous Symbol]                       0x08000de0   Section        0  stm32f0xx_hal_rcc.o(.text.HAL_RCC_ClockConfig)
    __arm_cp.2_0                             0x08000f14   Number         4  stm32f0xx_hal_rcc.o(.text.HAL_RCC_ClockConfig)
    __arm_cp.2_2                             0x08000f18   Number         4  stm32f0xx_hal_rcc.o(.text.HAL_RCC_ClockConfig)
    __arm_cp.2_7                             0x08000f1c   Number         4  stm32f0xx_hal_rcc.o(.text.HAL_RCC_ClockConfig)
    [Anonymous Symbol]                       0x08000f20   Section        0  stm32f0xx_hal_rcc.o(.text.HAL_RCC_GetPCLK1Freq)
    __arm_cp.8_0                             0x08000f34   Number         4  stm32f0xx_hal_rcc.o(.text.HAL_RCC_GetPCLK1Freq)
    __arm_cp.8_2                             0x08000f38   Number         4  stm32f0xx_hal_rcc.o(.text.HAL_RCC_GetPCLK1Freq)
    [Anonymous Symbol]                       0x08000f3c   Section        0  stm32f0xx_hal_rcc.o(.text.HAL_RCC_GetSysClockFreq)
    __arm_cp.3_0                             0x08000f7c   Number         4  stm32f0xx_hal_rcc.o(.text.HAL_RCC_GetSysClockFreq)
    __arm_cp.3_1                             0x08000f80   Number         4  stm32f0xx_hal_rcc.o(.text.HAL_RCC_GetSysClockFreq)
    __arm_cp.3_2                             0x08000f84   Number         4  stm32f0xx_hal_rcc.o(.text.HAL_RCC_GetSysClockFreq)
    __arm_cp.3_3                             0x08000f88   Number         4  stm32f0xx_hal_rcc.o(.text.HAL_RCC_GetSysClockFreq)
    __arm_cp.3_4                             0x08000f8c   Number         4  stm32f0xx_hal_rcc.o(.text.HAL_RCC_GetSysClockFreq)
    [Anonymous Symbol]                       0x08000f90   Section        0  stm32f0xx_hal_rcc.o(.text.HAL_RCC_OscConfig)
    __arm_cp.1_0                             0x0800137c   Number         4  stm32f0xx_hal_rcc.o(.text.HAL_RCC_OscConfig)
    __arm_cp.1_1                             0x08001380   Number         4  stm32f0xx_hal_rcc.o(.text.HAL_RCC_OscConfig)
    __arm_cp.1_2                             0x08001384   Number         4  stm32f0xx_hal_rcc.o(.text.HAL_RCC_OscConfig)
    [Anonymous Symbol]                       0x08001388   Section        0  stm32f0xx_hal_cortex.o(.text.HAL_SYSTICK_Config)
    __arm_cp.4_0                             0x080013b0   Number         4  stm32f0xx_hal_cortex.o(.text.HAL_SYSTICK_Config)
    __arm_cp.4_1                             0x080013b4   Number         4  stm32f0xx_hal_cortex.o(.text.HAL_SYSTICK_Config)
    __arm_cp.4_2                             0x080013b8   Number         4  stm32f0xx_hal_cortex.o(.text.HAL_SYSTICK_Config)
    [Anonymous Symbol]                       0x080013bc   Section        0  stm32f0xx_hal_uart.o(.text.HAL_UARTEx_RxEventCallback)
    [Anonymous Symbol]                       0x080013be   Section        0  stm32f0xx_hal_uart_ex.o(.text.HAL_UARTEx_WakeupCallback)
    [Anonymous Symbol]                       0x080013c0   Section        0  stm32f0xx_hal_uart.o(.text.HAL_UART_ErrorCallback)
    [Anonymous Symbol]                       0x080013c4   Section        0  stm32f0xx_hal_uart.o(.text.HAL_UART_IRQHandler)
    __arm_cp.40_0                            0x080017a4   Number         4  stm32f0xx_hal_uart.o(.text.HAL_UART_IRQHandler)
    __arm_cp.40_1                            0x080017a8   Number         4  stm32f0xx_hal_uart.o(.text.HAL_UART_IRQHandler)
    __arm_cp.40_2                            0x080017ac   Number         4  stm32f0xx_hal_uart.o(.text.HAL_UART_IRQHandler)
    [Anonymous Symbol]                       0x080017b0   Section        0  stm32f0xx_hal_uart.o(.text.HAL_UART_Init)
    [Anonymous Symbol]                       0x08001820   Section        0  stm32f0xx_hal_msp.o(.text.HAL_UART_MspInit)
    __arm_cp.1_0                             0x08001890   Number         4  stm32f0xx_hal_msp.o(.text.HAL_UART_MspInit)
    __arm_cp.1_1                             0x08001894   Number         4  stm32f0xx_hal_msp.o(.text.HAL_UART_MspInit)
    [Anonymous Symbol]                       0x08001898   Section        0  stm32f0xx_hal_uart.o(.text.HAL_UART_Receive_IT)
    [Anonymous Symbol]                       0x08001900   Section        0  main.o(.text.HAL_UART_RxCpltCallback)
    __arm_cp.1_0                             0x0800199c   Number         4  main.o(.text.HAL_UART_RxCpltCallback)
    __arm_cp.1_1                             0x080019a0   Number         4  main.o(.text.HAL_UART_RxCpltCallback)
    __arm_cp.1_3                             0x080019b4   Number         4  main.o(.text.HAL_UART_RxCpltCallback)
    __arm_cp.1_4                             0x080019b8   Number         4  main.o(.text.HAL_UART_RxCpltCallback)
    __arm_cp.1_7                             0x080019dc   Number         4  main.o(.text.HAL_UART_RxCpltCallback)
    __arm_cp.1_8                             0x080019e0   Number         4  main.o(.text.HAL_UART_RxCpltCallback)
    __arm_cp.1_9                             0x080019e4   Number         4  main.o(.text.HAL_UART_RxCpltCallback)
    __arm_cp.1_10                            0x080019e8   Number         4  main.o(.text.HAL_UART_RxCpltCallback)
    __arm_cp.1_11                            0x080019ec   Number         4  main.o(.text.HAL_UART_RxCpltCallback)
    [Anonymous Symbol]                       0x080019f0   Section        0  stm32f0xx_hal_uart.o(.text.HAL_UART_Transmit)
    __arm_cp.10_0                            0x08001b78   Number         4  stm32f0xx_hal_uart.o(.text.HAL_UART_Transmit)
    [Anonymous Symbol]                       0x08001b7c   Section        0  stm32f0xx_hal_uart.o(.text.HAL_UART_TxCpltCallback)
    [Anonymous Symbol]                       0x08001b7e   Section        0  stm32f0xx_it.o(.text.HardFault_Handler)
    [Anonymous Symbol]                       0x08001b80   Section        0  stm32f0xx_it.o(.text.NMI_Handler)
    [Anonymous Symbol]                       0x08001b82   Section        0  stm32f0xx_it.o(.text.PendSV_Handler)
    [Anonymous Symbol]                       0x08001b84   Section        0  stm32f0xx_it.o(.text.SVC_Handler)
    [Anonymous Symbol]                       0x08001b86   Section        0  stm32f0xx_it.o(.text.SysTick_Handler)
    [Anonymous Symbol]                       0x08001b8e   Section        0  system_stm32f0xx.o(.text.SystemInit)
    [Anonymous Symbol]                       0x08001b90   Section        0  stm32f0xx_hal_uart.o(.text.UART_AdvFeatureConfig)
    [Anonymous Symbol]                       0x08001c64   Section        0  stm32f0xx_hal_uart.o(.text.UART_CheckIdleState)
    __arm_cp.4_0                             0x08001d30   Number         4  stm32f0xx_hal_uart.o(.text.UART_CheckIdleState)
    UART_DMAAbortOnError                     0x08001d35   Thumb Code    22  stm32f0xx_hal_uart.o(.text.UART_DMAAbortOnError)
    [Anonymous Symbol]                       0x08001d34   Section        0  stm32f0xx_hal_uart.o(.text.UART_DMAAbortOnError)
    UART_RxISR_16BIT                         0x08001d4b   Thumb Code   208  stm32f0xx_hal_uart.o(.text.UART_RxISR_16BIT)
    [Anonymous Symbol]                       0x08001d4a   Section        0  stm32f0xx_hal_uart.o(.text.UART_RxISR_16BIT)
    UART_RxISR_8BIT                          0x08001e1b   Thumb Code   210  stm32f0xx_hal_uart.o(.text.UART_RxISR_8BIT)
    [Anonymous Symbol]                       0x08001e1a   Section        0  stm32f0xx_hal_uart.o(.text.UART_RxISR_8BIT)
    [Anonymous Symbol]                       0x08001eec   Section        0  stm32f0xx_hal_uart.o(.text.UART_SetConfig)
    __arm_cp.3_0                             0x08001ff0   Number         4  stm32f0xx_hal_uart.o(.text.UART_SetConfig)
    __arm_cp.3_1                             0x08001ff4   Number         4  stm32f0xx_hal_uart.o(.text.UART_SetConfig)
    __arm_cp.3_2                             0x08001ff8   Number         4  stm32f0xx_hal_uart.o(.text.UART_SetConfig)
    __arm_cp.3_3                             0x08001ffc   Number         4  stm32f0xx_hal_uart.o(.text.UART_SetConfig)
    __arm_cp.3_5                             0x08002010   Number         4  stm32f0xx_hal_uart.o(.text.UART_SetConfig)
    __arm_cp.3_6                             0x08002014   Number         4  stm32f0xx_hal_uart.o(.text.UART_SetConfig)
    [Anonymous Symbol]                       0x08002018   Section        0  stm32f0xx_hal_uart.o(.text.UART_Start_Receive_IT)
    __arm_cp.17_0                            0x080020d0   Number         4  stm32f0xx_hal_uart.o(.text.UART_Start_Receive_IT)
    __arm_cp.17_1                            0x080020d4   Number         4  stm32f0xx_hal_uart.o(.text.UART_Start_Receive_IT)
    __arm_cp.17_2                            0x080020d8   Number         4  stm32f0xx_hal_uart.o(.text.UART_Start_Receive_IT)
    [Anonymous Symbol]                       0x080020dc   Section        0  stm32f0xx_hal_uart.o(.text.UART_WaitOnFlagUntilTimeout)
    [Anonymous Symbol]                       0x08002298   Section        0  stm32f0xx_it.o(.text.USART1_IRQHandler)
    [Anonymous Symbol]                       0x080022a4   Section        0  main.o(.text.calculateBCC)
    __arm_cp.0_0                             0x080023a4   Number         4  main.o(.text.calculateBCC)
    __arm_cp.0_2                             0x080023b4   Number         4  main.o(.text.calculateBCC)
    __arm_cp.0_3                             0x080023b8   Number         4  main.o(.text.calculateBCC)
    __arm_cp.0_4                             0x080023bc   Number         4  main.o(.text.calculateBCC)
    [Anonymous Symbol]                       0x080023e0   Section        0  main.o(.text.main)
    __arm_cp.2_0                             0x080024c4   Number         4  main.o(.text.main)
    __arm_cp.2_1                             0x080024c8   Number         4  main.o(.text.main)
    __arm_cp.2_2                             0x080024cc   Number         4  main.o(.text.main)
    __arm_cp.2_4                             0x080024ec   Number         4  main.o(.text.main)
    __arm_cp.2_5                             0x080024f0   Number         4  main.o(.text.main)
    __arm_cp.2_6                             0x080024f4   Number         4  main.o(.text.main)
    .text_divfast                            0x080024f8   Section      502  aeabi_sdivfast.o(.text_divfast)
    i._is_digit                              0x080026ee   Section        0  __printf_wp.o(i._is_digit)
    locale$$code                             0x080026fc   Section       44  lc_ctype_c.o(locale$$code)
    initial_mbstate                          0x08002728   Data           8  _printf_wctomb.o(.constdata)
    .constdata                               0x08002728   Section        8  _printf_wctomb.o(.constdata)
    uc_hextab                                0x08002730   Data          20  _printf_hex_int.o(.constdata)
    .constdata                               0x08002730   Section       40  _printf_hex_int.o(.constdata)
    lc_hextab                                0x08002744   Data          20  _printf_hex_int.o(.constdata)
    maptable                                 0x08002758   Data          17  __printf_flags_ss_wp.o(.constdata)
    .constdata                               0x08002758   Section       17  __printf_flags_ss_wp.o(.constdata)
    HAL_RCC_GetSysClockFreq.aPLLMULFactorTable 0x08002781   Data          16  stm32f0xx_hal_rcc.o(.rodata.cst16)
    [Anonymous Symbol]                       0x08002781   Section        0  stm32f0xx_hal_rcc.o(.rodata.cst16)
    HAL_RCC_GetSysClockFreq.aPredivFactorTable 0x08002791   Data          16  stm32f0xx_hal_rcc.o(.rodata.cst16)
    [Anonymous Symbol]                       0x080027a1   Section        0  main.o(.rodata.str1.1)
    locale$$data                             0x080027cc   Section      272  lc_ctype_c.o(locale$$data)
    __lcctype_c_name                         0x080027d0   Data           2  lc_ctype_c.o(locale$$data)
    __lcctype_c_start                        0x080027d8   Data           0  lc_ctype_c.o(locale$$data)
    __lcctype_c_end                          0x080028dc   Data           0  lc_ctype_c.o(locale$$data)
    [Anonymous Symbol]                       0x20000000   Section        0  stm32f0xx_hal.o(.data..L_MergedGlobals)
    .bss                                     0x20000010   Section       96  libspace.o(.bss)
    [Anonymous Symbol]                       0x20000070   Section        0  main.o(.bss..L_MergedGlobals)
    Heap_Mem                                 0x20000310   Data         512  startup_stm32f051x8.o(HEAP)
    HEAP                                     0x20000310   Section      512  startup_stm32f051x8.o(HEAP)
    Stack_Mem                                0x20000510   Data        1024  startup_stm32f051x8.o(STACK)
    STACK                                    0x20000510   Section     1024  startup_stm32f051x8.o(STACK)
    __initial_sp                             0x20000910   Data           0  startup_stm32f051x8.o(STACK)

    Global Symbols

    Symbol Name                              Value     Ov Type        Size  Object(Section)

    BuildAttributes$$THM_ISAv3M$S$PE$A:L22$X:L11$S22$IEEE1$IW$~IW$USESV6$~STKCKD$USESV7$~SHL$OTIME$ROPI$EBA8$UX$STANDARDLIB$REQ8$PRES8$EABIv2 0x00000000   Number         0  anon$$obj.o ABSOLUTE
    _printf_flags                            0x00000000   Number         0  printf_stubs.o ABSOLUTE
    _printf_return_value                     0x00000000   Number         0  printf_stubs.o ABSOLUTE
    _printf_sizespec                         0x00000000   Number         0  printf_stubs.o ABSOLUTE
    _printf_widthprec                        0x00000000   Number         0  printf_stubs.o ABSOLUTE
    __ARM_exceptions_init                     - Undefined Weak Reference
    __alloca_initialize                       - Undefined Weak Reference
    __arm_preinit_                            - Undefined Weak Reference
    __arm_relocate_pie_                       - Undefined Weak Reference
    __cpp_initialize__aeabi_                  - Undefined Weak Reference
    __cxa_finalize                            - Undefined Weak Reference
    __sigvec_lookup                           - Undefined Weak Reference
    _atexit_init                              - Undefined Weak Reference
    _call_atexit_fns                          - Undefined Weak Reference
    _clock_init                               - Undefined Weak Reference
    _fp_trap_init                             - Undefined Weak Reference
    _fp_trap_shutdown                         - Undefined Weak Reference
    _get_lc_collate                           - Undefined Weak Reference
    _get_lc_monetary                          - Undefined Weak Reference
    _get_lc_numeric                           - Undefined Weak Reference
    _get_lc_time                              - Undefined Weak Reference
    _getenv_init                              - Undefined Weak Reference
    _handle_redirection                       - Undefined Weak Reference
    _init_alloc                               - Undefined Weak Reference
    _init_user_alloc                          - Undefined Weak Reference
    _initio                                   - Undefined Weak Reference
    _printf_mbtowc                            - Undefined Weak Reference
    _printf_wc                                - Undefined Weak Reference
    _rand_init                                - Undefined Weak Reference
    _signal_finish                            - Undefined Weak Reference
    _signal_init                              - Undefined Weak Reference
    _terminate_alloc                          - Undefined Weak Reference
    _terminate_user_alloc                     - Undefined Weak Reference
    _terminateio                              - Undefined Weak Reference
    __Vectors_Size                           0x000000bc   Number         0  startup_stm32f051x8.o ABSOLUTE
    __Vectors                                0x08000000   Data           4  startup_stm32f051x8.o(RESET)
    __Vectors_End                            0x080000bc   Data           0  startup_stm32f051x8.o(RESET)
    __main                                   0x080000bd   Thumb Code     8  __main.o(!!!main)
    __scatterload                            0x080000c5   Thumb Code     0  __scatter.o(!!!scatter)
    __scatterload_rt2                        0x080000c5   Thumb Code    74  __scatter.o(!!!scatter)
    __scatterload_rt2_thumb_only             0x080000c5   Thumb Code     0  __scatter.o(!!!scatter)
    __scatterload_loop                       0x080000cf   Thumb Code     0  __scatter.o(!!!scatter)
    __scatterload_copy                       0x08000119   Thumb Code    26  __scatter_copy.o(!!handler_copy)
    __scatterload_null                       0x08000135   Thumb Code     2  __scatter.o(!!handler_null)
    __scatterload_zeroinit                   0x08000139   Thumb Code    28  __scatter_zi.o(!!handler_zi)
    _printf_percent                          0x08000155   Thumb Code     0  _printf_percent.o(.ARM.Collect$$_printf_percent$$00000000)
    _printf_i                                0x08000157   Thumb Code     0  _printf_i.o(.ARM.Collect$$_printf_percent$$00000008)
    _printf_d                                0x08000161   Thumb Code     0  _printf_d.o(.ARM.Collect$$_printf_percent$$00000009)
    _printf_u                                0x0800016b   Thumb Code     0  _printf_u.o(.ARM.Collect$$_printf_percent$$0000000A)
    _printf_o                                0x08000175   Thumb Code     0  _printf_o.o(.ARM.Collect$$_printf_percent$$0000000B)
    _printf_x                                0x0800017f   Thumb Code     0  _printf_x.o(.ARM.Collect$$_printf_percent$$0000000C)
    _printf_l                                0x08000189   Thumb Code     0  _printf_l.o(.ARM.Collect$$_printf_percent$$00000012)
    _printf_c                                0x08000193   Thumb Code     0  _printf_c.o(.ARM.Collect$$_printf_percent$$00000013)
    _printf_lc                               0x0800019d   Thumb Code     0  _printf_lc.o(.ARM.Collect$$_printf_percent$$00000015)
    _printf_percent_end                      0x080001a7   Thumb Code     0  _printf_percent_end.o(.ARM.Collect$$_printf_percent$$00000017)
    __rt_lib_init                            0x080001ab   Thumb Code     0  libinit.o(.ARM.Collect$$libinit$$00000000)
    __rt_lib_init_fp_1                       0x080001ad   Thumb Code     0  libinit2.o(.ARM.Collect$$libinit$$00000002)
    __rt_lib_init_heap_1                     0x080001ad   Thumb Code     0  libinit2.o(.ARM.Collect$$libinit$$0000000C)
    __rt_lib_init_lc_common                  0x080001ad   Thumb Code     0  libinit2.o(.ARM.Collect$$libinit$$00000011)
    __rt_lib_init_preinit_1                  0x080001ad   Thumb Code     0  libinit2.o(.ARM.Collect$$libinit$$00000006)
    __rt_lib_init_rand_1                     0x080001ad   Thumb Code     0  libinit2.o(.ARM.Collect$$libinit$$00000010)
    __rt_lib_init_relocate_pie_1             0x080001ad   Thumb Code     0  libinit2.o(.ARM.Collect$$libinit$$00000004)
    __rt_lib_init_user_alloc_1               0x080001ad   Thumb Code     0  libinit2.o(.ARM.Collect$$libinit$$0000000E)
    __rt_lib_init_lc_collate_1               0x080001b3   Thumb Code     0  libinit2.o(.ARM.Collect$$libinit$$00000013)
    __rt_lib_init_lc_ctype_2                 0x080001b3   Thumb Code     0  libinit2.o(.ARM.Collect$$libinit$$00000014)
    __rt_lib_init_alloca_1                   0x080001bf   Thumb Code     0  libinit2.o(.ARM.Collect$$libinit$$00000030)
    __rt_lib_init_argv_1                     0x080001bf   Thumb Code     0  libinit2.o(.ARM.Collect$$libinit$$0000002E)
    __rt_lib_init_atexit_1                   0x080001bf   Thumb Code     0  libinit2.o(.ARM.Collect$$libinit$$0000001D)
    __rt_lib_init_clock_1                    0x080001bf   Thumb Code     0  libinit2.o(.ARM.Collect$$libinit$$00000023)
    __rt_lib_init_cpp_1                      0x080001bf   Thumb Code     0  libinit2.o(.ARM.Collect$$libinit$$00000034)
    __rt_lib_init_exceptions_1               0x080001bf   Thumb Code     0  libinit2.o(.ARM.Collect$$libinit$$00000032)
    __rt_lib_init_fp_trap_1                  0x080001bf   Thumb Code     0  libinit2.o(.ARM.Collect$$libinit$$00000021)
    __rt_lib_init_getenv_1                   0x080001bf   Thumb Code     0  libinit2.o(.ARM.Collect$$libinit$$00000025)
    __rt_lib_init_lc_ctype_1                 0x080001bf   Thumb Code     0  libinit2.o(.ARM.Collect$$libinit$$00000015)
    __rt_lib_init_lc_monetary_1              0x080001bf   Thumb Code     0  libinit2.o(.ARM.Collect$$libinit$$00000017)
    __rt_lib_init_lc_numeric_1               0x080001bf   Thumb Code     0  libinit2.o(.ARM.Collect$$libinit$$00000019)
    __rt_lib_init_lc_time_1                  0x080001bf   Thumb Code     0  libinit2.o(.ARM.Collect$$libinit$$0000001B)
    __rt_lib_init_return                     0x080001bf   Thumb Code     0  libinit2.o(.ARM.Collect$$libinit$$00000035)
    __rt_lib_init_signal_1                   0x080001bf   Thumb Code     0  libinit2.o(.ARM.Collect$$libinit$$0000001F)
    __rt_lib_init_stdio_1                    0x080001bf   Thumb Code     0  libinit2.o(.ARM.Collect$$libinit$$00000027)
    __rt_lib_shutdown                        0x080001c1   Thumb Code     0  libshutdown.o(.ARM.Collect$$libshutdown$$00000000)
    __rt_lib_shutdown_cpp_1                  0x080001c3   Thumb Code     0  libshutdown2.o(.ARM.Collect$$libshutdown$$00000002)
    __rt_lib_shutdown_fp_trap_1              0x080001c3   Thumb Code     0  libshutdown2.o(.ARM.Collect$$libshutdown$$00000007)
    __rt_lib_shutdown_heap_1                 0x080001c3   Thumb Code     0  libshutdown2.o(.ARM.Collect$$libshutdown$$0000000F)
    __rt_lib_shutdown_return                 0x080001c3   Thumb Code     0  libshutdown2.o(.ARM.Collect$$libshutdown$$00000010)
    __rt_lib_shutdown_signal_1               0x080001c3   Thumb Code     0  libshutdown2.o(.ARM.Collect$$libshutdown$$0000000A)
    __rt_lib_shutdown_stdio_1                0x080001c3   Thumb Code     0  libshutdown2.o(.ARM.Collect$$libshutdown$$00000004)
    __rt_lib_shutdown_user_alloc_1           0x080001c3   Thumb Code     0  libshutdown2.o(.ARM.Collect$$libshutdown$$0000000C)
    __rt_entry                               0x080001c5   Thumb Code     0  __rtentry.o(.ARM.Collect$$rtentry$$00000000)
    __rt_entry_presh_1                       0x080001c5   Thumb Code     0  __rtentry2.o(.ARM.Collect$$rtentry$$00000002)
    __rt_entry_sh                            0x080001c5   Thumb Code     0  __rtentry4.o(.ARM.Collect$$rtentry$$00000004)
    __rt_entry_li                            0x080001cb   Thumb Code     0  __rtentry2.o(.ARM.Collect$$rtentry$$0000000A)
    __rt_entry_postsh_1                      0x080001cb   Thumb Code     0  __rtentry2.o(.ARM.Collect$$rtentry$$00000009)
    __rt_entry_main                          0x080001cf   Thumb Code     0  __rtentry2.o(.ARM.Collect$$rtentry$$0000000D)
    __rt_entry_postli_1                      0x080001cf   Thumb Code     0  __rtentry2.o(.ARM.Collect$$rtentry$$0000000C)
    __rt_exit                                0x080001d7   Thumb Code     0  rtexit.o(.ARM.Collect$$rtexit$$00000000)
    __rt_exit_ls                             0x080001d9   Thumb Code     0  rtexit2.o(.ARM.Collect$$rtexit$$00000003)
    __rt_exit_prels_1                        0x080001d9   Thumb Code     0  rtexit2.o(.ARM.Collect$$rtexit$$00000002)
    __rt_exit_exit                           0x080001dd   Thumb Code     0  rtexit2.o(.ARM.Collect$$rtexit$$00000004)
    Reset_Handler                            0x080001e5   Thumb Code     8  startup_stm32f051x8.o(.text)
    ADC1_COMP_IRQHandler                     0x080001f7   Thumb Code     0  startup_stm32f051x8.o(.text)
    CEC_IRQHandler                           0x080001f7   Thumb Code     0  startup_stm32f051x8.o(.text)
    DMA1_Channel1_IRQHandler                 0x080001f7   Thumb Code     0  startup_stm32f051x8.o(.text)
    DMA1_Channel2_3_IRQHandler               0x080001f7   Thumb Code     0  startup_stm32f051x8.o(.text)
    DMA1_Channel4_5_IRQHandler               0x080001f7   Thumb Code     0  startup_stm32f051x8.o(.text)
    EXTI0_1_IRQHandler                       0x080001f7   Thumb Code     0  startup_stm32f051x8.o(.text)
    EXTI2_3_IRQHandler                       0x080001f7   Thumb Code     0  startup_stm32f051x8.o(.text)
    EXTI4_15_IRQHandler                      0x080001f7   Thumb Code     0  startup_stm32f051x8.o(.text)
    FLASH_IRQHandler                         0x080001f7   Thumb Code     0  startup_stm32f051x8.o(.text)
    I2C1_IRQHandler                          0x080001f7   Thumb Code     0  startup_stm32f051x8.o(.text)
    I2C2_IRQHandler                          0x080001f7   Thumb Code     0  startup_stm32f051x8.o(.text)
    PVD_IRQHandler                           0x080001f7   Thumb Code     0  startup_stm32f051x8.o(.text)
    RCC_IRQHandler                           0x080001f7   Thumb Code     0  startup_stm32f051x8.o(.text)
    RTC_IRQHandler                           0x080001f7   Thumb Code     0  startup_stm32f051x8.o(.text)
    SPI1_IRQHandler                          0x080001f7   Thumb Code     0  startup_stm32f051x8.o(.text)
    SPI2_IRQHandler                          0x080001f7   Thumb Code     0  startup_stm32f051x8.o(.text)
    TIM14_IRQHandler                         0x080001f7   Thumb Code     0  startup_stm32f051x8.o(.text)
    TIM15_IRQHandler                         0x080001f7   Thumb Code     0  startup_stm32f051x8.o(.text)
    TIM16_IRQHandler                         0x080001f7   Thumb Code     0  startup_stm32f051x8.o(.text)
    TIM17_IRQHandler                         0x080001f7   Thumb Code     0  startup_stm32f051x8.o(.text)
    TIM1_BRK_UP_TRG_COM_IRQHandler           0x080001f7   Thumb Code     0  startup_stm32f051x8.o(.text)
    TIM1_CC_IRQHandler                       0x080001f7   Thumb Code     0  startup_stm32f051x8.o(.text)
    TIM2_IRQHandler                          0x080001f7   Thumb Code     0  startup_stm32f051x8.o(.text)
    TIM3_IRQHandler                          0x080001f7   Thumb Code     0  startup_stm32f051x8.o(.text)
    TIM6_DAC_IRQHandler                      0x080001f7   Thumb Code     0  startup_stm32f051x8.o(.text)
    TSC_IRQHandler                           0x080001f7   Thumb Code     0  startup_stm32f051x8.o(.text)
    USART2_IRQHandler                        0x080001f7   Thumb Code     0  startup_stm32f051x8.o(.text)
    WWDG_IRQHandler                          0x080001f7   Thumb Code     0  startup_stm32f051x8.o(.text)
    __user_initial_stackheap                 0x080001f9   Thumb Code     0  startup_stm32f051x8.o(.text)
    __2sprintf                               0x0800021d   Thumb Code    40  __2sprintf.o(.text)
    _printf_pre_padding                      0x08000249   Thumb Code    44  _printf_pad.o(.text)
    _printf_post_padding                     0x08000275   Thumb Code    34  _printf_pad.o(.text)
    _printf_truncate_signed                  0x08000297   Thumb Code    18  _printf_truncate.o(.text)
    _printf_truncate_unsigned                0x080002a9   Thumb Code    18  _printf_truncate.o(.text)
    _printf_str                              0x080002bb   Thumb Code    82  _printf_str.o(.text)
    _printf_int_dec                          0x0800030d   Thumb Code    90  _printf_dec.o(.text)
    _printf_wctomb                           0x08000379   Thumb Code   182  _printf_wctomb.o(.text)
    _printf_int_oct                          0x08000435   Thumb Code    72  _printf_oct_int.o(.text)
    _printf_longlong_oct                     0x08000435   Thumb Code     0  _printf_oct_int.o(.text)
    _printf_int_hex                          0x08000485   Thumb Code    84  _printf_hex_int.o(.text)
    _printf_longlong_hex                     0x08000485   Thumb Code     0  _printf_hex_int.o(.text)
    __printf                                 0x080004dd   Thumb Code   386  __printf_flags_ss_wp.o(.text)
    _memset_w                                0x08000665   Thumb Code    26  rt_memclr.o(.text)
    _memset                                  0x0800067f   Thumb Code    30  rt_memclr.o(.text)
    __aeabi_memclr                           0x0800069d   Thumb Code     4  rt_memclr.o(.text)
    __rt_memclr                              0x0800069d   Thumb Code     0  rt_memclr.o(.text)
    __aeabi_memclr4                          0x080006a1   Thumb Code     0  rt_memclr.o(.text)
    __aeabi_memclr8                          0x080006a1   Thumb Code     0  rt_memclr.o(.text)
    __rt_memclr_w                            0x080006a1   Thumb Code     4  rt_memclr.o(.text)
    __use_two_region_memory                  0x080006a5   Thumb Code     2  heapauxi.o(.text)
    __rt_heap_escrow$2region                 0x080006a7   Thumb Code     2  heapauxi.o(.text)
    __rt_heap_expand$2region                 0x080006a9   Thumb Code     2  heapauxi.o(.text)
    _printf_int_common                       0x080006ab   Thumb Code   176  _printf_intcommon.o(.text)
    _printf_char_common                      0x08000767   Thumb Code    32  _printf_char_common.o(.text)
    _sputc                                   0x0800078d   Thumb Code    10  _sputc.o(.text)
    _printf_cs_common                        0x08000797   Thumb Code    22  _printf_char.o(.text)
    _printf_char                             0x080007ad   Thumb Code    16  _printf_char.o(.text)
    _printf_string                           0x080007bd   Thumb Code     8  _printf_char.o(.text)
    _printf_lcs_common                       0x080007c5   Thumb Code    22  _printf_wchar.o(.text)
    _printf_wchar                            0x080007db   Thumb Code    16  _printf_wchar.o(.text)
    _printf_wstring                          0x080007eb   Thumb Code     8  _printf_wchar.o(.text)
    _c16rtomb                                0x080007f3   Thumb Code    66  _c16rtomb.o(.text)
    _wcrtomb                                 0x080007f3   Thumb Code     0  _c16rtomb.o(.text)
    __rt_udiv10                              0x08000835   Thumb Code    40  rtudiv10.o(.text)
    __rt_ctype_table                         0x0800085d   Thumb Code    16  rt_ctype_table.o(.text)
    __user_setup_stackheap                   0x0800086d   Thumb Code    62  sys_stackheap_outer.o(.text)
    __rt_locale                              0x080008ad   Thumb Code     8  rt_locale_intlibspace.o(.text)
    exit                                     0x080008b5   Thumb Code    16  exit.o(.text)
    __user_libspace                          0x080008c5   Thumb Code     8  libspace.o(.text)
    __user_perproc_libspace                  0x080008c5   Thumb Code     0  libspace.o(.text)
    __user_perthread_libspace                0x080008c5   Thumb Code     0  libspace.o(.text)
    strcmp                                   0x080008cd   Thumb Code   176  strcmpv6m.o(.text)
    _sys_exit                                0x0800097d   Thumb Code     8  sys_exit.o(.text)
    __I$use$semihosting                      0x08000989   Thumb Code     0  use_no_semi.o(.text)
    __use_no_semihosting_swi                 0x08000989   Thumb Code     2  use_no_semi.o(.text)
    HAL_DMA_Abort                            0x0800098b   Thumb Code    62  stm32f0xx_hal_dma.o(.text.HAL_DMA_Abort)
    __semihosting_library_function           0x0800098b   Thumb Code     0  indicate_semi.o(.text)
    HAL_DMA_Abort_IT                         0x080009c9   Thumb Code    66  stm32f0xx_hal_dma.o(.text.HAL_DMA_Abort_IT)
    HAL_GPIO_Init                            0x08000a0d   Thumb Code   428  stm32f0xx_hal_gpio.o(.text.HAL_GPIO_Init)
    HAL_GetTick                              0x08000bcd   Thumb Code     8  stm32f0xx_hal.o(.text.HAL_GetTick)
    HAL_IncTick                              0x08000bd5   Thumb Code    16  stm32f0xx_hal.o(.text.HAL_IncTick)
    HAL_Init                                 0x08000be9   Thumb Code    28  stm32f0xx_hal.o(.text.HAL_Init)
    HAL_InitTick                             0x08000c05   Thumb Code    60  stm32f0xx_hal.o(.text.HAL_InitTick)
    HAL_MspInit                              0x08000c45   Thumb Code    40  stm32f0xx_hal_msp.o(.text.HAL_MspInit)
    HAL_NVIC_EnableIRQ                       0x08000c71   Thumb Code    20  stm32f0xx_hal_cortex.o(.text.HAL_NVIC_EnableIRQ)
    HAL_NVIC_SetPriority                     0x08000c89   Thumb Code    48  stm32f0xx_hal_cortex.o(.text.HAL_NVIC_SetPriority)
    HAL_RCCEx_PeriphCLKConfig                0x08000cc1   Thumb Code   276  stm32f0xx_hal_rcc_ex.o(.text.HAL_RCCEx_PeriphCLKConfig)
    HAL_RCC_ClockConfig                      0x08000de1   Thumb Code   308  stm32f0xx_hal_rcc.o(.text.HAL_RCC_ClockConfig)
    HAL_RCC_GetPCLK1Freq                     0x08000f21   Thumb Code    20  stm32f0xx_hal_rcc.o(.text.HAL_RCC_GetPCLK1Freq)
    HAL_RCC_GetSysClockFreq                  0x08000f3d   Thumb Code    64  stm32f0xx_hal_rcc.o(.text.HAL_RCC_GetSysClockFreq)
    HAL_RCC_OscConfig                        0x08000f91   Thumb Code  1004  stm32f0xx_hal_rcc.o(.text.HAL_RCC_OscConfig)
    HAL_SYSTICK_Config                       0x08001389   Thumb Code    40  stm32f0xx_hal_cortex.o(.text.HAL_SYSTICK_Config)
    HAL_UARTEx_RxEventCallback               0x080013bd   Thumb Code     2  stm32f0xx_hal_uart.o(.text.HAL_UARTEx_RxEventCallback)
    HAL_UARTEx_WakeupCallback                0x080013bf   Thumb Code     2  stm32f0xx_hal_uart_ex.o(.text.HAL_UARTEx_WakeupCallback)
    HAL_UART_ErrorCallback                   0x080013c1   Thumb Code     2  stm32f0xx_hal_uart.o(.text.HAL_UART_ErrorCallback)
    HAL_UART_IRQHandler                      0x080013c5   Thumb Code   992  stm32f0xx_hal_uart.o(.text.HAL_UART_IRQHandler)
    HAL_UART_Init                            0x080017b1   Thumb Code   110  stm32f0xx_hal_uart.o(.text.HAL_UART_Init)
    HAL_UART_MspInit                         0x08001821   Thumb Code   112  stm32f0xx_hal_msp.o(.text.HAL_UART_MspInit)
    HAL_UART_Receive_IT                      0x08001899   Thumb Code   102  stm32f0xx_hal_uart.o(.text.HAL_UART_Receive_IT)
    HAL_UART_RxCpltCallback                  0x08001901   Thumb Code   156  main.o(.text.HAL_UART_RxCpltCallback)
    HAL_UART_Transmit                        0x080019f1   Thumb Code   392  stm32f0xx_hal_uart.o(.text.HAL_UART_Transmit)
    HAL_UART_TxCpltCallback                  0x08001b7d   Thumb Code     2  stm32f0xx_hal_uart.o(.text.HAL_UART_TxCpltCallback)
    HardFault_Handler                        0x08001b7f   Thumb Code     2  stm32f0xx_it.o(.text.HardFault_Handler)
    NMI_Handler                              0x08001b81   Thumb Code     2  stm32f0xx_it.o(.text.NMI_Handler)
    PendSV_Handler                           0x08001b83   Thumb Code     2  stm32f0xx_it.o(.text.PendSV_Handler)
    SVC_Handler                              0x08001b85   Thumb Code     2  stm32f0xx_it.o(.text.SVC_Handler)
    SysTick_Handler                          0x08001b87   Thumb Code     8  stm32f0xx_it.o(.text.SysTick_Handler)
    SystemInit                               0x08001b8f   Thumb Code     2  system_stm32f0xx.o(.text.SystemInit)
    UART_AdvFeatureConfig                    0x08001b91   Thumb Code   210  stm32f0xx_hal_uart.o(.text.UART_AdvFeatureConfig)
    UART_CheckIdleState                      0x08001c65   Thumb Code   204  stm32f0xx_hal_uart.o(.text.UART_CheckIdleState)
    UART_SetConfig                           0x08001eed   Thumb Code   260  stm32f0xx_hal_uart.o(.text.UART_SetConfig)
    UART_Start_Receive_IT                    0x08002019   Thumb Code   184  stm32f0xx_hal_uart.o(.text.UART_Start_Receive_IT)
    UART_WaitOnFlagUntilTimeout              0x080020dd   Thumb Code   444  stm32f0xx_hal_uart.o(.text.UART_WaitOnFlagUntilTimeout)
    USART1_IRQHandler                        0x08002299   Thumb Code    12  stm32f0xx_it.o(.text.USART1_IRQHandler)
    calculateBCC                             0x080022a5   Thumb Code   256  main.o(.text.calculateBCC)
    main                                     0x080023e1   Thumb Code   228  main.o(.text.main)
    __aeabi_uidiv                            0x080024f9   Thumb Code    68  aeabi_sdivfast.o(.text_divfast)
    __aeabi_idiv                             0x0800253d   Thumb Code   434  aeabi_sdivfast.o(.text_divfast)
    _is_digit                                0x080026ef   Thumb Code    14  __printf_wp.o(i._is_digit)
    _get_lc_ctype                            0x080026fd   Thumb Code    44  lc_ctype_c.o(locale$$code)
    AHBPrescTable                            0x08002769   Data          16  system_stm32f0xx.o(.rodata.AHBPrescTable)
    APBPrescTable                            0x08002779   Data           8  system_stm32f0xx.o(.rodata.APBPrescTable)
    Region$$Table$$Base                      0x080027ac   Number         0  anon$$obj.o(Region$$Table)
    Region$$Table$$Limit                     0x080027cc   Number         0  anon$$obj.o(Region$$Table)
    __ctype                                  0x080027d9   Data           0  lc_ctype_c.o(locale$$data)
    uwTickFreq                               0x20000000   Data           1  stm32f0xx_hal.o(.data..L_MergedGlobals)
    uwTickPrio                               0x20000004   Data           4  stm32f0xx_hal.o(.data..L_MergedGlobals)
    SystemCoreClock                          0x20000008   Data           4  system_stm32f0xx.o(.data.SystemCoreClock)
    __libspace_start                         0x20000010   Data          96  libspace.o(.bss)
    __temporary_stack_top$libspace           0x20000070   Data           0  libspace.o(.bss)
    msg_rx                                   0x20000070   Data           3  main.o(.bss..L_MergedGlobals)
    buffer                                   0x20000074   Data          12  main.o(.bss..L_MergedGlobals)
    huart1                                   0x20000080   Data         136  main.o(.bss.huart1)
    msg_tx                                   0x20000108   Data         512  main.o(.bss.msg_tx)
    uwTick                                   0x20000308   Data           4  stm32f0xx_hal.o(.bss.uwTick)



==============================================================================

Memory Map of the image

  Image Entry point : 0x080000bd

  Load Region LR_IROM1 (Base: 0x08000000, Size: 0x000028f0, Max: 0x00010000, ABSOLUTE)

    Execution Region ER_IROM1 (Exec base: 0x08000000, Load base: 0x08000000, Size: 0x000028dc, Max: 0x00010000, ABSOLUTE)

    Exec Addr    Load Addr    Size         Type   Attr      Idx    E Section Name        Object

    0x08000000   0x08000000   0x000000bc   Data   RO            3    RESET               startup_stm32f051x8.o
    0x080000bc   0x080000bc   0x00000008   Code   RO          829  * !!!main             c_p.l(__main.o)
    0x080000c4   0x080000c4   0x00000054   Code   RO         1036    !!!scatter          c_p.l(__scatter.o)
    0x08000118   0x08000118   0x0000001a   Code   RO         1040    !!handler_copy      c_p.l(__scatter_copy.o)
    0x08000132   0x08000132   0x00000002   PAD
    0x08000134   0x08000134   0x00000002   Code   RO         1037    !!handler_null      c_p.l(__scatter.o)
    0x08000136   0x08000136   0x00000002   PAD
    0x08000138   0x08000138   0x0000001c   Code   RO         1042    !!handler_zi        c_p.l(__scatter_zi.o)
    0x08000154   0x08000154   0x00000002   Code   RO          815    .ARM.Collect$$_printf_percent$$00000000  c_p.l(_printf_percent.o)
    0x08000156   0x08000156   0x0000000a   Code   RO          812    .ARM.Collect$$_printf_percent$$00000008  c_p.l(_printf_i.o)
    0x08000160   0x08000160   0x0000000a   Code   RO          813    .ARM.Collect$$_printf_percent$$00000009  c_p.l(_printf_d.o)
    0x0800016a   0x0800016a   0x0000000a   Code   RO          814    .ARM.Collect$$_printf_percent$$0000000A  c_p.l(_printf_u.o)
    0x08000174   0x08000174   0x0000000a   Code   RO          811    .ARM.Collect$$_printf_percent$$0000000B  c_p.l(_printf_o.o)
    0x0800017e   0x0800017e   0x0000000a   Code   RO          810    .ARM.Collect$$_printf_percent$$0000000C  c_p.l(_printf_x.o)
    0x08000188   0x08000188   0x0000000a   Code   RO          847    .ARM.Collect$$_printf_percent$$00000012  c_p.l(_printf_l.o)
    0x08000192   0x08000192   0x0000000a   Code   RO          809    .ARM.Collect$$_printf_percent$$00000013  c_p.l(_printf_c.o)
    0x0800019c   0x0800019c   0x0000000a   Code   RO          816    .ARM.Collect$$_printf_percent$$00000015  c_p.l(_printf_lc.o)
    0x080001a6   0x080001a6   0x00000004   Code   RO          846    .ARM.Collect$$_printf_percent$$00000017  c_p.l(_printf_percent_end.o)
    0x080001aa   0x080001aa   0x00000002   Code   RO          895    .ARM.Collect$$libinit$$00000000  c_p.l(libinit.o)
    0x080001ac   0x080001ac   0x00000000   Code   RO          911    .ARM.Collect$$libinit$$00000002  c_p.l(libinit2.o)
    0x080001ac   0x080001ac   0x00000000   Code   RO          913    .ARM.Collect$$libinit$$00000004  c_p.l(libinit2.o)
    0x080001ac   0x080001ac   0x00000000   Code   RO          915    .ARM.Collect$$libinit$$00000006  c_p.l(libinit2.o)
    0x080001ac   0x080001ac   0x00000000   Code   RO          918    .ARM.Collect$$libinit$$0000000C  c_p.l(libinit2.o)
    0x080001ac   0x080001ac   0x00000000   Code   RO          920    .ARM.Collect$$libinit$$0000000E  c_p.l(libinit2.o)
    0x080001ac   0x080001ac   0x00000000   Code   RO          922    .ARM.Collect$$libinit$$00000010  c_p.l(libinit2.o)
    0x080001ac   0x080001ac   0x00000006   Code   RO          923    .ARM.Collect$$libinit$$00000011  c_p.l(libinit2.o)
    0x080001b2   0x080001b2   0x00000000   Code   RO          925    .ARM.Collect$$libinit$$00000013  c_p.l(libinit2.o)
    0x080001b2   0x080001b2   0x0000000c   Code   RO          926    .ARM.Collect$$libinit$$00000014  c_p.l(libinit2.o)
    0x080001be   0x080001be   0x00000000   Code   RO          927    .ARM.Collect$$libinit$$00000015  c_p.l(libinit2.o)
    0x080001be   0x080001be   0x00000000   Code   RO          929    .ARM.Collect$$libinit$$00000017  c_p.l(libinit2.o)
    0x080001be   0x080001be   0x00000000   Code   RO          931    .ARM.Collect$$libinit$$00000019  c_p.l(libinit2.o)
    0x080001be   0x080001be   0x00000000   Code   RO          933    .ARM.Collect$$libinit$$0000001B  c_p.l(libinit2.o)
    0x080001be   0x080001be   0x00000000   Code   RO          935    .ARM.Collect$$libinit$$0000001D  c_p.l(libinit2.o)
    0x080001be   0x080001be   0x00000000   Code   RO          937    .ARM.Collect$$libinit$$0000001F  c_p.l(libinit2.o)
    0x080001be   0x080001be   0x00000000   Code   RO          939    .ARM.Collect$$libinit$$00000021  c_p.l(libinit2.o)
    0x080001be   0x080001be   0x00000000   Code   RO          941    .ARM.Collect$$libinit$$00000023  c_p.l(libinit2.o)
    0x080001be   0x080001be   0x00000000   Code   RO          943    .ARM.Collect$$libinit$$00000025  c_p.l(libinit2.o)
    0x080001be   0x080001be   0x00000000   Code   RO          945    .ARM.Collect$$libinit$$00000027  c_p.l(libinit2.o)
    0x080001be   0x080001be   0x00000000   Code   RO          949    .ARM.Collect$$libinit$$0000002E  c_p.l(libinit2.o)
    0x080001be   0x080001be   0x00000000   Code   RO          951    .ARM.Collect$$libinit$$00000030  c_p.l(libinit2.o)
    0x080001be   0x080001be   0x00000000   Code   RO          953    .ARM.Collect$$libinit$$00000032  c_p.l(libinit2.o)
    0x080001be   0x080001be   0x00000000   Code   RO          955    .ARM.Collect$$libinit$$00000034  c_p.l(libinit2.o)
    0x080001be   0x080001be   0x00000002   Code   RO          956    .ARM.Collect$$libinit$$00000035  c_p.l(libinit2.o)
    0x080001c0   0x080001c0   0x00000002   Code   RO          991    .ARM.Collect$$libshutdown$$00000000  c_p.l(libshutdown.o)
    0x080001c2   0x080001c2   0x00000000   Code   RO         1019    .ARM.Collect$$libshutdown$$00000002  c_p.l(libshutdown2.o)
    0x080001c2   0x080001c2   0x00000000   Code   RO         1021    .ARM.Collect$$libshutdown$$00000004  c_p.l(libshutdown2.o)
    0x080001c2   0x080001c2   0x00000000   Code   RO         1024    .ARM.Collect$$libshutdown$$00000007  c_p.l(libshutdown2.o)
    0x080001c2   0x080001c2   0x00000000   Code   RO         1027    .ARM.Collect$$libshutdown$$0000000A  c_p.l(libshutdown2.o)
    0x080001c2   0x080001c2   0x00000000   Code   RO         1029    .ARM.Collect$$libshutdown$$0000000C  c_p.l(libshutdown2.o)
    0x080001c2   0x080001c2   0x00000000   Code   RO         1032    .ARM.Collect$$libshutdown$$0000000F  c_p.l(libshutdown2.o)
    0x080001c2   0x080001c2   0x00000002   Code   RO         1033    .ARM.Collect$$libshutdown$$00000010  c_p.l(libshutdown2.o)
    0x080001c4   0x080001c4   0x00000000   Code   RO          831    .ARM.Collect$$rtentry$$00000000  c_p.l(__rtentry.o)
    0x080001c4   0x080001c4   0x00000000   Code   RO          853    .ARM.Collect$$rtentry$$00000002  c_p.l(__rtentry2.o)
    0x080001c4   0x080001c4   0x00000006   Code   RO          865    .ARM.Collect$$rtentry$$00000004  c_p.l(__rtentry4.o)
    0x080001ca   0x080001ca   0x00000000   Code   RO          855    .ARM.Collect$$rtentry$$00000009  c_p.l(__rtentry2.o)
    0x080001ca   0x080001ca   0x00000004   Code   RO          856    .ARM.Collect$$rtentry$$0000000A  c_p.l(__rtentry2.o)
    0x080001ce   0x080001ce   0x00000000   Code   RO          858    .ARM.Collect$$rtentry$$0000000C  c_p.l(__rtentry2.o)
    0x080001ce   0x080001ce   0x00000008   Code   RO          859    .ARM.Collect$$rtentry$$0000000D  c_p.l(__rtentry2.o)
    0x080001d6   0x080001d6   0x00000002   Code   RO          900    .ARM.Collect$$rtexit$$00000000  c_p.l(rtexit.o)
    0x080001d8   0x080001d8   0x00000000   Code   RO          962    .ARM.Collect$$rtexit$$00000002  c_p.l(rtexit2.o)
    0x080001d8   0x080001d8   0x00000004   Code   RO          963    .ARM.Collect$$rtexit$$00000003  c_p.l(rtexit2.o)
    0x080001dc   0x080001dc   0x00000006   Code   RO          964    .ARM.Collect$$rtexit$$00000004  c_p.l(rtexit2.o)
    0x080001e2   0x080001e2   0x00000002   PAD
    0x080001e4   0x080001e4   0x00000038   Code   RO            4    .text               startup_stm32f051x8.o
    0x0800021c   0x0800021c   0x0000002c   Code   RO          745    .text               c_p.l(__2sprintf.o)
    0x08000248   0x08000248   0x0000004e   Code   RO          751    .text               c_p.l(_printf_pad.o)
    0x08000296   0x08000296   0x00000024   Code   RO          753    .text               c_p.l(_printf_truncate.o)
    0x080002ba   0x080002ba   0x00000052   Code   RO          755    .text               c_p.l(_printf_str.o)
    0x0800030c   0x0800030c   0x0000006c   Code   RO          757    .text               c_p.l(_printf_dec.o)
    0x08000378   0x08000378   0x000000bc   Code   RO          759    .text               c_p.l(_printf_wctomb.o)
    0x08000434   0x08000434   0x00000050   Code   RO          764    .text               c_p.l(_printf_oct_int.o)
    0x08000484   0x08000484   0x00000058   Code   RO          771    .text               c_p.l(_printf_hex_int.o)
    0x080004dc   0x080004dc   0x00000188   Code   RO          806    .text               c_p.l(__printf_flags_ss_wp.o)
    0x08000664   0x08000664   0x00000040   Code   RO          817    .text               c_p.l(rt_memclr.o)
    0x080006a4   0x080006a4   0x00000006   Code   RO          827    .text               c_p.l(heapauxi.o)
    0x080006aa   0x080006aa   0x000000b0   Code   RO          836    .text               c_p.l(_printf_intcommon.o)
    0x0800075a   0x0800075a   0x00000002   PAD
    0x0800075c   0x0800075c   0x00000030   Code   RO          838    .text               c_p.l(_printf_char_common.o)
    0x0800078c   0x0800078c   0x0000000a   Code   RO          840    .text               c_p.l(_sputc.o)
    0x08000796   0x08000796   0x0000002e   Code   RO          842    .text               c_p.l(_printf_char.o)
    0x080007c4   0x080007c4   0x0000002e   Code   RO          844    .text               c_p.l(_printf_wchar.o)
    0x080007f2   0x080007f2   0x00000042   Code   RO          848    .text               c_p.l(_c16rtomb.o)
    0x08000834   0x08000834   0x00000028   Code   RO          850    .text               c_p.l(rtudiv10.o)
    0x0800085c   0x0800085c   0x00000010   Code   RO          867    .text               c_p.l(rt_ctype_table.o)
    0x0800086c   0x0800086c   0x0000003e   Code   RO          873    .text               c_p.l(sys_stackheap_outer.o)
    0x080008aa   0x080008aa   0x00000002   PAD
    0x080008ac   0x080008ac   0x00000008   Code   RO          879    .text               c_p.l(rt_locale_intlibspace.o)
    0x080008b4   0x080008b4   0x00000010   Code   RO          884    .text               c_p.l(exit.o)
    0x080008c4   0x080008c4   0x00000008   Code   RO          896    .text               c_p.l(libspace.o)
    0x080008cc   0x080008cc   0x000000b0   Code   RO          908    .text               c_p.l(strcmpv6m.o)
    0x0800097c   0x0800097c   0x0000000c   Code   RO          957    .text               c_p.l(sys_exit.o)
    0x08000988   0x08000988   0x00000002   Code   RO          980    .text               c_p.l(use_no_semi.o)
    0x0800098a   0x0800098a   0x00000000   Code   RO          982    .text               c_p.l(indicate_semi.o)
    0x0800098a   0x0800098a   0x0000003e   Code   RO          542    .text.HAL_DMA_Abort  stm32f0xx_hal_dma.o
    0x080009c8   0x080009c8   0x00000042   Code   RO          544    .text.HAL_DMA_Abort_IT  stm32f0xx_hal_dma.o
    0x08000a0a   0x08000a0a   0x00000002   PAD
    0x08000a0c   0x08000a0c   0x000001c0   Code   RO          510    .text.HAL_GPIO_Init  stm32f0xx_hal_gpio.o
    0x08000bcc   0x08000bcc   0x00000008   Code   RO          292    .text.HAL_GetTick   stm32f0xx_hal.o
    0x08000bd4   0x08000bd4   0x00000014   Code   RO          290    .text.HAL_IncTick   stm32f0xx_hal.o
    0x08000be8   0x08000be8   0x0000001c   Code   RO          280    .text.HAL_Init      stm32f0xx_hal.o
    0x08000c04   0x08000c04   0x00000040   Code   RO          282    .text.HAL_InitTick  stm32f0xx_hal.o
    0x08000c44   0x08000c44   0x0000002c   Code   RO           55    .text.HAL_MspInit   stm32f0xx_hal_msp.o
    0x08000c70   0x08000c70   0x00000018   Code   RO          568    .text.HAL_NVIC_EnableIRQ  stm32f0xx_hal_cortex.o
    0x08000c88   0x08000c88   0x00000038   Code   RO          566    .text.HAL_NVIC_SetPriority  stm32f0xx_hal_cortex.o
    0x08000cc0   0x08000cc0   0x00000120   Code   RO          266    .text.HAL_RCCEx_PeriphCLKConfig  stm32f0xx_hal_rcc_ex.o
    0x08000de0   0x08000de0   0x00000140   Code   RO          235    .text.HAL_RCC_ClockConfig  stm32f0xx_hal_rcc.o
    0x08000f20   0x08000f20   0x0000001c   Code   RO          247    .text.HAL_RCC_GetPCLK1Freq  stm32f0xx_hal_rcc.o
    0x08000f3c   0x08000f3c   0x00000054   Code   RO          237    .text.HAL_RCC_GetSysClockFreq  stm32f0xx_hal_rcc.o
    0x08000f90   0x08000f90   0x000003f8   Code   RO          233    .text.HAL_RCC_OscConfig  stm32f0xx_hal_rcc.o
    0x08001388   0x08001388   0x00000034   Code   RO          574    .text.HAL_SYSTICK_Config  stm32f0xx_hal_cortex.o
    0x080013bc   0x080013bc   0x00000002   Code   RO          155    .text.HAL_UARTEx_RxEventCallback  stm32f0xx_hal_uart.o
    0x080013be   0x080013be   0x00000002   Code   RO          205    .text.HAL_UARTEx_WakeupCallback  stm32f0xx_hal_uart_ex.o
    0x080013c0   0x080013c0   0x00000002   Code   RO          153    .text.HAL_UART_ErrorCallback  stm32f0xx_hal_uart.o
    0x080013c2   0x080013c2   0x00000002   PAD
    0x080013c4   0x080013c4   0x000003ec   Code   RO          149    .text.HAL_UART_IRQHandler  stm32f0xx_hal_uart.o
    0x080017b0   0x080017b0   0x0000006e   Code   RO           69    .text.HAL_UART_Init  stm32f0xx_hal_uart.o
    0x0800181e   0x0800181e   0x00000002   PAD
    0x08001820   0x08001820   0x00000078   Code   RO           57    .text.HAL_UART_MspInit  stm32f0xx_hal_msp.o
    0x08001898   0x08001898   0x00000066   Code   RO          101    .text.HAL_UART_Receive_IT  stm32f0xx_hal_uart.o
    0x080018fe   0x080018fe   0x00000002   PAD
    0x08001900   0x08001900   0x000000f0   Code   RO           13    .text.HAL_UART_RxCpltCallback  main.o
    0x080019f0   0x080019f0   0x0000018c   Code   RO           89    .text.HAL_UART_Transmit  stm32f0xx_hal_uart.o
    0x08001b7c   0x08001b7c   0x00000002   Code   RO          157    .text.HAL_UART_TxCpltCallback  stm32f0xx_hal_uart.o
    0x08001b7e   0x08001b7e   0x00000002   Code   RO           38    .text.HardFault_Handler  stm32f0xx_it.o
    0x08001b80   0x08001b80   0x00000002   Code   RO           36    .text.NMI_Handler   stm32f0xx_it.o
    0x08001b82   0x08001b82   0x00000002   Code   RO           42    .text.PendSV_Handler  stm32f0xx_it.o
    0x08001b84   0x08001b84   0x00000002   Code   RO           40    .text.SVC_Handler   stm32f0xx_it.o
    0x08001b86   0x08001b86   0x00000008   Code   RO           44    .text.SysTick_Handler  stm32f0xx_it.o
    0x08001b8e   0x08001b8e   0x00000002   Code   RO          729    .text.SystemInit    system_stm32f0xx.o
    0x08001b90   0x08001b90   0x000000d2   Code   RO           73    .text.UART_AdvFeatureConfig  stm32f0xx_hal_uart.o
    0x08001c62   0x08001c62   0x00000002   PAD
    0x08001c64   0x08001c64   0x000000d0   Code   RO           77    .text.UART_CheckIdleState  stm32f0xx_hal_uart.o
    0x08001d34   0x08001d34   0x00000016   Code   RO          151    .text.UART_DMAAbortOnError  stm32f0xx_hal_uart.o
    0x08001d4a   0x08001d4a   0x000000d0   Code   RO          187    .text.UART_RxISR_16BIT  stm32f0xx_hal_uart.o
    0x08001e1a   0x08001e1a   0x000000d2   Code   RO          189    .text.UART_RxISR_8BIT  stm32f0xx_hal_uart.o
    0x08001eec   0x08001eec   0x0000012c   Code   RO           75    .text.UART_SetConfig  stm32f0xx_hal_uart.o
    0x08002018   0x08002018   0x000000c4   Code   RO          103    .text.UART_Start_Receive_IT  stm32f0xx_hal_uart.o
    0x080020dc   0x080020dc   0x000001bc   Code   RO           91    .text.UART_WaitOnFlagUntilTimeout  stm32f0xx_hal_uart.o
    0x08002298   0x08002298   0x0000000c   Code   RO           46    .text.USART1_IRQHandler  stm32f0xx_it.o
    0x080022a4   0x080022a4   0x0000013c   Code   RO           11    .text.calculateBCC  main.o
    0x080023e0   0x080023e0   0x00000118   Code   RO           15    .text.main          main.o
    0x080024f8   0x080024f8   0x000001f6   Code   RO          820    .text_divfast       c_p.l(aeabi_sdivfast.o)
    0x080026ee   0x080026ee   0x0000000e   Code   RO          799    i._is_digit         c_p.l(__printf_wp.o)
    0x080026fc   0x080026fc   0x0000002c   Code   RO          882    locale$$code        c_p.l(lc_ctype_c.o)
    0x08002728   0x08002728   0x00000008   Data   RO          760    .constdata          c_p.l(_printf_wctomb.o)
    0x08002730   0x08002730   0x00000028   Data   RO          772    .constdata          c_p.l(_printf_hex_int.o)
    0x08002758   0x08002758   0x00000011   Data   RO          807    .constdata          c_p.l(__printf_flags_ss_wp.o)
    0x08002769   0x08002769   0x00000010   Data   RO          734    .rodata.AHBPrescTable  system_stm32f0xx.o
    0x08002779   0x08002779   0x00000008   Data   RO          735    .rodata.APBPrescTable  system_stm32f0xx.o
    0x08002781   0x08002781   0x00000020   Data   RO          257    .rodata.cst16       stm32f0xx_hal_rcc.o
    0x080027a1   0x080027a1   0x0000000a   Data   RO           23    .rodata.str1.1      main.o
    0x080027ab   0x080027ab   0x00000001   PAD
    0x080027ac   0x080027ac   0x00000020   Data   RO         1035    Region$$Table       anon$$obj.o
    0x080027cc   0x080027cc   0x00000110   Data   RO          881    locale$$data        c_p.l(lc_ctype_c.o)


    Execution Region RW_IRAM1 (Exec base: 0x20000000, Load base: 0x080028e0, Size: 0x00000910, Max: 0x00002000, ABSOLUTE)

    Exec Addr    Load Addr    Size         Type   Attr      Idx    E Section Name        Object

    0x20000000   0x080028e0   0x00000008   Data   RW          327    .data..L_MergedGlobals  stm32f0xx_hal.o
    0x20000008   0x080028e8   0x00000004   Data   RW          733    .data.SystemCoreClock  system_stm32f0xx.o
    0x2000000c   0x080028ec   0x00000004   PAD
    0x20000010        -       0x00000060   Zero   RW          897    .bss                c_p.l(libspace.o)
    0x20000070        -       0x00000010   Zero   RW           27    .bss..L_MergedGlobals  main.o
    0x20000080        -       0x00000088   Zero   RW           21    .bss.huart1         main.o
    0x20000108        -       0x00000200   Zero   RW           22    .bss.msg_tx         main.o
    0x20000308        -       0x00000004   Zero   RW          326    .bss.uwTick         stm32f0xx_hal.o
    0x2000030c   0x080028ec   0x00000004   PAD
    0x20000310        -       0x00000200   Zero   RW            2    HEAP                startup_stm32f051x8.o
    0x20000510        -       0x00000400   Zero   RW            1    STACK               startup_stm32f051x8.o


==============================================================================

Image component sizes


      Code (inc. data)   RO Data    RW Data    ZI Data      Debug   Object Name

       836        196         10          0        664       7998   main.o
        56         26        188          0       1536        600   startup_stm32f051x8.o
       120          8          0          8          4       5342   stm32f0xx_hal.o
       132         24          0          0          0       5478   stm32f0xx_hal_cortex.o
       128          0          0          0          0       7961   stm32f0xx_hal_dma.o
       448         20          0          0          0       4983   stm32f0xx_hal_gpio.o
       164         12          0          0          0       5341   stm32f0xx_hal_msp.o
      1448         52         32          0          0       7931   stm32f0xx_hal_rcc.o
       288         12          0          0          0       3239   stm32f0xx_hal_rcc_ex.o
      3416         92          0          0          0      41863   stm32f0xx_hal_uart.o
         2          0          0          0          0       9029   stm32f0xx_hal_uart_ex.o
        28          0          0          0          0       1085   stm32f0xx_it.o
         2          0         24          4          0       1808   system_stm32f0xx.o

    ----------------------------------------------------------------------
      7078        442        287         12       2212     102658   Object Totals
         0          0         32          0          0          0   (incl. Generated)
        10          0          1          0          8          0   (incl. Padding)

    ----------------------------------------------------------------------

      Code (inc. data)   RO Data    RW Data    ZI Data      Debug   Library Member Name

        44          4          0          0          0         84   __2sprintf.o
         8          0          0          0          0         68   __main.o
       392          6         17          0          0         76   __printf_flags_ss_wp.o
        14          0          0          0          0         60   __printf_wp.o
         0          0          0          0          0          0   __rtentry.o
        12          0          0          0          0          0   __rtentry2.o
         6          0          0          0          0          0   __rtentry4.o
        86         10          0          0          0          0   __scatter.o
        26          0          0          0          0          0   __scatter_copy.o
        28          0          0          0          0          0   __scatter_zi.o
        66          0          0          0          0         76   _c16rtomb.o
        10          0          0          0          0          0   _printf_c.o
        46          0          0          0          0        100   _printf_char.o
        48          6          0          0          0         88   _printf_char_common.o
        10          0          0          0          0          0   _printf_d.o
       108         18          0          0          0         76   _printf_dec.o
        88          4         40          0          0         72   _printf_hex_int.o
        10          0          0          0          0          0   _printf_i.o
       176          0          0          0          0         84   _printf_intcommon.o
        10          0          0          0          0          0   _printf_l.o
        10          0          0          0          0          0   _printf_lc.o
        10          0          0          0          0          0   _printf_o.o
        80          8          0          0          0         72   _printf_oct_int.o
        78          0          0          0          0        100   _printf_pad.o
         2          0          0          0          0          0   _printf_percent.o
         4          0          0          0          0          0   _printf_percent_end.o
        82          0          0          0          0         72   _printf_str.o
        36          0          0          0          0         76   _printf_truncate.o
        10          0          0          0          0          0   _printf_u.o
        46          0          0          0          0        100   _printf_wchar.o
       188          6          8          0          0         80   _printf_wctomb.o
        10          0          0          0          0          0   _printf_x.o
        10          0          0          0          0         60   _sputc.o
       502          0          0          0          0         92   aeabi_sdivfast.o
        16          0          0          0          0         68   exit.o
         6          0          0          0          0        136   heapauxi.o
         0          0          0          0          0          0   indicate_semi.o
        44         10        272          0          0         76   lc_ctype_c.o
         2          0          0          0          0          0   libinit.o
        20          0          0          0          0          0   libinit2.o
         2          0          0          0          0          0   libshutdown.o
         2          0          0          0          0          0   libshutdown2.o
         8          4          0          0         96         68   libspace.o
        16          4          0          0          0         76   rt_ctype_table.o
         8          4          0          0          0         68   rt_locale_intlibspace.o
        64          0          0          0          0        108   rt_memclr.o
         2          0          0          0          0          0   rtexit.o
        10          0          0          0          0          0   rtexit2.o
        40          0          0          0          0         60   rtudiv10.o
       176          4          0          0          0         80   strcmpv6m.o
        12          4          0          0          0         60   sys_exit.o
        62          0          0          0          0         80   sys_stackheap_outer.o
         2          0          0          0          0         68   use_no_semi.o

    ----------------------------------------------------------------------
      2758         92        337          0         96       2384   Library Totals
        10          0          0          0          0          0   (incl. Padding)

    ----------------------------------------------------------------------

      Code (inc. data)   RO Data    RW Data    ZI Data      Debug   Library Name

      2748         92        337          0         96       2384   c_p.l

    ----------------------------------------------------------------------
      2758         92        337          0         96       2384   Library Totals

    ----------------------------------------------------------------------

==============================================================================


      Code (inc. data)   RO Data    RW Data    ZI Data      Debug   

      9836        534        624         12       2308     103746   Grand Totals
      9836        534        624         12       2308     103746   ELF Image Totals
      9836        534        624         12          0          0   ROM Totals

==============================================================================

    Total RO  Size (Code + RO Data)                10460 (  10.21kB)
    Total RW  Size (RW Data + ZI Data)              2320 (   2.27kB)
    Total ROM Size (Code + RO Data + RW Data)      10472 (  10.23kB)

==============================================================================

