Component: Arm Compiler for Embedded 6.22 Tool: armlink [5ee90200]

==============================================================================

Section Cross References

    startup_stm32f051x8.o(STACK) refers (Special) to heapauxi.o(.text) for __use_two_region_memory
    startup_stm32f051x8.o(HEAP) refers (Special) to heapauxi.o(.text) for __use_two_region_memory
    startup_stm32f051x8.o(RESET) refers (Special) to heapauxi.o(.text) for __use_two_region_memory
    startup_stm32f051x8.o(RESET) refers to startup_stm32f051x8.o(STACK) for __initial_sp
    startup_stm32f051x8.o(RESET) refers to startup_stm32f051x8.o(.text) for Reset_Handler
    startup_stm32f051x8.o(RESET) refers to stm32f0xx_it.o(.text.NMI_Handler) for NMI_Handler
    startup_stm32f051x8.o(RESET) refers to stm32f0xx_it.o(.text.HardFault_Handler) for HardFault_Handler
    startup_stm32f051x8.o(RESET) refers to stm32f0xx_it.o(.text.SVC_Handler) for SVC_Handler
    startup_stm32f051x8.o(RESET) refers to stm32f0xx_it.o(.text.PendSV_Handler) for PendSV_Handler
    startup_stm32f051x8.o(RESET) refers to stm32f0xx_it.o(.text.SysTick_Handler) for SysTick_Handler
    startup_stm32f051x8.o(RESET) refers to stm32f0xx_it.o(.text.DMA1_Channel2_3_IRQHandler) for DMA1_Channel2_3_IRQHandler
    startup_stm32f051x8.o(RESET) refers to stm32f0xx_it.o(.text.USART1_IRQHandler) for USART1_IRQHandler
    startup_stm32f051x8.o(.text) refers (Special) to heapauxi.o(.text) for __use_two_region_memory
    startup_stm32f051x8.o(.text) refers to system_stm32f0xx.o(.text.SystemInit) for SystemInit
    startup_stm32f051x8.o(.text) refers to __main.o(!!!main) for __main
    startup_stm32f051x8.o(.text) refers to startup_stm32f051x8.o(HEAP) for Heap_Mem
    startup_stm32f051x8.o(.text) refers to startup_stm32f051x8.o(STACK) for Stack_Mem
    main.o(.text) refers (Special) to _printf_percent.o(.ARM.Collect$$_printf_percent$$00000000) for _printf_percent
    main.o(.text) refers (Special) to _printf_d.o(.ARM.Collect$$_printf_percent$$00000009) for _printf_d
    main.o(.text) refers (Special) to _printf_dec.o(.text) for _printf_int_dec
    main.o(.text.reset_game) refers (Special) to _printf_percent.o(.ARM.Collect$$_printf_percent$$00000000) for _printf_percent
    main.o(.text.reset_game) refers (Special) to _printf_d.o(.ARM.Collect$$_printf_percent$$00000009) for _printf_d
    main.o(.text.reset_game) refers (Special) to _printf_dec.o(.text) for _printf_int_dec
    main.o(.text.reset_game) refers to main.o(.data..L_MergedGlobals) for [Anonymous Symbol]
    main.o(.text.reset_game) refers to main.o(.bss..L_MergedGlobals.1) for [Anonymous Symbol]
    main.o(.ARM.exidx.text.reset_game) refers (Special) to _printf_percent.o(.ARM.Collect$$_printf_percent$$00000000) for _printf_percent
    main.o(.ARM.exidx.text.reset_game) refers (Special) to _printf_d.o(.ARM.Collect$$_printf_percent$$00000009) for _printf_d
    main.o(.ARM.exidx.text.reset_game) refers (Special) to _printf_dec.o(.text) for _printf_int_dec
    main.o(.ARM.exidx.text.reset_game) refers to main.o(.text.reset_game) for [Anonymous Symbol]
    main.o(.text.update_game) refers (Special) to _printf_percent.o(.ARM.Collect$$_printf_percent$$00000000) for _printf_percent
    main.o(.text.update_game) refers (Special) to _printf_d.o(.ARM.Collect$$_printf_percent$$00000009) for _printf_d
    main.o(.text.update_game) refers (Special) to _printf_dec.o(.text) for _printf_int_dec
    main.o(.text.update_game) refers to main.o(.bss..L_MergedGlobals.1) for [Anonymous Symbol]
    main.o(.text.update_game) refers to main.o(.data..L_MergedGlobals) for [Anonymous Symbol]
    main.o(.ARM.exidx.text.update_game) refers (Special) to _printf_percent.o(.ARM.Collect$$_printf_percent$$00000000) for _printf_percent
    main.o(.ARM.exidx.text.update_game) refers (Special) to _printf_d.o(.ARM.Collect$$_printf_percent$$00000009) for _printf_d
    main.o(.ARM.exidx.text.update_game) refers (Special) to _printf_dec.o(.text) for _printf_int_dec
    main.o(.ARM.exidx.text.update_game) refers to main.o(.text.update_game) for [Anonymous Symbol]
    main.o(.text.send_game_state) refers (Special) to _printf_percent.o(.ARM.Collect$$_printf_percent$$00000000) for _printf_percent
    main.o(.text.send_game_state) refers (Special) to _printf_d.o(.ARM.Collect$$_printf_percent$$00000009) for _printf_d
    main.o(.text.send_game_state) refers (Special) to _printf_dec.o(.text) for _printf_int_dec
    main.o(.text.send_game_state) refers to noretval__2snprintf.o(.text) for __2snprintf
    main.o(.text.send_game_state) refers to strlen.o(.text) for strlen
    main.o(.text.send_game_state) refers to stm32f0xx_hal_uart.o(.text.HAL_UART_Transmit) for HAL_UART_Transmit
    main.o(.text.send_game_state) refers to main.o(.data..L_MergedGlobals) for [Anonymous Symbol]
    main.o(.text.send_game_state) refers to main.o(.rodata.str1.1) for [Anonymous Symbol]
[...]
    Removing stm32f0xx_hal_i2c.o(.text.HAL_I2C_AbortCpltCallback), (2 bytes).
    Removing stm32f0xx_hal_i2c.o(.ARM.exidx.text.HAL_I2C_AbortCpltCallback), (8 bytes).
    Removing stm32f0xx_hal_i2c.o(.text.HAL_I2C_GetState), (6 bytes).
    Removing stm32f0xx_hal_i2c.o(.ARM.exidx.text.HAL_I2C_GetState), (8 bytes).
    Removing stm32f0xx_hal_i2c.o(.text.HAL_I2C_GetMode), (6 bytes).
    Removing stm32f0xx_hal_i2c.o(.ARM.exidx.text.HAL_I2C_GetMode), (8 bytes).
    Removing stm32f0xx_hal_i2c.o(.text.HAL_I2C_GetError), (4 bytes).
    Removing stm32f0xx_hal_i2c.o(.ARM.exidx.text.HAL_I2C_GetError), (8 bytes).
    Removing stm32f0xx_hal_i2c.o(.text.I2C_ITMasterSeqCplt), (96 bytes).
    Removing stm32f0xx_hal_i2c.o(.ARM.exidx.text.I2C_ITMasterSeqCplt), (8 bytes).
    Removing stm32f0xx_hal_i2c.o(.text.I2C_ITMasterCplt), (264 bytes).
    Removing stm32f0xx_hal_i2c.o(.ARM.exidx.text.I2C_ITMasterCplt), (8 bytes).
    Removing stm32f0xx_hal_i2c.o(.text.I2C_ITSlaveCplt), (860 bytes).
    Removing stm32f0xx_hal_i2c.o(.ARM.exidx.text.I2C_ITSlaveCplt), (8 bytes).
    Removing stm32f0xx_hal_i2c.o(.text.I2C_ITListenCplt), (96 bytes).
    Removing stm32f0xx_hal_i2c.o(.ARM.exidx.text.I2C_ITListenCplt), (8 bytes).
    Removing stm32f0xx_hal_i2c.o(.text.I2C_ITSlaveSeqCplt), (132 bytes).
    Removing stm32f0xx_hal_i2c.o(.ARM.exidx.text.I2C_ITSlaveSeqCplt), (8 bytes).
    Removing stm32f0xx_hal_i2c.o(.text.I2C_ITAddrCplt), (156 bytes).
    Removing stm32f0xx_hal_i2c.o(.ARM.exidx.text.I2C_ITAddrCplt), (8 bytes).
    Removing stm32f0xx_hal_i2c.o(.text.I2C_IsErrorOccurred), (380 bytes).
    Removing stm32f0xx_hal_i2c.o(.ARM.exidx.text.I2C_IsErrorOccurred), (8 bytes).
    Removing stm32f0xx_hal_i2c_ex.o(.text), (0 bytes).
    Removing stm32f0xx_hal_i2c_ex.o(.text.HAL_I2CEx_ConfigAnalogFilter), (66 bytes).
    Removing stm32f0xx_hal_i2c_ex.o(.ARM.exidx.text.HAL_I2CEx_ConfigAnalogFilter), (8 bytes).
    Removing stm32f0xx_hal_i2c_ex.o(.text.HAL_I2CEx_ConfigDigitalFilter), (66 bytes).
    Removing stm32f0xx_hal_i2c_ex.o(.ARM.exidx.text.HAL_I2CEx_ConfigDigitalFilter), (8 bytes).
    Removing stm32f0xx_hal_i2c_ex.o(.text.HAL_I2CEx_EnableWakeUp), (60 bytes).
    Removing stm32f0xx_hal_i2c_ex.o(.ARM.exidx.text.HAL_I2CEx_EnableWakeUp), (8 bytes).
    Removing stm32f0xx_hal_i2c_ex.o(.text.HAL_I2CEx_DisableWakeUp), (60 bytes).
    Removing stm32f0xx_hal_i2c_ex.o(.ARM.exidx.text.HAL_I2CEx_DisableWakeUp), (8 bytes).
    Removing stm32f0xx_hal_i2c_ex.o(.text.HAL_I2CEx_EnableFastModePlus), (40 bytes).
    Removing stm32f0xx_hal_i2c_ex.o(.ARM.exidx.text.HAL_I2CEx_EnableFastModePlus), (8 bytes).
    Removing stm32f0xx_hal_i2c_ex.o(.text.HAL_I2CEx_DisableFastModePlus), (40 bytes).
    Removing stm32f0xx_hal_i2c_ex.o(.ARM.exidx.text.HAL_I2CEx_DisableFastModePlus), (8 bytes).
    Removing stm32f0xx_hal_gpio.o(.text), (0 bytes).
    Removing stm32f0xx_hal_gpio.o(.ARM.exidx.text.HAL_GPIO_Init), (8 bytes).
    Removing stm32f0xx_hal_gpio.o(.text.HAL_GPIO_DeInit), (260 bytes).
    Removing stm32f0xx_hal_gpio.o(.ARM.exidx.text.HAL_GPIO_DeInit), (8 bytes).
    Removing stm32f0xx_hal_gpio.o(.text.HAL_GPIO_ReadPin), (10 bytes).
    Removing stm32f0xx_hal_gpio.o(.ARM.exidx.text.HAL_GPIO_ReadPin), (8 bytes).
    Removing stm32f0xx_hal_gpio.o(.text.HAL_GPIO_WritePin), (16 bytes).
    Removing stm32f0xx_hal_gpio.o(.ARM.exidx.text.HAL_GPIO_WritePin), (8 bytes).
    Removing stm32f0xx_hal_gpio.o(.text.HAL_GPIO_TogglePin), (16 bytes).
    Removing stm32f0xx_hal_gpio.o(.ARM.exidx.text.HAL_GPIO_TogglePin), (8 bytes).
    Removing stm32f0xx_hal_gpio.o(.text.HAL_GPIO_LockPin), (40 bytes).
    Removing stm32f0xx_hal_gpio.o(.ARM.exidx.text.HAL_GPIO_LockPin), (8 bytes).
    Removing stm32f0xx_hal_gpio.o(.text.HAL_GPIO_EXTI_IRQHandler), (24 bytes).
    Removing stm32f0xx_hal_gpio.o(.ARM.exidx.text.HAL_GPIO_EXTI_IRQHandler), (8 bytes).
    Removing stm32f0xx_hal_gpio.o(.text.HAL_GPIO_EXTI_Callback), (2 bytes).
    Removing stm32f0xx_hal_gpio.o(.ARM.exidx.text.HAL_GPIO_EXTI_Callback), (8 bytes).
    Removing stm32f0xx_hal_dma.o(.text), (0 bytes).
    Removing stm32f0xx_hal_dma.o(.ARM.exidx.text.HAL_DMA_Init), (8 bytes).
    Removing stm32f0xx_hal_dma.o(.text.HAL_DMA_DeInit), (96 bytes).
    Removing stm32f0xx_hal_dma.o(.ARM.exidx.text.HAL_DMA_DeInit), (8 bytes).
    Removing stm32f0xx_hal_dma.o(.text.HAL_DMA_Start), (104 bytes).
    Removing stm32f0xx_hal_dma.o(.ARM.exidx.text.HAL_DMA_Start), (8 bytes).
    Removing stm32f0xx_hal_dma.o(.text.HAL_DMA_Start_IT), (130 bytes).
    Removing stm32f0xx_hal_dma.o(.ARM.exidx.text.HAL_DMA_Start_IT), (8 bytes).
    Removing stm32f0xx_hal_dma.o(.ARM.exidx.text.HAL_DMA_Abort), (8 bytes).
    Removing stm32f0xx_hal_dma.o(.ARM.exidx.text.HAL_DMA_Abort_IT), (8 bytes).
    Removing stm32f0xx_hal_dma.o(.text.HAL_DMA_PollForTransfer), (276 bytes).
    Removing stm32f0xx_hal_dma.o(.ARM.exidx.text.HAL_DMA_PollForTransfer), (8 bytes).
    Removing stm32f0xx_hal_dma.o(.ARM.exidx.text.HAL_DMA_IRQHandler), (8 bytes).
    Removing stm32f0xx_hal_dma.o(.text.HAL_DMA_RegisterCallback), (46 bytes).
    Removing stm32f0xx_hal_dma.o(.ARM.exidx.text.HAL_DMA_RegisterCallback), (8 bytes).
    Removing stm32f0xx_hal_dma.o(.text.HAL_DMA_UnRegisterCallback), (102 bytes).
    Removing stm32f0xx_hal_dma.o(.ARM.exidx.text.HAL_DMA_UnRegisterCallback), (8 bytes).
    Removing stm32f0xx_hal_dma.o(.text.HAL_DMA_GetState), (6 bytes).
    Removing stm32f0xx_hal_dma.o(.ARM.exidx.text.HAL_DMA_GetState), (8 bytes).
    Removing stm32f0xx_hal_dma.o(.text.HAL_DMA_GetError), (4 bytes).
    Removing stm32f0xx_hal_dma.o(.ARM.exidx.text.HAL_DMA_GetError), (8 bytes).
    Removing stm32f0xx_hal_cortex.o(.text), (0 bytes).
    Removing stm32f0xx_hal_cortex.o(.ARM.exidx.text.HAL_NVIC_SetPriority), (8 bytes).
    Removing stm32f0xx_hal_cortex.o(.ARM.exidx.text.HAL_NVIC_EnableIRQ), (8 bytes).
    Removing stm32f0xx_hal_cortex.o(.text.HAL_NVIC_DisableIRQ), (32 bytes).
    Removing stm32f0xx_hal_cortex.o(.ARM.exidx.text.HAL_NVIC_DisableIRQ), (8 bytes).
    Removing stm32f0xx_hal_cortex.o(.text.HAL_NVIC_SystemReset), (32 bytes).
    Removing stm32f0xx_hal_cortex.o(.ARM.exidx.text.HAL_NVIC_SystemReset), (8 bytes).
    Removing stm32f0xx_hal_cortex.o(.ARM.exidx.text.HAL_SYSTICK_Config), (8 bytes).
    Removing stm32f0xx_hal_cortex.o(.text.HAL_NVIC_GetPriority), (48 bytes).
    Removing stm32f0xx_hal_cortex.o(.ARM.exidx.text.HAL_NVIC_GetPriority), (8 bytes).
    Removing stm32f0xx_hal_cortex.o(.text.HAL_NVIC_SetPendingIRQ), (24 bytes).
    Removing stm32f0xx_hal_cortex.o(.ARM.exidx.text.HAL_NVIC_SetPendingIRQ), (8 bytes).
    Removing stm32f0xx_hal_cortex.o(.text.HAL_NVIC_GetPendingIRQ), (28 bytes).
    Removing stm32f0xx_hal_cortex.o(.ARM.exidx.text.HAL_NVIC_GetPendingIRQ), (8 bytes).
    Removing stm32f0xx_hal_cortex.o(.text.HAL_NVIC_ClearPendingIRQ), (24 bytes).
    Removing stm32f0xx_hal_cortex.o(.ARM.exidx.text.HAL_NVIC_ClearPendingIRQ), (8 bytes).
    Removing stm32f0xx_hal_cortex.o(.text.HAL_SYSTICK_CLKSourceConfig), (28 bytes).
    Removing stm32f0xx_hal_cortex.o(.ARM.exidx.text.HAL_SYSTICK_CLKSourceConfig), (8 bytes).
    Removing stm32f0xx_hal_cortex.o(.text.HAL_SYSTICK_IRQHandler), (8 bytes).
    Removing stm32f0xx_hal_cortex.o(.ARM.exidx.text.HAL_SYSTICK_IRQHandler), (8 bytes).
    Removing stm32f0xx_hal_cortex.o(.text.HAL_SYSTICK_Callback), (2 bytes).
    Removing stm32f0xx_hal_cortex.o(.ARM.exidx.text.HAL_SYSTICK_Callback), (8 bytes).
    Removing stm32f0xx_hal_pwr.o(.text), (0 bytes).
    Removing stm32f0xx_hal_pwr.o(.text.HAL_PWR_DeInit), (24 bytes).
    Removing stm32f0xx_hal_pwr.o(.ARM.exidx.text.HAL_PWR_DeInit), (8 bytes).
    Removing stm32f0xx_hal_pwr.o(.text.HAL_PWR_EnableBkUpAccess), (20 bytes).
    Removing stm32f0xx_hal_pwr.o(.ARM.exidx.text.HAL_PWR_EnableBkUpAccess), (8 bytes).
    Removing stm32f0xx_hal_pwr.o(.text.HAL_PWR_DisableBkUpAccess), (20 bytes).
    Removing stm32f0xx_hal_pwr.o(.ARM.exidx.text.HAL_PWR_DisableBkUpAccess), (8 bytes).
    Removing stm32f0xx_hal_pwr.o(.text.HAL_PWR_EnableWakeUpPin), (16 bytes).
    Removing stm32f0xx_hal_pwr.o(.ARM.exidx.text.HAL_PWR_EnableWakeUpPin), (8 bytes).
    Removing stm32f0xx_hal_pwr.o(.text.HAL_PWR_DisableWakeUpPin), (16 bytes).
    Removing stm32f0xx_hal_pwr.o(.ARM.exidx.text.HAL_PWR_DisableWakeUpPin), (8 bytes).
    Removing stm32f0xx_hal_pwr.o(.text.HAL_PWR_EnterSLEEPMode), (32 bytes).
    Removing stm32f0xx_hal_pwr.o(.ARM.exidx.text.HAL_PWR_EnterSLEEPMode), (8 bytes).
    Removing stm32f0xx_hal_pwr.o(.text.HAL_PWR_EnterSTOPMode), (60 bytes).
    Removing stm32f0xx_hal_pwr.o(.ARM.exidx.text.HAL_PWR_EnterSTOPMode), (8 bytes).
    Removing stm32f0xx_hal_pwr.o(.text.HAL_PWR_EnterSTANDBYMode), (32 bytes).
    Removing stm32f0xx_hal_pwr.o(.ARM.exidx.text.HAL_PWR_EnterSTANDBYMode), (8 bytes).
    Removing stm32f0xx_hal_pwr.o(.text.HAL_PWR_EnableSleepOnExit), (16 bytes).
    Removing stm32f0xx_hal_pwr.o(.ARM.exidx.text.HAL_PWR_EnableSleepOnExit), (8 bytes).
    Removing stm32f0xx_hal_pwr.o(.text.HAL_PWR_DisableSleepOnExit), (16 bytes).
    Removing stm32f0xx_hal_pwr.o(.ARM.exidx.text.HAL_PWR_DisableSleepOnExit), (8 bytes).
    Removing stm32f0xx_hal_pwr.o(.text.HAL_PWR_EnableSEVOnPend), (16 bytes).
    Removing stm32f0xx_hal_pwr.o(.ARM.exidx.text.HAL_PWR_EnableSEVOnPend), (8 bytes).
    Removing stm32f0xx_hal_pwr.o(.text.HAL_PWR_DisableSEVOnPend), (16 bytes).
    Removing stm32f0xx_hal_pwr.o(.ARM.exidx.text.HAL_PWR_DisableSEVOnPend), (8 bytes).
    Removing stm32f0xx_hal_pwr_ex.o(.text), (0 bytes).
    Removing stm32f0xx_hal_pwr_ex.o(.text.HAL_PWR_ConfigPVD), (116 bytes).
    Removing stm32f0xx_hal_pwr_ex.o(.ARM.exidx.text.HAL_PWR_ConfigPVD), (8 bytes).
    Removing stm32f0xx_hal_pwr_ex.o(.text.HAL_PWR_EnablePVD), (16 bytes).
    Removing stm32f0xx_hal_pwr_ex.o(.ARM.exidx.text.HAL_PWR_EnablePVD), (8 bytes).
    Removing stm32f0xx_hal_pwr_ex.o(.text.HAL_PWR_DisablePVD), (16 bytes).
    Removing stm32f0xx_hal_pwr_ex.o(.ARM.exidx.text.HAL_PWR_DisablePVD), (8 bytes).
    Removing stm32f0xx_hal_pwr_ex.o(.text.HAL_PWR_PVD_IRQHandler), (28 bytes).
    Removing stm32f0xx_hal_pwr_ex.o(.ARM.exidx.text.HAL_PWR_PVD_IRQHandler), (8 bytes).
    Removing stm32f0xx_hal_pwr_ex.o(.text.HAL_PWR_PVDCallback), (2 bytes).
    Removing stm32f0xx_hal_pwr_ex.o(.ARM.exidx.text.HAL_PWR_PVDCallback), (8 bytes).
    Removing stm32f0xx_hal_flash.o(.text), (0 bytes).
    Removing stm32f0xx_hal_flash.o(.text.HAL_FLASH_Program), (556 bytes).
    Removing stm32f0xx_hal_flash.o(.ARM.exidx.text.HAL_FLASH_Program), (8 bytes).
    Removing stm32f0xx_hal_flash.o(.text.FLASH_WaitForLastOperation), (176 bytes).
    Removing stm32f0xx_hal_flash.o(.ARM.exidx.text.FLASH_WaitForLastOperation), (8 bytes).
    Removing stm32f0xx_hal_flash.o(.text.HAL_FLASH_Program_IT), (92 bytes).
    Removing stm32f0xx_hal_flash.o(.ARM.exidx.text.HAL_FLASH_Program_IT), (8 bytes).
    Removing stm32f0xx_hal_flash.o(.text.HAL_FLASH_IRQHandler), (348 bytes).
    Removing stm32f0xx_hal_flash.o(.ARM.exidx.text.HAL_FLASH_IRQHandler), (8 bytes).
    Removing stm32f0xx_hal_flash.o(.text.HAL_FLASH_OperationErrorCallback), (2 bytes).
    Removing stm32f0xx_hal_flash.o(.ARM.exidx.text.HAL_FLASH_OperationErrorCallback), (8 bytes).
    Removing stm32f0xx_hal_flash.o(.text.HAL_FLASH_EndOfOperationCallback), (2 bytes).
    Removing stm32f0xx_hal_flash.o(.ARM.exidx.text.HAL_FLASH_EndOfOperationCallback), (8 bytes).
    Removing stm32f0xx_hal_flash.o(.text.HAL_FLASH_Unlock), (40 bytes).
    Removing stm32f0xx_hal_flash.o(.ARM.exidx.text.HAL_FLASH_Unlock), (8 bytes).
    Removing stm32f0xx_hal_flash.o(.text.HAL_FLASH_Lock), (20 bytes).
    Removing stm32f0xx_hal_flash.o(.ARM.exidx.text.HAL_FLASH_Lock), (8 bytes).
    Removing stm32f0xx_hal_flash.o(.text.HAL_FLASH_OB_Unlock), (36 bytes).
    Removing stm32f0xx_hal_flash.o(.ARM.exidx.text.HAL_FLASH_OB_Unlock), (8 bytes).
    Removing stm32f0xx_hal_flash.o(.text.HAL_FLASH_OB_Lock), (20 bytes).
    Removing stm32f0xx_hal_flash.o(.ARM.exidx.text.HAL_FLASH_OB_Lock), (8 bytes).
    Removing stm32f0xx_hal_flash.o(.text.HAL_FLASH_OB_Launch), (152 bytes).
    Removing stm32f0xx_hal_flash.o(.ARM.exidx.text.HAL_FLASH_OB_Launch), (8 bytes).
    Removing stm32f0xx_hal_flash.o(.text.HAL_FLASH_GetError), (12 bytes).
    Removing stm32f0xx_hal_flash.o(.ARM.exidx.text.HAL_FLASH_GetError), (8 bytes).
    Removing stm32f0xx_hal_flash.o(.bss.pFlash), (32 bytes).
    Removing stm32f0xx_hal_flash_ex.o(.text), (0 bytes).
    Removing stm32f0xx_hal_flash_ex.o(.text.HAL_FLASHEx_Erase), (236 bytes).
    Removing stm32f0xx_hal_flash_ex.o(.ARM.exidx.text.HAL_FLASHEx_Erase), (8 bytes).
    Removing stm32f0xx_hal_flash_ex.o(.text.FLASH_PageErase), (36 bytes).
    Removing stm32f0xx_hal_flash_ex.o(.ARM.exidx.text.FLASH_PageErase), (8 bytes).
    Removing stm32f0xx_hal_flash_ex.o(.text.HAL_FLASHEx_Erase_IT), (112 bytes).
    Removing stm32f0xx_hal_flash_ex.o(.ARM.exidx.text.HAL_FLASHEx_Erase_IT), (8 bytes).
    Removing stm32f0xx_hal_flash_ex.o(.text.HAL_FLASHEx_OBErase), (184 bytes).
    Removing stm32f0xx_hal_flash_ex.o(.ARM.exidx.text.HAL_FLASHEx_OBErase), (8 bytes).
    Removing stm32f0xx_hal_flash_ex.o(.text.HAL_FLASHEx_OBProgram), (480 bytes).
    Removing stm32f0xx_hal_flash_ex.o(.ARM.exidx.text.HAL_FLASHEx_OBProgram), (8 bytes).
    Removing stm32f0xx_hal_flash_ex.o(.text.HAL_FLASHEx_OBGetConfig), (56 bytes).
    Removing stm32f0xx_hal_flash_ex.o(.ARM.exidx.text.HAL_FLASHEx_OBGetConfig), (8 bytes).
    Removing stm32f0xx_hal_flash_ex.o(.text.HAL_FLASHEx_OBGetUserData), (28 bytes).
    Removing stm32f0xx_hal_flash_ex.o(.ARM.exidx.text.HAL_FLASHEx_OBGetUserData), (8 bytes).
    Removing stm32f0xx_hal_exti.o(.text), (0 bytes).
    Removing stm32f0xx_hal_exti.o(.text.HAL_EXTI_SetConfigLine), (160 bytes).
    Removing stm32f0xx_hal_exti.o(.ARM.exidx.text.HAL_EXTI_SetConfigLine), (8 bytes).
    Removing stm32f0xx_hal_exti.o(.text.HAL_EXTI_GetConfigLine), (128 bytes).
    Removing stm32f0xx_hal_exti.o(.ARM.exidx.text.HAL_EXTI_GetConfigLine), (8 bytes).
    Removing stm32f0xx_hal_exti.o(.text.HAL_EXTI_ClearConfigLine), (96 bytes).
    Removing stm32f0xx_hal_exti.o(.ARM.exidx.text.HAL_EXTI_ClearConfigLine), (8 bytes).
    Removing stm32f0xx_hal_exti.o(.text.HAL_EXTI_RegisterCallback), (14 bytes).
    Removing stm32f0xx_hal_exti.o(.ARM.exidx.text.HAL_EXTI_RegisterCallback), (8 bytes).
    Removing stm32f0xx_hal_exti.o(.text.HAL_EXTI_GetHandle), (14 bytes).
    Removing stm32f0xx_hal_exti.o(.ARM.exidx.text.HAL_EXTI_GetHandle), (8 bytes).
    Removing stm32f0xx_hal_exti.o(.text.HAL_EXTI_IRQHandler), (36 bytes).
    Removing stm32f0xx_hal_exti.o(.ARM.exidx.text.HAL_EXTI_IRQHandler), (8 bytes).
    Removing stm32f0xx_hal_exti.o(.text.HAL_EXTI_GetPending), (24 bytes).
    Removing stm32f0xx_hal_exti.o(.ARM.exidx.text.HAL_EXTI_GetPending), (8 bytes).
    Removing stm32f0xx_hal_exti.o(.text.HAL_EXTI_ClearPending), (20 bytes).
    Removing stm32f0xx_hal_exti.o(.ARM.exidx.text.HAL_EXTI_ClearPending), (8 bytes).
    Removing stm32f0xx_hal_exti.o(.text.HAL_EXTI_GenerateSWI), (20 bytes).
    Removing stm32f0xx_hal_exti.o(.ARM.exidx.text.HAL_EXTI_GenerateSWI), (8 bytes).
    Removing system_stm32f0xx.o(.text), (0 bytes).
    Removing system_stm32f0xx.o(.ARM.exidx.text.SystemInit), (8 bytes).
    Removing system_stm32f0xx.o(.text.SystemCoreClockUpdate), (92 bytes).
    Removing system_stm32f0xx.o(.ARM.exidx.text.SystemCoreClockUpdate), (8 bytes).

549 unused section(s) (total 30676 bytes) removed from the image.

==============================================================================

Image Symbol Table

    Local Symbols

    Symbol Name                              Value     Ov Type        Size  Object(Section)

    ../clib/angel/boardlib.s                 0x00000000   Number         0  boardinit1.o ABSOLUTE
    ../clib/angel/boardlib.s                 0x00000000   Number         0  boardinit2.o ABSOLUTE
    ../clib/angel/boardlib.s                 0x00000000   Number         0  boardinit3.o ABSOLUTE
    ../clib/angel/boardlib.s                 0x00000000   Number         0  boardshut.o ABSOLUTE
    ../clib/angel/handlers.s                 0x00000000   Number         0  __scatter_copy.o ABSOLUTE
    ../clib/angel/handlers.s                 0x00000000   Number         0  __scatter_zi.o ABSOLUTE
    ../clib/angel/kernel.s                   0x00000000   Number         0  __rtentry.o ABSOLUTE
    ../clib/angel/kernel.s                   0x00000000   Number         0  __rtentry2.o ABSOLUTE
    ../clib/angel/kernel.s                   0x00000000   Number         0  __rtentry4.o ABSOLUTE
    ../clib/angel/kernel.s                   0x00000000   Number         0  rtexit.o ABSOLUTE
    ../clib/angel/kernel.s                   0x00000000   Number         0  rtexit2.o ABSOLUTE
    ../clib/angel/rt.s                       0x00000000   Number         0  aeabi_idiv0.o ABSOLUTE
    ../clib/angel/rt.s                       0x00000000   Number         0  aeabi_idiv0_sigfpe.o ABSOLUTE
    ../clib/angel/rt.s                       0x00000000   Number         0  rt_div0.o ABSOLUTE
    ../clib/angel/rt.s                       0x00000000   Number         0  rt_raise.o ABSOLUTE
    ../clib/angel/scatterp.s                 0x00000000   Number         0  __scatter.o ABSOLUTE
    ../clib/angel/startup.s                  0x00000000   Number         0  __main.o ABSOLUTE
    ../clib/angel/sys.s                      0x00000000   Number         0  sys_stackheap_outer.o ABSOLUTE
    ../clib/angel/sys.s                      0x00000000   Number         0  libspace.o ABSOLUTE
    ../clib/angel/sys.s                      0x00000000   Number         0  tempstk.o ABSOLUTE
    ../clib/angel/sys.s                      0x00000000   Number         0  use_no_semi.o ABSOLUTE
    ../clib/angel/sys.s                      0x00000000   Number         0  indicate_semi.o ABSOLUTE
    ../clib/angel/sysapp.c                   0x00000000   Number         0  sys_exit.o ABSOLUTE
    ../clib/angel/sysapp.c                   0x00000000   Number         0  sys_exit_hlt.o ABSOLUTE
    ../clib/angel/sysapp.c                   0x00000000   Number         0  sys_wrch.o ABSOLUTE
    ../clib/angel/sysapp.c                   0x00000000   Number         0  sys_wrch_hlt.o ABSOLUTE
    ../clib/angel/sysapp.c                   0x00000000   Number         0  sys_command.o ABSOLUTE
    ../clib/angel/sysapp.c                   0x00000000   Number         0  sys_command_hlt.o ABSOLUTE
    ../clib/armsys.c                         0x00000000   Number         0  argv_veneer.o ABSOLUTE
    ../clib/armsys.c                         0x00000000   Number         0  _get_argv_nomalloc.o ABSOLUTE
    ../clib/armsys.c                         0x00000000   Number         0  no_argv.o ABSOLUTE
    ../clib/division.c                       0x00000000   Number         0  rtudiv10.o ABSOLUTE
    ../clib/division.s                       0x00000000   Number         0  aeabi_sdivfast.o ABSOLUTE
    ../clib/division.s                       0x00000000   Number         0  aeabi_sdivfast_div0.o ABSOLUTE
    ../clib/heapalloc.c                      0x00000000   Number         0  hrguard.o ABSOLUTE
    ../clib/heapaux.c                        0x00000000   Number         0  heapauxi.o ABSOLUTE
    ../clib/libinit.s                        0x00000000   Number         0  libinit.o ABSOLUTE
    ../clib/libinit.s                        0x00000000   Number         0  libinit2.o ABSOLUTE
    ../clib/libinit.s                        0x00000000   Number         0  libshutdown.o ABSOLUTE
    ../clib/libinit.s                        0x00000000   Number         0  libshutdown2.o ABSOLUTE
    ../clib/memcpset.c                       0x00000000   Number         0  rt_memclr.o ABSOLUTE
    ../clib/printf.c                         0x00000000   Number         0  __2snprintf.o ABSOLUTE
    ../clib/printf.c                         0x00000000   Number         0  noretval__2snprintf.o ABSOLUTE
    ../clib/printf.c                         0x00000000   Number         0  __printf.o ABSOLUTE
    ../clib/printf.c                         0x00000000   Number         0  _printf_dec.o ABSOLUTE
    ../clib/printf.c                         0x00000000   Number         0  __printf_flags.o ABSOLUTE
    ../clib/printf.c                         0x00000000   Number         0  __printf_ss.o ABSOLUTE
    ../clib/printf.c                         0x00000000   Number         0  __printf_flags_ss.o ABSOLUTE
    ../clib/printf.c                         0x00000000   Number         0  __printf_wp.o ABSOLUTE
    ../clib/printf.c                         0x00000000   Number         0  __printf_flags_wp.o ABSOLUTE
    ../clib/printf.c                         0x00000000   Number         0  __printf_ss_wp.o ABSOLUTE
    ../clib/printf.c                         0x00000000   Number         0  __printf_flags_ss_wp.o ABSOLUTE
    ../clib/printf.c                         0x00000000   Number         0  _printf_intcommon.o ABSOLUTE
    ../clib/printf.c                         0x00000000   Number         0  _printf_char_common.o ABSOLUTE
    ../clib/printf.c                         0x00000000   Number         0  _snputc.o ABSOLUTE
    ../clib/printf.c                         0x00000000   Number         0  __printf_nopercent.o ABSOLUTE
    ../clib/printf_percent.s                 0x00000000   Number         0  _printf_d.o ABSOLUTE
    ../clib/printf_percent.s                 0x00000000   Number         0  _printf_percent.o ABSOLUTE
    ../clib/printf_percent.s                 0x00000000   Number         0  _printf_percent_end.o ABSOLUTE
    ../clib/signal.c                         0x00000000   Number         0  defsig_fpe_outer.o ABSOLUTE
    ../clib/signal.c                         0x00000000   Number         0  defsig_fpe_formal.o ABSOLUTE
    ../clib/signal.c                         0x00000000   Number         0  defsig_exit.o ABSOLUTE
    ../clib/signal.c                         0x00000000   Number         0  defsig_fpe_inner.o ABSOLUTE
    ../clib/signal.c                         0x00000000   Number         0  __raise.o ABSOLUTE
    ../clib/signal.c                         0x00000000   Number         0  defsig_general.o ABSOLUTE
    ../clib/signal.c                         0x00000000   Number         0  defsig_abrt_inner.o ABSOLUTE
    ../clib/signal.c                         0x00000000   Number         0  defsig_rtred_inner.o ABSOLUTE
    ../clib/signal.c                         0x00000000   Number         0  defsig_rtmem_inner.o ABSOLUTE
    ../clib/signal.c                         0x00000000   Number         0  defsig_rtmem_outer.o ABSOLUTE
    ../clib/signal.c                         0x00000000   Number         0  defsig_rtmem_formal.o ABSOLUTE
    ../clib/signal.c                         0x00000000   Number         0  defsig_stak_inner.o ABSOLUTE
    ../clib/signal.c                         0x00000000   Number         0  defsig_pvfn_inner.o ABSOLUTE
    ../clib/signal.c                         0x00000000   Number         0  defsig_cppl_inner.o ABSOLUTE
    ../clib/signal.c                         0x00000000   Number         0  defsig_segv_inner.o ABSOLUTE
    ../clib/signal.c                         0x00000000   Number         0  defsig_other.o ABSOLUTE
    ../clib/signal.s                         0x00000000   Number         0  defsig.o ABSOLUTE
    ../clib/stdlib.c                         0x00000000   Number         0  exit.o ABSOLUTE
    ../clib/string.c                         0x00000000   Number         0  strlen.o ABSOLUTE
    ../fplib/cfplib/fpinit.c                 0x00000000   Number         0  fpinit.o ABSOLUTE
    dc.s                                     0x00000000   Number         0  dc.o ABSOLUTE
    main.c                                   0x00000000   Number         0  main.o ABSOLUTE
    startup_stm32f051x8.s                    0x00000000   Number         0  startup_stm32f051x8.o ABSOLUTE
    stm32f0xx_hal.c                          0x00000000   Number         0  stm32f0xx_hal.o ABSOLUTE
    stm32f0xx_hal_cortex.c                   0x00000000   Number         0  stm32f0xx_hal_cortex.o ABSOLUTE
    stm32f0xx_hal_dma.c                      0x00000000   Number         0  stm32f0xx_hal_dma.o ABSOLUTE
    stm32f0xx_hal_exti.c                     0x00000000   Number         0  stm32f0xx_hal_exti.o ABSOLUTE
    stm32f0xx_hal_flash.c                    0x00000000   Number         0  stm32f0xx_hal_flash.o ABSOLUTE
    stm32f0xx_hal_flash_ex.c                 0x00000000   Number         0  stm32f0xx_hal_flash_ex.o ABSOLUTE
    stm32f0xx_hal_gpio.c                     0x00000000   Number         0  stm32f0xx_hal_gpio.o ABSOLUTE
    stm32f0xx_hal_i2c.c                      0x00000000   Number         0  stm32f0xx_hal_i2c.o ABSOLUTE
    stm32f0xx_hal_i2c_ex.c                   0x00000000   Number         0  stm32f0xx_hal_i2c_ex.o ABSOLUTE
    stm32f0xx_hal_msp.c                      0x00000000   Number         0  stm32f0xx_hal_msp.o ABSOLUTE
    stm32f0xx_hal_pwr.c                      0x00000000   Number         0  stm32f0xx_hal_pwr.o ABSOLUTE
    stm32f0xx_hal_pwr_ex.c                   0x00000000   Number         0  stm32f0xx_hal_pwr_ex.o ABSOLUTE
    stm32f0xx_hal_rcc.c                      0x00000000   Number         0  stm32f0xx_hal_rcc.o ABSOLUTE
    stm32f0xx_hal_rcc_ex.c                   0x00000000   Number         0  stm32f0xx_hal_rcc_ex.o ABSOLUTE
    stm32f0xx_hal_uart.c                     0x00000000   Number         0  stm32f0xx_hal_uart.o ABSOLUTE
    stm32f0xx_hal_uart_ex.c                  0x00000000   Number         0  stm32f0xx_hal_uart_ex.o ABSOLUTE
    stm32f0xx_it.c                           0x00000000   Number         0  stm32f0xx_it.o ABSOLUTE
    system_stm32f0xx.c                       0x00000000   Number         0  system_stm32f0xx.o ABSOLUTE
    RESET                                    0x08000000   Section      188  startup_stm32f051x8.o(RESET)
    !!!main                                  0x080000bc   Section        8  __main.o(!!!main)
    !!!scatter                               0x080000c4   Section       84  __scatter.o(!!!scatter)
    !!handler_copy                           0x08000118   Section       26  __scatter_copy.o(!!handler_copy)
    !!handler_null                           0x08000134   Section        2  __scatter.o(!!handler_null)
    !!handler_zi                             0x08000138   Section       28  __scatter_zi.o(!!handler_zi)
    .ARM.Collect$$_printf_percent$$00000000  0x08000154   Section        2  _printf_percent.o(.ARM.Collect$$_printf_percent$$00000000)
    .ARM.Collect$$_printf_percent$$00000009  0x08000156   Section       10  _printf_d.o(.ARM.Collect$$_printf_percent$$00000009)
    .ARM.Collect$$_printf_percent$$00000017  0x08000160   Section        4  _printf_percent_end.o(.ARM.Collect$$_printf_percent$$00000017)
    .ARM.Collect$$libinit$$00000000          0x08000164   Section        2  libinit.o(.ARM.Collect$$libinit$$00000000)
    .ARM.Collect$$libinit$$00000002          0x08000166   Section        0  libinit2.o(.ARM.Collect$$libinit$$00000002)
    .ARM.Collect$$libinit$$00000004          0x08000166   Section        0  libinit2.o(.ARM.Collect$$libinit$$00000004)
    .ARM.Collect$$libinit$$00000006          0x08000166   Section        0  libinit2.o(.ARM.Collect$$libinit$$00000006)
    .ARM.Collect$$libinit$$0000000C          0x08000166   Section        0  libinit2.o(.ARM.Collect$$libinit$$0000000C)
    .ARM.Collect$$libinit$$0000000E          0x08000166   Section        0  libinit2.o(.ARM.Collect$$libinit$$0000000E)
    .ARM.Collect$$libinit$$00000010          0x08000166   Section        0  libinit2.o(.ARM.Collect$$libinit$$00000010)
    .ARM.Collect$$libinit$$00000013          0x08000166   Section        0  libinit2.o(.ARM.Collect$$libinit$$00000013)
    .ARM.Collect$$libinit$$00000015          0x08000166   Section        0  libinit2.o(.ARM.Collect$$libinit$$00000015)
    .ARM.Collect$$libinit$$00000017          0x08000166   Section        0  libinit2.o(.ARM.Collect$$libinit$$00000017)
    .ARM.Collect$$libinit$$00000019          0x08000166   Section        0  libinit2.o(.ARM.Collect$$libinit$$00000019)
    .ARM.Collect$$libinit$$0000001B          0x08000166   Section        0  libinit2.o(.ARM.Collect$$libinit$$0000001B)
    .ARM.Collect$$libinit$$0000001D          0x08000166   Section        0  libinit2.o(.ARM.Collect$$libinit$$0000001D)
    .ARM.Collect$$libinit$$0000001F          0x08000166   Section        0  libinit2.o(.ARM.Collect$$libinit$$0000001F)
    .ARM.Collect$$libinit$$00000021          0x08000166   Section        0  libinit2.o(.ARM.Collect$$libinit$$00000021)
    .ARM.Collect$$libinit$$00000023          0x08000166   Section        0  libinit2.o(.ARM.Collect$$libinit$$00000023)
    .ARM.Collect$$libinit$$00000025          0x08000166   Section        0  libinit2.o(.ARM.Collect$$libinit$$00000025)
    .ARM.Collect$$libinit$$00000027          0x08000166   Section        0  libinit2.o(.ARM.Collect$$libinit$$00000027)
    .ARM.Collect$$libinit$$0000002E          0x08000166   Section        0  libinit2.o(.ARM.Collect$$libinit$$0000002E)
    .ARM.Collect$$libinit$$00000030          0x08000166   Section        0  libinit2.o(.ARM.Collect$$libinit$$00000030)
    .ARM.Collect$$libinit$$00000032          0x08000166   Section        0  libinit2.o(.ARM.Collect$$libinit$$00000032)
    .ARM.Collect$$libinit$$00000034          0x08000166   Section        0  libinit2.o(.ARM.Collect$$libinit$$00000034)
    .ARM.Collect$$libinit$$00000035          0x08000166   Section        2  libinit2.o(.ARM.Collect$$libinit$$00000035)
    .ARM.Collect$$libshutdown$$00000000      0x08000168   Section        2  libshutdown.o(.ARM.Collect$$libshutdown$$00000000)
    .ARM.Collect$$libshutdown$$00000002      0x0800016a   Section        0  libshutdown2.o(.ARM.Collect$$libshutdown$$00000002)
    .ARM.Collect$$libshutdown$$00000004      0x0800016a   Section        0  libshutdown2.o(.ARM.Collect$$libshutdown$$00000004)
    .ARM.Collect$$libshutdown$$00000007      0x0800016a   Section        0  libshutdown2.o(.ARM.Collect$$libshutdown$$00000007)
    .ARM.Collect$$libshutdown$$0000000A      0x0800016a   Section        0  libshutdown2.o(.ARM.Collect$$libshutdown$$0000000A)
    .ARM.Collect$$libshutdown$$0000000C      0x0800016a   Section        0  libshutdown2.o(.ARM.Collect$$libshutdown$$0000000C)
    .ARM.Collect$$libshutdown$$0000000F      0x0800016a   Section        0  libshutdown2.o(.ARM.Collect$$libshutdown$$0000000F)
    .ARM.Collect$$libshutdown$$00000010      0x0800016a   Section        2  libshutdown2.o(.ARM.Collect$$libshutdown$$00000010)
    .ARM.Collect$$rtentry$$00000000          0x0800016c   Section        0  __rtentry.o(.ARM.Collect$$rtentry$$00000000)
    .ARM.Collect$$rtentry$$00000002          0x0800016c   Section        0  __rtentry2.o(.ARM.Collect$$rtentry$$00000002)
    .ARM.Collect$$rtentry$$00000004          0x0800016c   Section        6  __rtentry4.o(.ARM.Collect$$rtentry$$00000004)
    .ARM.Collect$$rtentry$$00000009          0x08000172   Section        0  __rtentry2.o(.ARM.Collect$$rtentry$$00000009)
    .ARM.Collect$$rtentry$$0000000A          0x08000172   Section        4  __rtentry2.o(.ARM.Collect$$rtentry$$0000000A)
    .ARM.Collect$$rtentry$$0000000C          0x08000176   Section        0  __rtentry2.o(.ARM.Collect$$rtentry$$0000000C)
    .ARM.Collect$$rtentry$$0000000D          0x08000176   Section        8  __rtentry2.o(.ARM.Collect$$rtentry$$0000000D)
    .ARM.Collect$$rtexit$$00000000           0x0800017e   Section        2  rtexit.o(.ARM.Collect$$rtexit$$00000000)
    .ARM.Collect$$rtexit$$00000002           0x08000180   Section        0  rtexit2.o(.ARM.Collect$$rtexit$$00000002)
    .ARM.Collect$$rtexit$$00000003           0x08000180   Section        4  rtexit2.o(.ARM.Collect$$rtexit$$00000003)
    .ARM.Collect$$rtexit$$00000004           0x08000184   Section        6  rtexit2.o(.ARM.Collect$$rtexit$$00000004)
    .text                                    0x0800018c   Section       56  startup_stm32f051x8.o(.text)
    .text                                    0x080001c4   Section        0  noretval__2snprintf.o(.text)
    .text                                    0x08000204   Section        0  __printf.o(.text)
    .text                                    0x08000270   Section        0  _printf_dec.o(.text)
    .text                                    0x080002dc   Section        0  strlen.o(.text)
    .text                                    0x08000320   Section        0  rt_memclr.o(.text)
    .text                                    0x08000360   Section        0  heapauxi.o(.text)
    .text                                    0x08000366   Section        0  _printf_intcommon.o(.text)
    _printf_input_char                       0x08000419   Thumb Code    10  _printf_char_common.o(.text)
    .text                                    0x08000418   Section        0  _printf_char_common.o(.text)
    .text                                    0x08000448   Section        0  _snputc.o(.text)
    .text                                    0x08000458   Section        0  rtudiv10.o(.text)
    .text                                    0x08000480   Section       62  sys_stackheap_outer.o(.text)
    .text                                    0x080004be   Section        0  exit.o(.text)
    .text                                    0x080004d0   Section        8  libspace.o(.text)
    .text                                    0x080004d8   Section        0  sys_exit.o(.text)
    .text                                    0x080004e4   Section        2  use_no_semi.o(.text)
    .text                                    0x080004e6   Section        0  indicate_semi.o(.text)
    [Anonymous Symbol]                       0x080004e8   Section        0  stm32f0xx_it.o(.text.DMA1_Channel2_3_IRQHandler)
    __arm_cp.5_0                             0x080004f8   Number         4  stm32f0xx_it.o(.text.DMA1_Channel2_3_IRQHandler)
    __arm_cp.5_1                             0x080004fc   Number         4  stm32f0xx_it.o(.text.DMA1_Channel2_3_IRQHandler)
    [Anonymous Symbol]                       0x08000500   Section        0  main.o(.text.Error_Handler)
    [Anonymous Symbol]                       0x08000508   Section        0  stm32f0xx_hal_dma.o(.text.HAL_DMA_Abort)
    [Anonymous Symbol]                       0x08000546   Section        0  stm32f0xx_hal_dma.o(.text.HAL_DMA_Abort_IT)
    [Anonymous Symbol]                       0x08000588   Section        0  stm32f0xx_hal_dma.o(.text.HAL_DMA_IRQHandler)
    [Anonymous Symbol]                       0x0800065c   Section        0  stm32f0xx_hal_dma.o(.text.HAL_DMA_Init)
    __arm_cp.0_0                             0x080006d0   Number         4  stm32f0xx_hal_dma.o(.text.HAL_DMA_Init)
    __arm_cp.0_1                             0x080006d4   Number         4  stm32f0xx_hal_dma.o(.text.HAL_DMA_Init)
    __arm_cp.0_2                             0x080006d8   Number         4  stm32f0xx_hal_dma.o(.text.HAL_DMA_Init)
    [Anonymous Symbol]                       0x080006dc   Section        0  stm32f0xx_hal.o(.text.HAL_Delay)
    [Anonymous Symbol]                       0x080006fc   Section        0  stm32f0xx_hal_gpio.o(.text.HAL_GPIO_Init)
    __arm_cp.0_0                             0x080008a8   Number         4  stm32f0xx_hal_gpio.o(.text.HAL_GPIO_Init)
    __arm_cp.0_1                             0x080008ac   Number         4  stm32f0xx_hal_gpio.o(.text.HAL_GPIO_Init)
    __arm_cp.0_3                             0x080008b0   Number         4  stm32f0xx_hal_gpio.o(.text.HAL_GPIO_Init)
    __arm_cp.0_4                             0x080008b4   Number         4  stm32f0xx_hal_gpio.o(.text.HAL_GPIO_Init)
    __arm_cp.0_5                             0x080008b8   Number         4  stm32f0xx_hal_gpio.o(.text.HAL_GPIO_Init)
    [Anonymous Symbol]                       0x080008bc   Section        0  stm32f0xx_hal.o(.text.HAL_GetTick)
    [Anonymous Symbol]                       0x080008c4   Section        0  stm32f0xx_hal.o(.text.HAL_IncTick)
    __arm_cp.5_1                             0x080008d4   Number         4  stm32f0xx_hal.o(.text.HAL_IncTick)
    [Anonymous Symbol]                       0x080008d8   Section        0  stm32f0xx_hal.o(.text.HAL_Init)
    [Anonymous Symbol]                       0x080008f4   Section        0  stm32f0xx_hal.o(.text.HAL_InitTick)
    __arm_cp.1_0                             0x08000930   Number         4  stm32f0xx_hal.o(.text.HAL_InitTick)
    [Anonymous Symbol]                       0x08000934   Section        0  stm32f0xx_hal_msp.o(.text.HAL_MspInit)
    __arm_cp.0_0                             0x0800095c   Number         4  stm32f0xx_hal_msp.o(.text.HAL_MspInit)
    [Anonymous Symbol]                       0x08000960   Section        0  stm32f0xx_hal_cortex.o(.text.HAL_NVIC_EnableIRQ)
    __arm_cp.1_0                             0x08000974   Number         4  stm32f0xx_hal_cortex.o(.text.HAL_NVIC_EnableIRQ)
    [Anonymous Symbol]                       0x08000978   Section        0  stm32f0xx_hal_cortex.o(.text.HAL_NVIC_SetPriority)
    __arm_cp.0_0                             0x080009a8   Number         4  stm32f0xx_hal_cortex.o(.text.HAL_NVIC_SetPriority)
    __arm_cp.0_1                             0x080009ac   Number         4  stm32f0xx_hal_cortex.o(.text.HAL_NVIC_SetPriority)
    [Anonymous Symbol]                       0x080009b0   Section        0  stm32f0xx_hal_rcc_ex.o(.text.HAL_RCCEx_PeriphCLKConfig)
    __arm_cp.0_0                             0x08000ac4   Number         4  stm32f0xx_hal_rcc_ex.o(.text.HAL_RCCEx_PeriphCLKConfig)
    __arm_cp.0_1                             0x08000ac8   Number         4  stm32f0xx_hal_rcc_ex.o(.text.HAL_RCCEx_PeriphCLKConfig)
    __arm_cp.0_2                             0x08000acc   Number         4  stm32f0xx_hal_rcc_ex.o(.text.HAL_RCCEx_PeriphCLKConfig)
    [Anonymous Symbol]                       0x08000ad0   Section        0  stm32f0xx_hal_rcc.o(.text.HAL_RCC_ClockConfig)
    __arm_cp.2_0                             0x08000c04   Number         4  stm32f0xx_hal_rcc.o(.text.HAL_RCC_ClockConfig)
    __arm_cp.2_2                             0x08000c08   Number         4  stm32f0xx_hal_rcc.o(.text.HAL_RCC_ClockConfig)
    __arm_cp.2_7                             0x08000c0c   Number         4  stm32f0xx_hal_rcc.o(.text.HAL_RCC_ClockConfig)
    [Anonymous Symbol]                       0x08000c10   Section        0  stm32f0xx_hal_rcc.o(.text.HAL_RCC_GetPCLK1Freq)
    __arm_cp.8_0                             0x08000c24   Number         4  stm32f0xx_hal_rcc.o(.text.HAL_RCC_GetPCLK1Freq)
    __arm_cp.8_2                             0x08000c28   Number         4  stm32f0xx_hal_rcc.o(.text.HAL_RCC_GetPCLK1Freq)
    [Anonymous Symbol]                       0x08000c2c   Section        0  stm32f0xx_hal_rcc.o(.text.HAL_RCC_GetSysClockFreq)
    __arm_cp.3_0                             0x08000c6c   Number         4  stm32f0xx_hal_rcc.o(.text.HAL_RCC_GetSysClockFreq)
    __arm_cp.3_1                             0x08000c70   Number         4  stm32f0xx_hal_rcc.o(.text.HAL_RCC_GetSysClockFreq)
    __arm_cp.3_2                             0x08000c74   Number         4  stm32f0xx_hal_rcc.o(.text.HAL_RCC_GetSysClockFreq)
    __arm_cp.3_3                             0x08000c78   Number         4  stm32f0xx_hal_rcc.o(.text.HAL_RCC_GetSysClockFreq)
    __arm_cp.3_4                             0x08000c7c   Number         4  stm32f0xx_hal_rcc.o(.text.HAL_RCC_GetSysClockFreq)
    [Anonymous Symbol]                       0x08000c80   Section        0  stm32f0xx_hal_rcc.o(.text.HAL_RCC_OscConfig)
    __arm_cp.1_0                             0x0800106c   Number         4  stm32f0xx_hal_rcc.o(.text.HAL_RCC_OscConfig)
    __arm_cp.1_1                             0x08001070   Number         4  stm32f0xx_hal_rcc.o(.text.HAL_RCC_OscConfig)
    __arm_cp.1_2                             0x08001074   Number         4  stm32f0xx_hal_rcc.o(.text.HAL_RCC_OscConfig)
    [Anonymous Symbol]                       0x08001078   Section        0  stm32f0xx_hal_cortex.o(.text.HAL_SYSTICK_Config)
    __arm_cp.4_0                             0x080010a0   Number         4  stm32f0xx_hal_cortex.o(.text.HAL_SYSTICK_Config)
    __arm_cp.4_1                             0x080010a4   Number         4  stm32f0xx_hal_cortex.o(.text.HAL_SYSTICK_Config)
    __arm_cp.4_2                             0x080010a8   Number         4  stm32f0xx_hal_cortex.o(.text.HAL_SYSTICK_Config)
    [Anonymous Symbol]                       0x080010ac   Section        0  stm32f0xx_hal_uart.o(.text.HAL_UARTEx_RxEventCallback)
    [Anonymous Symbol]                       0x080010ae   Section        0  stm32f0xx_hal_uart_ex.o(.text.HAL_UARTEx_WakeupCallback)
    [Anonymous Symbol]                       0x080010b0   Section        0  stm32f0xx_hal_uart.o(.text.HAL_UART_ErrorCallback)
    [Anonymous Symbol]                       0x080010b4   Section        0  stm32f0xx_hal_uart.o(.text.HAL_UART_IRQHandler)
    __arm_cp.40_0                            0x08001494   Number         4  stm32f0xx_hal_uart.o(.text.HAL_UART_IRQHandler)
    __arm_cp.40_1                            0x08001498   Number         4  stm32f0xx_hal_uart.o(.text.HAL_UART_IRQHandler)
    __arm_cp.40_2                            0x0800149c   Number         4  stm32f0xx_hal_uart.o(.text.HAL_UART_IRQHandler)
    [Anonymous Symbol]                       0x080014a0   Section        0  stm32f0xx_hal_uart.o(.text.HAL_UART_Init)
    [Anonymous Symbol]                       0x08001510   Section        0  stm32f0xx_hal_msp.o(.text.HAL_UART_MspInit)
    __arm_cp.1_1                             0x080015d4   Number         4  stm32f0xx_hal_msp.o(.text.HAL_UART_MspInit)
    __arm_cp.1_2                             0x080015d8   Number         4  stm32f0xx_hal_msp.o(.text.HAL_UART_MspInit)
    __arm_cp.1_3                             0x080015dc   Number         4  stm32f0xx_hal_msp.o(.text.HAL_UART_MspInit)
    __arm_cp.1_4                             0x080015e0   Number         4  stm32f0xx_hal_msp.o(.text.HAL_UART_MspInit)
    [Anonymous Symbol]                       0x080015e4   Section        0  stm32f0xx_hal_uart.o(.text.HAL_UART_Receive)
    [Anonymous Symbol]                       0x080016d8   Section        0  stm32f0xx_hal_uart.o(.text.HAL_UART_Receive_IT)
    [Anonymous Symbol]                       0x08001740   Section        0  main.o(.text.HAL_UART_RxCpltCallback)
    __arm_cp.4_0                             0x08001794   Number         4  main.o(.text.HAL_UART_RxCpltCallback)
    __arm_cp.4_1                             0x08001798   Number         4  main.o(.text.HAL_UART_RxCpltCallback)
    __arm_cp.4_2                             0x0800179c   Number         4  main.o(.text.HAL_UART_RxCpltCallback)
    __arm_cp.4_3                             0x080017a0   Number         4  main.o(.text.HAL_UART_RxCpltCallback)
    [Anonymous Symbol]                       0x080017a4   Section        0  stm32f0xx_hal_uart.o(.text.HAL_UART_Transmit)
    __arm_cp.10_0                            0x0800192c   Number         4  stm32f0xx_hal_uart.o(.text.HAL_UART_Transmit)
    [Anonymous Symbol]                       0x08001930   Section        0  stm32f0xx_hal_uart.o(.text.HAL_UART_TxCpltCallback)
    [Anonymous Symbol]                       0x08001932   Section        0  stm32f0xx_it.o(.text.HardFault_Handler)
    [Anonymous Symbol]                       0x08001934   Section        0  stm32f0xx_it.o(.text.NMI_Handler)
    [Anonymous Symbol]                       0x08001936   Section        0  stm32f0xx_it.o(.text.PendSV_Handler)
    [Anonymous Symbol]                       0x08001938   Section        0  stm32f0xx_it.o(.text.SVC_Handler)
    [Anonymous Symbol]                       0x0800193a   Section        0  stm32f0xx_it.o(.text.SysTick_Handler)
    [Anonymous Symbol]                       0x08001942   Section        0  system_stm32f0xx.o(.text.SystemInit)
    [Anonymous Symbol]                       0x08001944   Section        0  stm32f0xx_hal_uart.o(.text.UART_AdvFeatureConfig)
    [Anonymous Symbol]                       0x08001a18   Section        0  stm32f0xx_hal_uart.o(.text.UART_CheckIdleState)
    __arm_cp.4_0                             0x08001ae4   Number         4  stm32f0xx_hal_uart.o(.text.UART_CheckIdleState)
    UART_DMAAbortOnError                     0x08001ae9   Thumb Code    22  stm32f0xx_hal_uart.o(.text.UART_DMAAbortOnError)
    [Anonymous Symbol]                       0x08001ae8   Section        0  stm32f0xx_hal_uart.o(.text.UART_DMAAbortOnError)
    UART_RxISR_16BIT                         0x08001aff   Thumb Code   208  stm32f0xx_hal_uart.o(.text.UART_RxISR_16BIT)
    [Anonymous Symbol]                       0x08001afe   Section        0  stm32f0xx_hal_uart.o(.text.UART_RxISR_16BIT)
    UART_RxISR_8BIT                          0x08001bcf   Thumb Code   210  stm32f0xx_hal_uart.o(.text.UART_RxISR_8BIT)
    [Anonymous Symbol]                       0x08001bce   Section        0  stm32f0xx_hal_uart.o(.text.UART_RxISR_8BIT)
    [Anonymous Symbol]                       0x08001ca0   Section        0  stm32f0xx_hal_uart.o(.text.UART_SetConfig)
    __arm_cp.3_0                             0x08001da4   Number         4  stm32f0xx_hal_uart.o(.text.UART_SetConfig)
    __arm_cp.3_1                             0x08001da8   Number         4  stm32f0xx_hal_uart.o(.text.UART_SetConfig)
    __arm_cp.3_2                             0x08001dac   Number         4  stm32f0xx_hal_uart.o(.text.UART_SetConfig)
    __arm_cp.3_3                             0x08001db0   Number         4  stm32f0xx_hal_uart.o(.text.UART_SetConfig)
    __arm_cp.3_5                             0x08001dc4   Number         4  stm32f0xx_hal_uart.o(.text.UART_SetConfig)
    __arm_cp.3_6                             0x08001dc8   Number         4  stm32f0xx_hal_uart.o(.text.UART_SetConfig)
    [Anonymous Symbol]                       0x08001dcc   Section        0  stm32f0xx_hal_uart.o(.text.UART_Start_Receive_IT)
    __arm_cp.17_0                            0x08001e84   Number         4  stm32f0xx_hal_uart.o(.text.UART_Start_Receive_IT)
    __arm_cp.17_1                            0x08001e88   Number         4  stm32f0xx_hal_uart.o(.text.UART_Start_Receive_IT)
    __arm_cp.17_2                            0x08001e8c   Number         4  stm32f0xx_hal_uart.o(.text.UART_Start_Receive_IT)
    [Anonymous Symbol]                       0x08001e90   Section        0  stm32f0xx_hal_uart.o(.text.UART_WaitOnFlagUntilTimeout)
    [Anonymous Symbol]                       0x0800204c   Section        0  stm32f0xx_it.o(.text.USART1_IRQHandler)
    [Anonymous Symbol]                       0x08002058   Section        0  main.o(.text.main)
    __arm_cp.5_0                             0x0800219c   Number         4  main.o(.text.main)
    __arm_cp.5_1                             0x080021a0   Number         4  main.o(.text.main)
    __arm_cp.5_2                             0x080021a4   Number         4  main.o(.text.main)
    __arm_cp.5_3                             0x080021a8   Number         4  main.o(.text.main)
    __arm_cp.5_4                             0x080021ac   Number         4  main.o(.text.main)
    .text_divfast                            0x080021b0   Section      502  aeabi_sdivfast.o(.text_divfast)
    HAL_RCC_GetSysClockFreq.aPLLMULFactorTable 0x080023be   Data          16  stm32f0xx_hal_rcc.o(.rodata.cst16)
    [Anonymous Symbol]                       0x080023be   Section        0  stm32f0xx_hal_rcc.o(.rodata.cst16)
    HAL_RCC_GetSysClockFreq.aPredivFactorTable 0x080023ce   Data          16  stm32f0xx_hal_rcc.o(.rodata.cst16)
    [Anonymous Symbol]                       0x080023de   Section        0  main.o(.rodata.str1.1)
    [Anonymous Symbol]                       0x20000000   Section        0  main.o(.data..L_MergedGlobals)
    [Anonymous Symbol]                       0x20000018   Section        0  stm32f0xx_hal.o(.data..L_MergedGlobals)
    .bss                                     0x20000028   Section       96  libspace.o(.bss)
    [Anonymous Symbol]                       0x20000088   Section        0  main.o(.bss..L_MergedGlobals.1)
    Heap_Mem                                 0x200001a8   Data         512  startup_stm32f051x8.o(HEAP)
    HEAP                                     0x200001a8   Section      512  startup_stm32f051x8.o(HEAP)
    Stack_Mem                                0x200003a8   Data        1024  startup_stm32f051x8.o(STACK)
    STACK                                    0x200003a8   Section     1024  startup_stm32f051x8.o(STACK)
    __initial_sp                             0x200007a8   Data           0  startup_stm32f051x8.o(STACK)

    Global Symbols

    Symbol Name                              Value     Ov Type        Size  Object(Section)

    BuildAttributes$$THM_ISAv3M$S$PE$A:L22$X:L11$S22$IEEE1$IW$~IW$USESV6$~STKCKD$USESV7$~SHL$OTIME$ROPI$EBA8$UX$STANDARDLIB$REQ8$PRES8$EABIv2 0x00000000   Number         0  anon$$obj.o ABSOLUTE
    __ARM_exceptions_init                     - Undefined Weak Reference
    __alloca_initialize                       - Undefined Weak Reference
    __arm_preinit_                            - Undefined Weak Reference
    __arm_relocate_pie_                       - Undefined Weak Reference
    __cpp_initialize__aeabi_                  - Undefined Weak Reference
    __cxa_finalize                            - Undefined Weak Reference
    __rt_locale                               - Undefined Weak Reference
    __sigvec_lookup                           - Undefined Weak Reference
    _atexit_init                              - Undefined Weak Reference
    _call_atexit_fns                          - Undefined Weak Reference
    _clock_init                               - Undefined Weak Reference
    _fp_trap_init                             - Undefined Weak Reference
    _fp_trap_shutdown                         - Undefined Weak Reference
    _get_lc_collate                           - Undefined Weak Reference
    _get_lc_ctype                             - Undefined Weak Reference
    _get_lc_monetary                          - Undefined Weak Reference
    _get_lc_numeric                           - Undefined Weak Reference
    _get_lc_time                              - Undefined Weak Reference
    _getenv_init                              - Undefined Weak Reference
    _handle_redirection                       - Undefined Weak Reference
    _init_alloc                               - Undefined Weak Reference
    _init_user_alloc                          - Undefined Weak Reference
    _initio                                   - Undefined Weak Reference
    _printf_post_padding                      - Undefined Weak Reference
    _printf_pre_padding                       - Undefined Weak Reference
    _printf_truncate_signed                   - Undefined Weak Reference
    _printf_truncate_unsigned                 - Undefined Weak Reference
    _rand_init                                - Undefined Weak Reference
    _signal_finish                            - Undefined Weak Reference
    _signal_init                              - Undefined Weak Reference
    _terminate_alloc                          - Undefined Weak Reference
    _terminate_user_alloc                     - Undefined Weak Reference
    _terminateio                              - Undefined Weak Reference
    __Vectors_Size                           0x000000bc   Number         0  startup_stm32f051x8.o ABSOLUTE
    __Vectors                                0x08000000   Data           4  startup_stm32f051x8.o(RESET)
    __Vectors_End                            0x080000bc   Data           0  startup_stm32f051x8.o(RESET)
    __main                                   0x080000bd   Thumb Code     8  __main.o(!!!main)
    __scatterload                            0x080000c5   Thumb Code     0  __scatter.o(!!!scatter)
    __scatterload_rt2                        0x080000c5   Thumb Code    74  __scatter.o(!!!scatter)
    __scatterload_rt2_thumb_only             0x080000c5   Thumb Code     0  __scatter.o(!!!scatter)
    __scatterload_loop                       0x080000cf   Thumb Code     0  __scatter.o(!!!scatter)
    __scatterload_copy                       0x08000119   Thumb Code    26  __scatter_copy.o(!!handler_copy)
    __scatterload_null                       0x08000135   Thumb Code     2  __scatter.o(!!handler_null)
    __scatterload_zeroinit                   0x08000139   Thumb Code    28  __scatter_zi.o(!!handler_zi)
    _printf_percent                          0x08000155   Thumb Code     0  _printf_percent.o(.ARM.Collect$$_printf_percent$$00000000)
    _printf_d                                0x08000157   Thumb Code     0  _printf_d.o(.ARM.Collect$$_printf_percent$$00000009)
    _printf_percent_end                      0x08000161   Thumb Code     0  _printf_percent_end.o(.ARM.Collect$$_printf_percent$$00000017)
    __rt_lib_init                            0x08000165   Thumb Code     0  libinit.o(.ARM.Collect$$libinit$$00000000)
    __rt_lib_init_alloca_1                   0x08000167   Thumb Code     0  libinit2.o(.ARM.Collect$$libinit$$00000030)
    __rt_lib_init_argv_1                     0x08000167   Thumb Code     0  libinit2.o(.ARM.Collect$$libinit$$0000002E)
    __rt_lib_init_atexit_1                   0x08000167   Thumb Code     0  libinit2.o(.ARM.Collect$$libinit$$0000001D)
    __rt_lib_init_clock_1                    0x08000167   Thumb Code     0  libinit2.o(.ARM.Collect$$libinit$$00000023)
    __rt_lib_init_cpp_1                      0x08000167   Thumb Code     0  libinit2.o(.ARM.Collect$$libinit$$00000034)
    __rt_lib_init_exceptions_1               0x08000167   Thumb Code     0  libinit2.o(.ARM.Collect$$libinit$$00000032)
    __rt_lib_init_fp_1                       0x08000167   Thumb Code     0  libinit2.o(.ARM.Collect$$libinit$$00000002)
    __rt_lib_init_fp_trap_1                  0x08000167   Thumb Code     0  libinit2.o(.ARM.Collect$$libinit$$00000021)
    __rt_lib_init_getenv_1                   0x08000167   Thumb Code     0  libinit2.o(.ARM.Collect$$libinit$$00000025)
    __rt_lib_init_heap_1                     0x08000167   Thumb Code     0  libinit2.o(.ARM.Collect$$libinit$$0000000C)
    __rt_lib_init_lc_collate_1               0x08000167   Thumb Code     0  libinit2.o(.ARM.Collect$$libinit$$00000013)
    __rt_lib_init_lc_ctype_1                 0x08000167   Thumb Code     0  libinit2.o(.ARM.Collect$$libinit$$00000015)
    __rt_lib_init_lc_monetary_1              0x08000167   Thumb Code     0  libinit2.o(.ARM.Collect$$libinit$$00000017)
    __rt_lib_init_lc_numeric_1               0x08000167   Thumb Code     0  libinit2.o(.ARM.Collect$$libinit$$00000019)
    __rt_lib_init_lc_time_1                  0x08000167   Thumb Code     0  libinit2.o(.ARM.Collect$$libinit$$0000001B)
    __rt_lib_init_preinit_1                  0x08000167   Thumb Code     0  libinit2.o(.ARM.Collect$$libinit$$00000006)
    __rt_lib_init_rand_1                     0x08000167   Thumb Code     0  libinit2.o(.ARM.Collect$$libinit$$00000010)
    __rt_lib_init_relocate_pie_1             0x08000167   Thumb Code     0  libinit2.o(.ARM.Collect$$libinit$$00000004)
    __rt_lib_init_return                     0x08000167   Thumb Code     0  libinit2.o(.ARM.Collect$$libinit$$00000035)
    __rt_lib_init_signal_1                   0x08000167   Thumb Code     0  libinit2.o(.ARM.Collect$$libinit$$0000001F)
    __rt_lib_init_stdio_1                    0x08000167   Thumb Code     0  libinit2.o(.ARM.Collect$$libinit$$00000027)
    __rt_lib_init_user_alloc_1               0x08000167   Thumb Code     0  libinit2.o(.ARM.Collect$$libinit$$0000000E)
    __rt_lib_shutdown                        0x08000169   Thumb Code     0  libshutdown.o(.ARM.Collect$$libshutdown$$00000000)
    __rt_lib_shutdown_cpp_1                  0x0800016b   Thumb Code     0  libshutdown2.o(.ARM.Collect$$libshutdown$$00000002)
    __rt_lib_shutdown_fp_trap_1              0x0800016b   Thumb Code     0  libshutdown2.o(.ARM.Collect$$libshutdown$$00000007)
    __rt_lib_shutdown_heap_1                 0x0800016b   Thumb Code     0  libshutdown2.o(.ARM.Collect$$libshutdown$$0000000F)
    __rt_lib_shutdown_return                 0x0800016b   Thumb Code     0  libshutdown2.o(.ARM.Collect$$libshutdown$$00000010)
    __rt_lib_shutdown_signal_1               0x0800016b   Thumb Code     0  libshutdown2.o(.ARM.Collect$$libshutdown$$0000000A)
    __rt_lib_shutdown_stdio_1                0x0800016b   Thumb Code     0  libshutdown2.o(.ARM.Collect$$libshutdown$$00000004)
    __rt_lib_shutdown_user_alloc_1           0x0800016b   Thumb Code     0  libshutdown2.o(.ARM.Collect$$libshutdown$$0000000C)
    __rt_entry                               0x0800016d   Thumb Code     0  __rtentry.o(.ARM.Collect$$rtentry$$00000000)
    __rt_entry_presh_1                       0x0800016d   Thumb Code     0  __rtentry2.o(.ARM.Collect$$rtentry$$00000002)
    __rt_entry_sh                            0x0800016d   Thumb Code     0  __rtentry4.o(.ARM.Collect$$rtentry$$00000004)
    __rt_entry_li                            0x08000173   Thumb Code     0  __rtentry2.o(.ARM.Collect$$rtentry$$0000000A)
    __rt_entry_postsh_1                      0x08000173   Thumb Code     0  __rtentry2.o(.ARM.Collect$$rtentry$$00000009)
    __rt_entry_main                          0x08000177   Thumb Code     0  __rtentry2.o(.ARM.Collect$$rtentry$$0000000D)
    __rt_entry_postli_1                      0x08000177   Thumb Code     0  __rtentry2.o(.ARM.Collect$$rtentry$$0000000C)
    __rt_exit                                0x0800017f   Thumb Code     0  rtexit.o(.ARM.Collect$$rtexit$$00000000)
    __rt_exit_ls                             0x08000181   Thumb Code     0  rtexit2.o(.ARM.Collect$$rtexit$$00000003)
    __rt_exit_prels_1                        0x08000181   Thumb Code     0  rtexit2.o(.ARM.Collect$$rtexit$$00000002)
    __rt_exit_exit                           0x08000185   Thumb Code     0  rtexit2.o(.ARM.Collect$$rtexit$$00000004)
    Reset_Handler                            0x0800018d   Thumb Code     8  startup_stm32f051x8.o(.text)
    ADC1_COMP_IRQHandler                     0x0800019f   Thumb Code     0  startup_stm32f051x8.o(.text)
    CEC_IRQHandler                           0x0800019f   Thumb Code     0  startup_stm32f051x8.o(.text)
    DMA1_Channel1_IRQHandler                 0x0800019f   Thumb Code     0  startup_stm32f051x8.o(.text)
    DMA1_Channel4_5_IRQHandler               0x0800019f   Thumb Code     0  startup_stm32f051x8.o(.text)
    EXTI0_1_IRQHandler                       0x0800019f   Thumb Code     0  startup_stm32f051x8.o(.text)
    EXTI2_3_IRQHandler                       0x0800019f   Thumb Code     0  startup_stm32f051x8.o(.text)
    EXTI4_15_IRQHandler                      0x0800019f   Thumb Code     0  startup_stm32f051x8.o(.text)
    FLASH_IRQHandler                         0x0800019f   Thumb Code     0  startup_stm32f051x8.o(.text)
    I2C1_IRQHandler                          0x0800019f   Thumb Code     0  startup_stm32f051x8.o(.text)
    I2C2_IRQHandler                          0x0800019f   Thumb Code     0  startup_stm32f051x8.o(.text)
    PVD_IRQHandler                           0x0800019f   Thumb Code     0  startup_stm32f051x8.o(.text)
    RCC_IRQHandler                           0x0800019f   Thumb Code     0  startup_stm32f051x8.o(.text)
    RTC_IRQHandler                           0x0800019f   Thumb Code     0  startup_stm32f051x8.o(.text)
    SPI1_IRQHandler                          0x0800019f   Thumb Code     0  startup_stm32f051x8.o(.text)
    SPI2_IRQHandler                          0x0800019f   Thumb Code     0  startup_stm32f051x8.o(.text)
    TIM14_IRQHandler                         0x0800019f   Thumb Code     0  startup_stm32f051x8.o(.text)
    TIM15_IRQHandler                         0x0800019f   Thumb Code     0  startup_stm32f051x8.o(.text)
    TIM16_IRQHandler                         0x0800019f   Thumb Code     0  startup_stm32f051x8.o(.text)
    TIM17_IRQHandler                         0x0800019f   Thumb Code     0  startup_stm32f051x8.o(.text)
    TIM1_BRK_UP_TRG_COM_IRQHandler           0x0800019f   Thumb Code     0  startup_stm32f051x8.o(.text)
    TIM1_CC_IRQHandler                       0x0800019f   Thumb Code     0  startup_stm32f051x8.o(.text)
    TIM2_IRQHandler                          0x0800019f   Thumb Code     0  startup_stm32f051x8.o(.text)
    TIM3_IRQHandler                          0x0800019f   Thumb Code     0  startup_stm32f051x8.o(.text)
    TIM6_DAC_IRQHandler                      0x0800019f   Thumb Code     0  startup_stm32f051x8.o(.text)
    TSC_IRQHandler                           0x0800019f   Thumb Code     0  startup_stm32f051x8.o(.text)
    USART2_IRQHandler                        0x0800019f   Thumb Code     0  startup_stm32f051x8.o(.text)
    WWDG_IRQHandler                          0x0800019f   Thumb Code     0  startup_stm32f051x8.o(.text)
    __user_initial_stackheap                 0x080001a1   Thumb Code     0  startup_stm32f051x8.o(.text)
    __2snprintf                              0x080001c5   Thumb Code    60  noretval__2snprintf.o(.text)
    __printf                                 0x08000205   Thumb Code   108  __printf.o(.text)
    _printf_int_dec                          0x08000271   Thumb Code    90  _printf_dec.o(.text)
    strlen                                   0x080002dd   Thumb Code    62  strlen.o(.text)
    _memset_w                                0x08000321   Thumb Code    26  rt_memclr.o(.text)
    _memset                                  0x0800033b   Thumb Code    30  rt_memclr.o(.text)
    __aeabi_memclr                           0x08000359   Thumb Code     4  rt_memclr.o(.text)
    __rt_memclr                              0x08000359   Thumb Code     0  rt_memclr.o(.text)
    __aeabi_memclr4                          0x0800035d   Thumb Code     0  rt_memclr.o(.text)
    __aeabi_memclr8                          0x0800035d   Thumb Code     0  rt_memclr.o(.text)
    __rt_memclr_w                            0x0800035d   Thumb Code     4  rt_memclr.o(.text)
    __use_two_region_memory                  0x08000361   Thumb Code     2  heapauxi.o(.text)
    __rt_heap_escrow$2region                 0x08000363   Thumb Code     2  heapauxi.o(.text)
    __rt_heap_expand$2region                 0x08000365   Thumb Code     2  heapauxi.o(.text)
    _printf_int_common                       0x08000367   Thumb Code   176  _printf_intcommon.o(.text)
    _printf_char_common                      0x08000423   Thumb Code    32  _printf_char_common.o(.text)
    _snputc                                  0x08000449   Thumb Code    16  _snputc.o(.text)
    __rt_udiv10                              0x08000459   Thumb Code    40  rtudiv10.o(.text)
    __user_setup_stackheap                   0x08000481   Thumb Code    62  sys_stackheap_outer.o(.text)
    exit                                     0x080004bf   Thumb Code    16  exit.o(.text)
    __user_libspace                          0x080004d1   Thumb Code     8  libspace.o(.text)
    __user_perproc_libspace                  0x080004d1   Thumb Code     0  libspace.o(.text)
    __user_perthread_libspace                0x080004d1   Thumb Code     0  libspace.o(.text)
    _sys_exit                                0x080004d9   Thumb Code     8  sys_exit.o(.text)
    __I$use$semihosting                      0x080004e5   Thumb Code     0  use_no_semi.o(.text)
    __use_no_semihosting_swi                 0x080004e5   Thumb Code     2  use_no_semi.o(.text)
    __semihosting_library_function           0x080004e7   Thumb Code     0  indicate_semi.o(.text)
    DMA1_Channel2_3_IRQHandler               0x080004e9   Thumb Code    16  stm32f0xx_it.o(.text.DMA1_Channel2_3_IRQHandler)
    Error_Handler                            0x08000501   Thumb Code     8  main.o(.text.Error_Handler)
    HAL_DMA_Abort                            0x08000509   Thumb Code    62  stm32f0xx_hal_dma.o(.text.HAL_DMA_Abort)
    HAL_DMA_Abort_IT                         0x08000547   Thumb Code    66  stm32f0xx_hal_dma.o(.text.HAL_DMA_Abort_IT)
    HAL_DMA_IRQHandler                       0x08000589   Thumb Code   210  stm32f0xx_hal_dma.o(.text.HAL_DMA_IRQHandler)
    HAL_DMA_Init                             0x0800065d   Thumb Code   116  stm32f0xx_hal_dma.o(.text.HAL_DMA_Init)
    HAL_Delay                                0x080006dd   Thumb Code    32  stm32f0xx_hal.o(.text.HAL_Delay)
    HAL_GPIO_Init                            0x080006fd   Thumb Code   428  stm32f0xx_hal_gpio.o(.text.HAL_GPIO_Init)
    HAL_GetTick                              0x080008bd   Thumb Code     8  stm32f0xx_hal.o(.text.HAL_GetTick)
    HAL_IncTick                              0x080008c5   Thumb Code    16  stm32f0xx_hal.o(.text.HAL_IncTick)
    HAL_Init                                 0x080008d9   Thumb Code    28  stm32f0xx_hal.o(.text.HAL_Init)
    HAL_InitTick                             0x080008f5   Thumb Code    60  stm32f0xx_hal.o(.text.HAL_InitTick)
    HAL_MspInit                              0x08000935   Thumb Code    40  stm32f0xx_hal_msp.o(.text.HAL_MspInit)
    HAL_NVIC_EnableIRQ                       0x08000961   Thumb Code    20  stm32f0xx_hal_cortex.o(.text.HAL_NVIC_EnableIRQ)
    HAL_NVIC_SetPriority                     0x08000979   Thumb Code    48  stm32f0xx_hal_cortex.o(.text.HAL_NVIC_SetPriority)
    HAL_RCCEx_PeriphCLKConfig                0x080009b1   Thumb Code   276  stm32f0xx_hal_rcc_ex.o(.text.HAL_RCCEx_PeriphCLKConfig)
    HAL_RCC_ClockConfig                      0x08000ad1   Thumb Code   308  stm32f0xx_hal_rcc.o(.text.HAL_RCC_ClockConfig)
    HAL_RCC_GetPCLK1Freq                     0x08000c11   Thumb Code    20  stm32f0xx_hal_rcc.o(.text.HAL_RCC_GetPCLK1Freq)
    HAL_RCC_GetSysClockFreq                  0x08000c2d   Thumb Code    64  stm32f0xx_hal_rcc.o(.text.HAL_RCC_GetSysClockFreq)
    HAL_RCC_OscConfig                        0x08000c81   Thumb Code  1004  stm32f0xx_hal_rcc.o(.text.HAL_RCC_OscConfig)
    HAL_SYSTICK_Config                       0x08001079   Thumb Code    40  stm32f0xx_hal_cortex.o(.text.HAL_SYSTICK_Config)
    HAL_UARTEx_RxEventCallback               0x080010ad   Thumb Code     2  stm32f0xx_hal_uart.o(.text.HAL_UARTEx_RxEventCallback)
    HAL_UARTEx_WakeupCallback                0x080010af   Thumb Code     2  stm32f0xx_hal_uart_ex.o(.text.HAL_UARTEx_WakeupCallback)
    HAL_UART_ErrorCallback                   0x080010b1   Thumb Code     2  stm32f0xx_hal_uart.o(.text.HAL_UART_ErrorCallback)
    HAL_UART_IRQHandler                      0x080010b5   Thumb Code   992  stm32f0xx_hal_uart.o(.text.HAL_UART_IRQHandler)
    HAL_UART_Init                            0x080014a1   Thumb Code   110  stm32f0xx_hal_uart.o(.text.HAL_UART_Init)
    HAL_UART_MspInit                         0x08001511   Thumb Code   196  stm32f0xx_hal_msp.o(.text.HAL_UART_MspInit)
    HAL_UART_Receive                         0x080015e5   Thumb Code   244  stm32f0xx_hal_uart.o(.text.HAL_UART_Receive)
    HAL_UART_Receive_IT                      0x080016d9   Thumb Code   102  stm32f0xx_hal_uart.o(.text.HAL_UART_Receive_IT)
    HAL_UART_RxCpltCallback                  0x08001741   Thumb Code    84  main.o(.text.HAL_UART_RxCpltCallback)
    HAL_UART_Transmit                        0x080017a5   Thumb Code   392  stm32f0xx_hal_uart.o(.text.HAL_UART_Transmit)
    HAL_UART_TxCpltCallback                  0x08001931   Thumb Code     2  stm32f0xx_hal_uart.o(.text.HAL_UART_TxCpltCallback)
    HardFault_Handler                        0x08001933   Thumb Code     2  stm32f0xx_it.o(.text.HardFault_Handler)
    NMI_Handler                              0x08001935   Thumb Code     2  stm32f0xx_it.o(.text.NMI_Handler)
    PendSV_Handler                           0x08001937   Thumb Code     2  stm32f0xx_it.o(.text.PendSV_Handler)
    SVC_Handler                              0x08001939   Thumb Code     2  stm32f0xx_it.o(.text.SVC_Handler)
    SysTick_Handler                          0x0800193b   Thumb Code     8  stm32f0xx_it.o(.text.SysTick_Handler)
    SystemInit                               0x08001943   Thumb Code     2  system_stm32f0xx.o(.text.SystemInit)
    UART_AdvFeatureConfig                    0x08001945   Thumb Code   210  stm32f0xx_hal_uart.o(.text.UART_AdvFeatureConfig)
    UART_CheckIdleState                      0x08001a19   Thumb Code   204  stm32f0xx_hal_uart.o(.text.UART_CheckIdleState)
    UART_SetConfig                           0x08001ca1   Thumb Code   260  stm32f0xx_hal_uart.o(.text.UART_SetConfig)
    UART_Start_Receive_IT                    0x08001dcd   Thumb Code   184  stm32f0xx_hal_uart.o(.text.UART_Start_Receive_IT)
    UART_WaitOnFlagUntilTimeout              0x08001e91   Thumb Code   444  stm32f0xx_hal_uart.o(.text.UART_WaitOnFlagUntilTimeout)
    USART1_IRQHandler                        0x0800204d   Thumb Code    12  stm32f0xx_it.o(.text.USART1_IRQHandler)
    main                                     0x08002059   Thumb Code   324  main.o(.text.main)
    __aeabi_uidiv                            0x080021b1   Thumb Code    68  aeabi_sdivfast.o(.text_divfast)
    __aeabi_idiv                             0x080021f5   Thumb Code   434  aeabi_sdivfast.o(.text_divfast)
    AHBPrescTable                            0x080023a6   Data          16  system_stm32f0xx.o(.rodata.AHBPrescTable)
    APBPrescTable                            0x080023b6   Data           8  system_stm32f0xx.o(.rodata.APBPrescTable)
    Region$$Table$$Base                      0x08002408   Number         0  anon$$obj.o(Region$$Table)
    Region$$Table$$Limit                     0x08002428   Number         0  anon$$obj.o(Region$$Table)
    ball_x                                   0x20000000   Data           4  main.o(.data..L_MergedGlobals)
    ball_y                                   0x20000004   Data           4  main.o(.data..L_MergedGlobals)
    ball_dx                                  0x20000008   Data           4  main.o(.data..L_MergedGlobals)
    ball_dy                                  0x2000000c   Data           4  main.o(.data..L_MergedGlobals)
    platform_x                               0x20000010   Data           4  main.o(.data..L_MergedGlobals)
    platform_y                               0x20000014   Data           4  main.o(.data..L_MergedGlobals)
    uwTickFreq                               0x20000018   Data           1  stm32f0xx_hal.o(.data..L_MergedGlobals)
    uwTickPrio                               0x2000001c   Data           4  stm32f0xx_hal.o(.data..L_MergedGlobals)
    SystemCoreClock                          0x20000020   Data           4  system_stm32f0xx.o(.data.SystemCoreClock)
    __libspace_start                         0x20000028   Data          96  libspace.o(.bss)
    __temporary_stack_top$libspace           0x20000088   Data           0  libspace.o(.bss)
    uart_input                               0x20000088   Data           1  main.o(.bss..L_MergedGlobals.1)
    game_over                                0x2000008c   Data           4  main.o(.bss..L_MergedGlobals.1)
    hdma_usart1_rx                           0x20000090   Data          68  main.o(.bss.hdma_usart1_rx)
    hdma_usart1_tx                           0x200000d4   Data          68  main.o(.bss.hdma_usart1_tx)
    huart1                                   0x20000118   Data         136  main.o(.bss.huart1)
    uwTick                                   0x200001a0   Data           4  stm32f0xx_hal.o(.bss.uwTick)



==============================================================================

Memory Map of the image

  Image Entry point : 0x080000bd

  Load Region LR_IROM1 (Base: 0x08000000, Size: 0x00002450, Max: 0x00010000, ABSOLUTE)

    Execution Region ER_IROM1 (Exec base: 0x08000000, Load base: 0x08000000, Size: 0x00002428, Max: 0x00010000, ABSOLUTE)

    Exec Addr    Load Addr    Size         Type   Attr      Idx    E Section Name        Object

    0x08000000   0x08000000   0x000000bc   Data   RO            3    RESET               startup_stm32f051x8.o
    0x080000bc   0x080000bc   0x00000008   Code   RO          797  * !!!main             c_p.l(__main.o)
    0x080000c4   0x080000c4   0x00000054   Code   RO          985    !!!scatter          c_p.l(__scatter.o)
    0x08000118   0x08000118   0x0000001a   Code   RO          989    !!handler_copy      c_p.l(__scatter_copy.o)
    0x08000132   0x08000132   0x00000002   PAD
    0x08000134   0x08000134   0x00000002   Code   RO          986    !!handler_null      c_p.l(__scatter.o)
    0x08000136   0x08000136   0x00000002   PAD
    0x08000138   0x08000138   0x0000001c   Code   RO          991    !!handler_zi        c_p.l(__scatter_zi.o)
    0x08000154   0x08000154   0x00000002   Code   RO          782    .ARM.Collect$$_printf_percent$$00000000  c_p.l(_printf_percent.o)
    0x08000156   0x08000156   0x0000000a   Code   RO          781    .ARM.Collect$$_printf_percent$$00000009  c_p.l(_printf_d.o)
    0x08000160   0x08000160   0x00000004   Code   RO          810    .ARM.Collect$$_printf_percent$$00000017  c_p.l(_printf_percent_end.o)
    0x08000164   0x08000164   0x00000002   Code   RO          846    .ARM.Collect$$libinit$$00000000  c_p.l(libinit.o)
    0x08000166   0x08000166   0x00000000   Code   RO          860    .ARM.Collect$$libinit$$00000002  c_p.l(libinit2.o)
    0x08000166   0x08000166   0x00000000   Code   RO          862    .ARM.Collect$$libinit$$00000004  c_p.l(libinit2.o)
    0x08000166   0x08000166   0x00000000   Code   RO          864    .ARM.Collect$$libinit$$00000006  c_p.l(libinit2.o)
    0x08000166   0x08000166   0x00000000   Code   RO          867    .ARM.Collect$$libinit$$0000000C  c_p.l(libinit2.o)
    0x08000166   0x08000166   0x00000000   Code   RO          869    .ARM.Collect$$libinit$$0000000E  c_p.l(libinit2.o)
    0x08000166   0x08000166   0x00000000   Code   RO          871    .ARM.Collect$$libinit$$00000010  c_p.l(libinit2.o)
    0x08000166   0x08000166   0x00000000   Code   RO          874    .ARM.Collect$$libinit$$00000013  c_p.l(libinit2.o)
    0x08000166   0x08000166   0x00000000   Code   RO          876    .ARM.Collect$$libinit$$00000015  c_p.l(libinit2.o)
    0x08000166   0x08000166   0x00000000   Code   RO          878    .ARM.Collect$$libinit$$00000017  c_p.l(libinit2.o)
    0x08000166   0x08000166   0x00000000   Code   RO          880    .ARM.Collect$$libinit$$00000019  c_p.l(libinit2.o)
    0x08000166   0x08000166   0x00000000   Code   RO          882    .ARM.Collect$$libinit$$0000001B  c_p.l(libinit2.o)
    0x08000166   0x08000166   0x00000000   Code   RO          884    .ARM.Collect$$libinit$$0000001D  c_p.l(libinit2.o)
    0x08000166   0x08000166   0x00000000   Code   RO          886    .ARM.Collect$$libinit$$0000001F  c_p.l(libinit2.o)
    0x08000166   0x08000166   0x00000000   Code   RO          888    .ARM.Collect$$libinit$$00000021  c_p.l(libinit2.o)
    0x08000166   0x08000166   0x00000000   Code   RO          890    .ARM.Collect$$libinit$$00000023  c_p.l(libinit2.o)
    0x08000166   0x08000166   0x00000000   Code   RO          892    .ARM.Collect$$libinit$$00000025  c_p.l(libinit2.o)
    0x08000166   0x08000166   0x00000000   Code   RO          894    .ARM.Collect$$libinit$$00000027  c_p.l(libinit2.o)
    0x08000166   0x08000166   0x00000000   Code   RO          898    .ARM.Collect$$libinit$$0000002E  c_p.l(libinit2.o)
    0x08000166   0x08000166   0x00000000   Code   RO          900    .ARM.Collect$$libinit$$00000030  c_p.l(libinit2.o)
    0x08000166   0x08000166   0x00000000   Code   RO          902    .ARM.Collect$$libinit$$00000032  c_p.l(libinit2.o)
    0x08000166   0x08000166   0x00000000   Code   RO          904    .ARM.Collect$$libinit$$00000034  c_p.l(libinit2.o)
    0x08000166   0x08000166   0x00000002   Code   RO          905    .ARM.Collect$$libinit$$00000035  c_p.l(libinit2.o)
    0x08000168   0x08000168   0x00000002   Code   RO          940    .ARM.Collect$$libshutdown$$00000000  c_p.l(libshutdown.o)
    0x0800016a   0x0800016a   0x00000000   Code   RO          968    .ARM.Collect$$libshutdown$$00000002  c_p.l(libshutdown2.o)
    0x0800016a   0x0800016a   0x00000000   Code   RO          970    .ARM.Collect$$libshutdown$$00000004  c_p.l(libshutdown2.o)
    0x0800016a   0x0800016a   0x00000000   Code   RO          973    .ARM.Collect$$libshutdown$$00000007  c_p.l(libshutdown2.o)
    0x0800016a   0x0800016a   0x00000000   Code   RO          976    .ARM.Collect$$libshutdown$$0000000A  c_p.l(libshutdown2.o)
    0x0800016a   0x0800016a   0x00000000   Code   RO          978    .ARM.Collect$$libshutdown$$0000000C  c_p.l(libshutdown2.o)
    0x0800016a   0x0800016a   0x00000000   Code   RO          981    .ARM.Collect$$libshutdown$$0000000F  c_p.l(libshutdown2.o)
    0x0800016a   0x0800016a   0x00000002   Code   RO          982    .ARM.Collect$$libshutdown$$00000010  c_p.l(libshutdown2.o)
    0x0800016c   0x0800016c   0x00000000   Code   RO          799    .ARM.Collect$$rtentry$$00000000  c_p.l(__rtentry.o)
    0x0800016c   0x0800016c   0x00000000   Code   RO          814    .ARM.Collect$$rtentry$$00000002  c_p.l(__rtentry2.o)
    0x0800016c   0x0800016c   0x00000006   Code   RO          826    .ARM.Collect$$rtentry$$00000004  c_p.l(__rtentry4.o)
    0x08000172   0x08000172   0x00000000   Code   RO          816    .ARM.Collect$$rtentry$$00000009  c_p.l(__rtentry2.o)
    0x08000172   0x08000172   0x00000004   Code   RO          817    .ARM.Collect$$rtentry$$0000000A  c_p.l(__rtentry2.o)
    0x08000176   0x08000176   0x00000000   Code   RO          819    .ARM.Collect$$rtentry$$0000000C  c_p.l(__rtentry2.o)
    0x08000176   0x08000176   0x00000008   Code   RO          820    .ARM.Collect$$rtentry$$0000000D  c_p.l(__rtentry2.o)
    0x0800017e   0x0800017e   0x00000002   Code   RO          851    .ARM.Collect$$rtexit$$00000000  c_p.l(rtexit.o)
    0x08000180   0x08000180   0x00000000   Code   RO          911    .ARM.Collect$$rtexit$$00000002  c_p.l(rtexit2.o)
    0x08000180   0x08000180   0x00000004   Code   RO          912    .ARM.Collect$$rtexit$$00000003  c_p.l(rtexit2.o)
    0x08000184   0x08000184   0x00000006   Code   RO          913    .ARM.Collect$$rtexit$$00000004  c_p.l(rtexit2.o)
    0x0800018a   0x0800018a   0x00000002   PAD
    0x0800018c   0x0800018c   0x00000038   Code   RO            4    .text               startup_stm32f051x8.o
    0x080001c4   0x080001c4   0x00000040   Code   RO          755    .text               c_p.l(noretval__2snprintf.o)
    0x08000204   0x08000204   0x0000006c   Code   RO          757    .text               c_p.l(__printf.o)
    0x08000270   0x08000270   0x0000006c   Code   RO          759    .text               c_p.l(_printf_dec.o)
    0x080002dc   0x080002dc   0x00000044   Code   RO          783    .text               c_p.l(strlen.o)
    0x08000320   0x08000320   0x00000040   Code   RO          785    .text               c_p.l(rt_memclr.o)
    0x08000360   0x08000360   0x00000006   Code   RO          795    .text               c_p.l(heapauxi.o)
    0x08000366   0x08000366   0x000000b0   Code   RO          804    .text               c_p.l(_printf_intcommon.o)
    0x08000416   0x08000416   0x00000002   PAD
    0x08000418   0x08000418   0x00000030   Code   RO          806    .text               c_p.l(_printf_char_common.o)
    0x08000448   0x08000448   0x00000010   Code   RO          808    .text               c_p.l(_snputc.o)
    0x08000458   0x08000458   0x00000028   Code   RO          811    .text               c_p.l(rtudiv10.o)
    0x08000480   0x08000480   0x0000003e   Code   RO          832    .text               c_p.l(sys_stackheap_outer.o)
    0x080004be   0x080004be   0x00000010   Code   RO          835    .text               c_p.l(exit.o)
    0x080004ce   0x080004ce   0x00000002   PAD
    0x080004d0   0x080004d0   0x00000008   Code   RO          847    .text               c_p.l(libspace.o)
    0x080004d8   0x080004d8   0x0000000c   Code   RO          906    .text               c_p.l(sys_exit.o)
    0x080004e4   0x080004e4   0x00000002   Code   RO          929    .text               c_p.l(use_no_semi.o)
    0x080004e6   0x080004e6   0x00000000   Code   RO          931    .text               c_p.l(indicate_semi.o)
    0x080004e6   0x080004e6   0x00000002   PAD
    0x080004e8   0x080004e8   0x00000018   Code   RO           52    .text.DMA1_Channel2_3_IRQHandler  stm32f0xx_it.o
    0x08000500   0x08000500   0x00000008   Code   RO           25    .text.Error_Handler  main.o
    0x08000508   0x08000508   0x0000003e   Code   RO          550    .text.HAL_DMA_Abort  stm32f0xx_hal_dma.o
    0x08000546   0x08000546   0x00000042   Code   RO          552    .text.HAL_DMA_Abort_IT  stm32f0xx_hal_dma.o
    0x08000588   0x08000588   0x000000d2   Code   RO          556    .text.HAL_DMA_IRQHandler  stm32f0xx_hal_dma.o
    0x0800065a   0x0800065a   0x00000002   PAD
    0x0800065c   0x0800065c   0x00000080   Code   RO          542    .text.HAL_DMA_Init  stm32f0xx_hal_dma.o
    0x080006dc   0x080006dc   0x00000020   Code   RO          308    .text.HAL_Delay     stm32f0xx_hal.o
    0x080006fc   0x080006fc   0x000001c0   Code   RO          518    .text.HAL_GPIO_Init  stm32f0xx_hal_gpio.o
    0x080008bc   0x080008bc   0x00000008   Code   RO          300    .text.HAL_GetTick   stm32f0xx_hal.o
    0x080008c4   0x080008c4   0x00000014   Code   RO          298    .text.HAL_IncTick   stm32f0xx_hal.o
    0x080008d8   0x080008d8   0x0000001c   Code   RO          288    .text.HAL_Init      stm32f0xx_hal.o
    0x080008f4   0x080008f4   0x00000040   Code   RO          290    .text.HAL_InitTick  stm32f0xx_hal.o
    0x08000934   0x08000934   0x0000002c   Code   RO           63    .text.HAL_MspInit   stm32f0xx_hal_msp.o
    0x08000960   0x08000960   0x00000018   Code   RO          576    .text.HAL_NVIC_EnableIRQ  stm32f0xx_hal_cortex.o
    0x08000978   0x08000978   0x00000038   Code   RO          574    .text.HAL_NVIC_SetPriority  stm32f0xx_hal_cortex.o
    0x080009b0   0x080009b0   0x00000120   Code   RO          274    .text.HAL_RCCEx_PeriphCLKConfig  stm32f0xx_hal_rcc_ex.o
    0x08000ad0   0x08000ad0   0x00000140   Code   RO          243    .text.HAL_RCC_ClockConfig  stm32f0xx_hal_rcc.o
    0x08000c10   0x08000c10   0x0000001c   Code   RO          255    .text.HAL_RCC_GetPCLK1Freq  stm32f0xx_hal_rcc.o
    0x08000c2c   0x08000c2c   0x00000054   Code   RO          245    .text.HAL_RCC_GetSysClockFreq  stm32f0xx_hal_rcc.o
    0x08000c80   0x08000c80   0x000003f8   Code   RO          241    .text.HAL_RCC_OscConfig  stm32f0xx_hal_rcc.o
    0x08001078   0x08001078   0x00000034   Code   RO          582    .text.HAL_SYSTICK_Config  stm32f0xx_hal_cortex.o
    0x080010ac   0x080010ac   0x00000002   Code   RO          163    .text.HAL_UARTEx_RxEventCallback  stm32f0xx_hal_uart.o
    0x080010ae   0x080010ae   0x00000002   Code   RO          213    .text.HAL_UARTEx_WakeupCallback  stm32f0xx_hal_uart_ex.o
    0x080010b0   0x080010b0   0x00000002   Code   RO          161    .text.HAL_UART_ErrorCallback  stm32f0xx_hal_uart.o
    0x080010b2   0x080010b2   0x00000002   PAD
    0x080010b4   0x080010b4   0x000003ec   Code   RO          157    .text.HAL_UART_IRQHandler  stm32f0xx_hal_uart.o
    0x080014a0   0x080014a0   0x0000006e   Code   RO           77    .text.HAL_UART_Init  stm32f0xx_hal_uart.o
    0x0800150e   0x0800150e   0x00000002   PAD
    0x08001510   0x08001510   0x000000d4   Code   RO           65    .text.HAL_UART_MspInit  stm32f0xx_hal_msp.o
    0x080015e4   0x080015e4   0x000000f4   Code   RO          101    .text.HAL_UART_Receive  stm32f0xx_hal_uart.o
    0x080016d8   0x080016d8   0x00000066   Code   RO          109    .text.HAL_UART_Receive_IT  stm32f0xx_hal_uart.o
    0x0800173e   0x0800173e   0x00000002   PAD
    0x08001740   0x08001740   0x00000064   Code   RO           19    .text.HAL_UART_RxCpltCallback  main.o
    0x080017a4   0x080017a4   0x0000018c   Code   RO           97    .text.HAL_UART_Transmit  stm32f0xx_hal_uart.o
    0x08001930   0x08001930   0x00000002   Code   RO          165    .text.HAL_UART_TxCpltCallback  stm32f0xx_hal_uart.o
    0x08001932   0x08001932   0x00000002   Code   RO           44    .text.HardFault_Handler  stm32f0xx_it.o
    0x08001934   0x08001934   0x00000002   Code   RO           42    .text.NMI_Handler   stm32f0xx_it.o
    0x08001936   0x08001936   0x00000002   Code   RO           48    .text.PendSV_Handler  stm32f0xx_it.o
    0x08001938   0x08001938   0x00000002   Code   RO           46    .text.SVC_Handler   stm32f0xx_it.o
    0x0800193a   0x0800193a   0x00000008   Code   RO           50    .text.SysTick_Handler  stm32f0xx_it.o
    0x08001942   0x08001942   0x00000002   Code   RO          737    .text.SystemInit    system_stm32f0xx.o
    0x08001944   0x08001944   0x000000d2   Code   RO           81    .text.UART_AdvFeatureConfig  stm32f0xx_hal_uart.o
    0x08001a16   0x08001a16   0x00000002   PAD
    0x08001a18   0x08001a18   0x000000d0   Code   RO           85    .text.UART_CheckIdleState  stm32f0xx_hal_uart.o
    0x08001ae8   0x08001ae8   0x00000016   Code   RO          159    .text.UART_DMAAbortOnError  stm32f0xx_hal_uart.o
    0x08001afe   0x08001afe   0x000000d0   Code   RO          195    .text.UART_RxISR_16BIT  stm32f0xx_hal_uart.o
    0x08001bce   0x08001bce   0x000000d2   Code   RO          197    .text.UART_RxISR_8BIT  stm32f0xx_hal_uart.o
    0x08001ca0   0x08001ca0   0x0000012c   Code   RO           83    .text.UART_SetConfig  stm32f0xx_hal_uart.o
    0x08001dcc   0x08001dcc   0x000000c4   Code   RO          111    .text.UART_Start_Receive_IT  stm32f0xx_hal_uart.o
    0x08001e90   0x08001e90   0x000001bc   Code   RO           99    .text.UART_WaitOnFlagUntilTimeout  stm32f0xx_hal_uart.o
    0x0800204c   0x0800204c   0x0000000c   Code   RO           54    .text.USART1_IRQHandler  stm32f0xx_it.o
    0x08002058   0x08002058   0x00000158   Code   RO           21    .text.main          main.o
    0x080021b0   0x080021b0   0x000001f6   Code   RO          788    .text_divfast       c_p.l(aeabi_sdivfast.o)
    0x080023a6   0x080023a6   0x00000010   Data   RO          742    .rodata.AHBPrescTable  system_stm32f0xx.o
    0x080023b6   0x080023b6   0x00000008   Data   RO          743    .rodata.APBPrescTable  system_stm32f0xx.o
    0x080023be   0x080023be   0x00000020   Data   RO          265    .rodata.cst16       stm32f0xx_hal_rcc.o
    0x080023de   0x080023de   0x00000027   Data   RO           27    .rodata.str1.1      main.o
    0x08002405   0x08002405   0x00000003   PAD
    0x08002408   0x08002408   0x00000020   Data   RO          984    Region$$Table       anon$$obj.o


    Execution Region RW_IRAM1 (Exec base: 0x20000000, Load base: 0x08002428, Size: 0x000007a8, Max: 0x00002000, ABSOLUTE)

    Exec Addr    Load Addr    Size         Type   Attr      Idx    E Section Name        Object

    0x20000000   0x08002428   0x00000018   Data   RW           32    .data..L_MergedGlobals  main.o
    0x20000018   0x08002440   0x00000008   Data   RW          335    .data..L_MergedGlobals  stm32f0xx_hal.o
    0x20000020   0x08002448   0x00000004   Data   RW          741    .data.SystemCoreClock  system_stm32f0xx.o
    0x20000024   0x0800244c   0x00000004   PAD
    0x20000028        -       0x00000060   Zero   RW          848    .bss                c_p.l(libspace.o)
    0x20000088        -       0x00000008   Zero   RW           33    .bss..L_MergedGlobals.1  main.o
    0x20000090        -       0x00000044   Zero   RW           29    .bss.hdma_usart1_rx  main.o
    0x200000d4        -       0x00000044   Zero   RW           30    .bss.hdma_usart1_tx  main.o
    0x20000118        -       0x00000088   Zero   RW           28    .bss.huart1         main.o
    0x200001a0        -       0x00000004   Zero   RW          334    .bss.uwTick         stm32f0xx_hal.o
    0x200001a4   0x0800244c   0x00000004   PAD
    0x200001a8        -       0x00000200   Zero   RW            2    HEAP                startup_stm32f051x8.o
    0x200003a8        -       0x00000400   Zero   RW            1    STACK               startup_stm32f051x8.o


==============================================================================

Image component sizes


      Code (inc. data)   RO Data    RW Data    ZI Data      Debug   Object Name

       452         36         39         24        280       7501   main.o
        56         26        188          0       1536        624   startup_stm32f051x8.o
       152          8          0          8          4       5368   stm32f0xx_hal.o
       132         24          0          0          0       5504   stm32f0xx_hal_cortex.o
       466         12          0          0          0       7987   stm32f0xx_hal_dma.o
       448         20          0          0          0       5009   stm32f0xx_hal_gpio.o
       256         20          0          0          0       5506   stm32f0xx_hal_msp.o
      1448         52         32          0          0       7957   stm32f0xx_hal_rcc.o
       288         12          0          0          0       3265   stm32f0xx_hal_rcc_ex.o
      3660         92          0          0          0      41889   stm32f0xx_hal_uart.o
         2          0          0          0          0       9055   stm32f0xx_hal_uart_ex.o
        52          8          0          0          0       1214   stm32f0xx_it.o
         2          0         24          4          0       1834   system_stm32f0xx.o

    ----------------------------------------------------------------------
      7424        310        318         36       1828     102713   Object Totals
         0          0         32          0          0          0   (incl. Generated)
        10          0          3          0          8          0   (incl. Padding)

    ----------------------------------------------------------------------

      Code (inc. data)   RO Data    RW Data    ZI Data      Debug   Library Member Name

         8          0          0          0          0         68   __main.o
       108          0          0          0          0         76   __printf.o
         0          0          0          0          0          0   __rtentry.o
        12          0          0          0          0          0   __rtentry2.o
         6          0          0          0          0          0   __rtentry4.o
        86         10          0          0          0          0   __scatter.o
        26          0          0          0          0          0   __scatter_copy.o
        28          0          0          0          0          0   __scatter_zi.o
        48          6          0          0          0         88   _printf_char_common.o
        10          0          0          0          0          0   _printf_d.o
       108         18          0          0          0         76   _printf_dec.o
       176          0          0          0          0         84   _printf_intcommon.o
         2          0          0          0          0          0   _printf_percent.o
         4          0          0          0          0          0   _printf_percent_end.o
        16          0          0          0          0         60   _snputc.o
       502          0          0          0          0         92   aeabi_sdivfast.o
        16          0          0          0          0         68   exit.o
         6          0          0          0          0        136   heapauxi.o
         0          0          0          0          0          0   indicate_semi.o
         2          0          0          0          0          0   libinit.o
         2          0          0          0          0          0   libinit2.o
         2          0          0          0          0          0   libshutdown.o
         2          0          0          0          0          0   libshutdown2.o
         8          4          0          0         96         68   libspace.o
        64          4          0          0          0         84   noretval__2snprintf.o
        64          0          0          0          0        108   rt_memclr.o
         2          0          0          0          0          0   rtexit.o
        10          0          0          0          0          0   rtexit2.o
        40          0          0          0          0         60   rtudiv10.o
        68          6          0          0          0         72   strlen.o
        12          4          0          0          0         60   sys_exit.o
        62          0          0          0          0         80   sys_stackheap_outer.o
         2          0          0          0          0         68   use_no_semi.o

    ----------------------------------------------------------------------
      1514         52          0          0         96       1348   Library Totals
        12          0          0          0          0          0   (incl. Padding)

    ----------------------------------------------------------------------

      Code (inc. data)   RO Data    RW Data    ZI Data      Debug   Library Name

      1502         52          0          0         96       1348   c_p.l

    ----------------------------------------------------------------------
      1514         52          0          0         96       1348   Library Totals

    ----------------------------------------------------------------------

==============================================================================


      Code (inc. data)   RO Data    RW Data    ZI Data      Debug   

      8938        362        318         36       1924     103369   Grand Totals
      8938        362        318         36       1924     103369   ELF Image Totals
      8938        362        318         36          0          0   ROM Totals

==============================================================================

    Total RO  Size (Code + RO Data)                 9256 (   9.04kB)
    Total RW  Size (RW Data + ZI Data)              1960 (   1.91kB)
    Total ROM Size (Code + RO Data + RW Data)       9292 (   9.07kB)

==============================================================================

